Archive member included to satisfy reference by file (symbol)

C:/ST/STM32CubeIDE_1.13.2/STM32CubeIDE/plugins/com.st.stm32cube.ide.mcu.externaltools.gnu-tools-for-stm32.11.3.rel1.win32_1.1.1.202309131626/tools/bin/../lib/gcc/arm-none-eabi/11.3.1/../../../../arm-none-eabi/lib/thumb/v7e-m+fp/hard\libc_nano.a(libc_a-exit.o)
                              C:/ST/STM32CubeIDE_1.13.2/STM32CubeIDE/plugins/com.st.stm32cube.ide.mcu.externaltools.gnu-tools-for-stm32.11.3.rel1.win32_1.1.1.202309131626/tools/bin/../lib/gcc/arm-none-eabi/11.3.1/../../../../arm-none-eabi/lib/thumb/v7e-m+fp/hard/crt0.o (exit)
C:/ST/STM32CubeIDE_1.13.2/STM32CubeIDE/plugins/com.st.stm32cube.ide.mcu.externaltools.gnu-tools-for-stm32.11.3.rel1.win32_1.1.1.202309131626/tools/bin/../lib/gcc/arm-none-eabi/11.3.1/../../../../arm-none-eabi/lib/thumb/v7e-m+fp/hard\libc_nano.a(libc_a-findfp.o)
                              ./Middlewares/Third_Party/FreeRTOS/Source/tasks.o (__sf)
C:/ST/STM32CubeIDE_1.13.2/STM32CubeIDE/plugins/com.st.stm32cube.ide.mcu.externaltools.gnu-tools-for-stm32.11.3.rel1.win32_1.1.1.202309131626/tools/bin/../lib/gcc/arm-none-eabi/11.3.1/../../../../arm-none-eabi/lib/thumb/v7e-m+fp/hard\libc_nano.a(libc_a-fwalk.o)
                              C:/ST/STM32CubeIDE_1.13.2/STM32CubeIDE/plugins/com.st.stm32cube.ide.mcu.externaltools.gnu-tools-for-stm32.11.3.rel1.win32_1.1.1.202309131626/tools/bin/../lib/gcc/arm-none-eabi/11.3.1/../../../../arm-none-eabi/lib/thumb/v7e-m+fp/hard\libc_nano.a(libc_a-findfp.o) (_fwalk_sglue)
C:/ST/STM32CubeIDE_1.13.2/STM32CubeIDE/plugins/com.st.stm32cube.ide.mcu.externaltools.gnu-tools-for-stm32.11.3.rel1.win32_1.1.1.202309131626/tools/bin/../lib/gcc/arm-none-eabi/11.3.1/../../../../arm-none-eabi/lib/thumb/v7e-m+fp/hard\libc_nano.a(libc_a-sprintf.o)
                              ./Core/Src/APP_UDS_Diag.o (sprintf)
C:/ST/STM32CubeIDE_1.13.2/STM32CubeIDE/plugins/com.st.stm32cube.ide.mcu.externaltools.gnu-tools-for-stm32.11.3.rel1.win32_1.1.1.202309131626/tools/bin/../lib/gcc/arm-none-eabi/11.3.1/../../../../arm-none-eabi/lib/thumb/v7e-m+fp/hard\libc_nano.a(libc_a-stdio.o)
                              C:/ST/STM32CubeIDE_1.13.2/STM32CubeIDE/plugins/com.st.stm32cube.ide.mcu.externaltools.gnu-tools-for-stm32.11.3.rel1.win32_1.1.1.202309131626/tools/bin/../lib/gcc/arm-none-eabi/11.3.1/../../../../arm-none-eabi/lib/thumb/v7e-m+fp/hard\libc_nano.a(libc_a-findfp.o) (__sread)
C:/ST/STM32CubeIDE_1.13.2/STM32CubeIDE/plugins/com.st.stm32cube.ide.mcu.externaltools.gnu-tools-for-stm32.11.3.rel1.win32_1.1.1.202309131626/tools/bin/../lib/gcc/arm-none-eabi/11.3.1/../../../../arm-none-eabi/lib/thumb/v7e-m+fp/hard\libc_nano.a(libc_a-memset.o)
                              C:/ST/STM32CubeIDE_1.13.2/STM32CubeIDE/plugins/com.st.stm32cube.ide.mcu.externaltools.gnu-tools-for-stm32.11.3.rel1.win32_1.1.1.202309131626/tools/bin/../lib/gcc/arm-none-eabi/11.3.1/../../../../arm-none-eabi/lib/thumb/v7e-m+fp/hard/crt0.o (memset)
C:/ST/STM32CubeIDE_1.13.2/STM32CubeIDE/plugins/com.st.stm32cube.ide.mcu.externaltools.gnu-tools-for-stm32.11.3.rel1.win32_1.1.1.202309131626/tools/bin/../lib/gcc/arm-none-eabi/11.3.1/../../../../arm-none-eabi/lib/thumb/v7e-m+fp/hard\libc_nano.a(libc_a-closer.o)
                              C:/ST/STM32CubeIDE_1.13.2/STM32CubeIDE/plugins/com.st.stm32cube.ide.mcu.externaltools.gnu-tools-for-stm32.11.3.rel1.win32_1.1.1.202309131626/tools/bin/../lib/gcc/arm-none-eabi/11.3.1/../../../../arm-none-eabi/lib/thumb/v7e-m+fp/hard\libc_nano.a(libc_a-stdio.o) (_close_r)
C:/ST/STM32CubeIDE_1.13.2/STM32CubeIDE/plugins/com.st.stm32cube.ide.mcu.externaltools.gnu-tools-for-stm32.11.3.rel1.win32_1.1.1.202309131626/tools/bin/../lib/gcc/arm-none-eabi/11.3.1/../../../../arm-none-eabi/lib/thumb/v7e-m+fp/hard\libc_nano.a(libc_a-reent.o)
                              ./Middlewares/Third_Party/FreeRTOS/Source/tasks.o (_reclaim_reent)
C:/ST/STM32CubeIDE_1.13.2/STM32CubeIDE/plugins/com.st.stm32cube.ide.mcu.externaltools.gnu-tools-for-stm32.11.3.rel1.win32_1.1.1.202309131626/tools/bin/../lib/gcc/arm-none-eabi/11.3.1/../../../../arm-none-eabi/lib/thumb/v7e-m+fp/hard\libc_nano.a(libc_a-impure.o)
                              ./Middlewares/Third_Party/FreeRTOS/Source/tasks.o (_impure_ptr)
C:/ST/STM32CubeIDE_1.13.2/STM32CubeIDE/plugins/com.st.stm32cube.ide.mcu.externaltools.gnu-tools-for-stm32.11.3.rel1.win32_1.1.1.202309131626/tools/bin/../lib/gcc/arm-none-eabi/11.3.1/../../../../arm-none-eabi/lib/thumb/v7e-m+fp/hard\libc_nano.a(libc_a-lseekr.o)
                              C:/ST/STM32CubeIDE_1.13.2/STM32CubeIDE/plugins/com.st.stm32cube.ide.mcu.externaltools.gnu-tools-for-stm32.11.3.rel1.win32_1.1.1.202309131626/tools/bin/../lib/gcc/arm-none-eabi/11.3.1/../../../../arm-none-eabi/lib/thumb/v7e-m+fp/hard\libc_nano.a(libc_a-stdio.o) (_lseek_r)
[...]
Memory Configuration

Name             Origin             Length             Attributes
RAM              0x0000000020000000 0x0000000000020000 xrw
FLASH            0x0000000008000000 0x0000000000080000 xr
*default*        0x0000000000000000 0xffffffffffffffff

Linker script and memory map

LOAD C:/ST/STM32CubeIDE_1.13.2/STM32CubeIDE/plugins/com.st.stm32cube.ide.mcu.externaltools.gnu-tools-for-stm32.11.3.rel1.win32_1.1.1.202309131626/tools/bin/../lib/gcc/arm-none-eabi/11.3.1/thumb/v7e-m+fp/hard/crti.o
LOAD C:/ST/STM32CubeIDE_1.13.2/STM32CubeIDE/plugins/com.st.stm32cube.ide.mcu.externaltools.gnu-tools-for-stm32.11.3.rel1.win32_1.1.1.202309131626/tools/bin/../lib/gcc/arm-none-eabi/11.3.1/thumb/v7e-m+fp/hard/crtbegin.o
LOAD C:/ST/STM32CubeIDE_1.13.2/STM32CubeIDE/plugins/com.st.stm32cube.ide.mcu.externaltools.gnu-tools-for-stm32.11.3.rel1.win32_1.1.1.202309131626/tools/bin/../lib/gcc/arm-none-eabi/11.3.1/../../../../arm-none-eabi/lib/thumb/v7e-m+fp/hard/crt0.o
LOAD ./Core/Src/APP_UDS_Diag.o
LOAD ./Core/Src/CanIf.o
LOAD ./Core/Src/CanNm.o
LOAD ./Core/Src/CanTp.o
LOAD ./Core/Src/can.o
LOAD ./Core/Src/freertos.o
LOAD ./Core/Src/gpio.o
LOAD ./Core/Src/main.o
LOAD ./Core/Src/stm32f4xx_hal_msp.o
LOAD ./Core/Src/stm32f4xx_hal_timebase_tim.o
LOAD ./Core/Src/stm32f4xx_it.o
LOAD ./Core/Src/syscalls.o
LOAD ./Core/Src/sysmem.o
LOAD ./Core/Src/system_stm32f4xx.o
LOAD ./Core/Src/tim.o
LOAD ./Core/Src/usart.o
LOAD ./Core/Startup/startup_stm32f446retx.o
LOAD ./Drivers/STM32F4xx_HAL_Driver/Src/stm32f4xx_hal.o
LOAD ./Drivers/STM32F4xx_HAL_Driver/Src/stm32f4xx_hal_can.o
LOAD ./Drivers/STM32F4xx_HAL_Driver/Src/stm32f4xx_hal_cortex.o
LOAD ./Drivers/STM32F4xx_HAL_Driver/Src/stm32f4xx_hal_dma.o
LOAD ./Drivers/STM32F4xx_HAL_Driver/Src/stm32f4xx_hal_dma_ex.o
LOAD ./Drivers/STM32F4xx_HAL_Driver/Src/stm32f4xx_hal_exti.o
LOAD ./Drivers/STM32F4xx_HAL_Driver/Src/stm32f4xx_hal_flash.o
LOAD ./Drivers/STM32F4xx_HAL_Driver/Src/stm32f4xx_hal_flash_ex.o
LOAD ./Drivers/STM32F4xx_HAL_Driver/Src/stm32f4xx_hal_flash_ramfunc.o
LOAD ./Drivers/STM32F4xx_HAL_Driver/Src/stm32f4xx_hal_gpio.o
LOAD ./Drivers/STM32F4xx_HAL_Driver/Src/stm32f4xx_hal_pwr.o
LOAD ./Drivers/STM32F4xx_HAL_Driver/Src/stm32f4xx_hal_pwr_ex.o
LOAD ./Drivers/STM32F4xx_HAL_Driver/Src/stm32f4xx_hal_rcc.o
LOAD ./Drivers/STM32F4xx_HAL_Driver/Src/stm32f4xx_hal_rcc_ex.o
LOAD ./Drivers/STM32F4xx_HAL_Driver/Src/stm32f4xx_hal_tim.o
LOAD ./Drivers/STM32F4xx_HAL_Driver/Src/stm32f4xx_hal_tim_ex.o
LOAD ./Drivers/STM32F4xx_HAL_Driver/Src/stm32f4xx_hal_uart.o
LOAD ./Middlewares/Third_Party/FreeRTOS/Source/CMSIS_RTOS/cmsis_os.o
LOAD ./Middlewares/Third_Party/FreeRTOS/Source/croutine.o
LOAD ./Middlewares/Third_Party/FreeRTOS/Source/event_groups.o
LOAD ./Middlewares/Third_Party/FreeRTOS/Source/list.o
LOAD ./Middlewares/Third_Party/FreeRTOS/Source/queue.o
LOAD ./Middlewares/Third_Party/FreeRTOS/Source/stream_buffer.o
LOAD ./Middlewares/Third_Party/FreeRTOS/Source/tasks.o
LOAD ./Middlewares/Third_Party/FreeRTOS/Source/timers.o
LOAD ./Middlewares/Third_Party/FreeRTOS/Source/portable/GCC/ARM_CM4F/port.o
LOAD ./Middlewares/Third_Party/FreeRTOS/Source/portable/MemMang/heap_4.o
START GROUP
LOAD C:/ST/STM32CubeIDE_1.13.2/STM32CubeIDE/plugins/com.st.stm32cube.ide.mcu.externaltools.gnu-tools-for-stm32.11.3.rel1.win32_1.1.1.202309131626/tools/bin/../lib/gcc/arm-none-eabi/11.3.1/../../../../arm-none-eabi/lib/thumb/v7e-m+fp/hard\libc_nano.a
LOAD C:/ST/STM32CubeIDE_1.13.2/STM32CubeIDE/plugins/com.st.stm32cube.ide.mcu.externaltools.gnu-tools-for-stm32.11.3.rel1.win32_1.1.1.202309131626/tools/bin/../lib/gcc/arm-none-eabi/11.3.1/../../../../arm-none-eabi/lib/thumb/v7e-m+fp/hard\libm.a
END GROUP
START GROUP
LOAD C:/ST/STM32CubeIDE_1.13.2/STM32CubeIDE/plugins/com.st.stm32cube.ide.mcu.externaltools.gnu-tools-for-stm32.11.3.rel1.win32_1.1.1.202309131626/tools/bin/../lib/gcc/arm-none-eabi/11.3.1/thumb/v7e-m+fp/hard\libgcc.a
LOAD C:/ST/STM32CubeIDE_1.13.2/STM32CubeIDE/plugins/com.st.stm32cube.ide.mcu.externaltools.gnu-tools-for-stm32.11.3.rel1.win32_1.1.1.202309131626/tools/bin/../lib/gcc/arm-none-eabi/11.3.1/../../../../arm-none-eabi/lib/thumb/v7e-m+fp/hard\libc_nano.a
END GROUP
START GROUP
LOAD C:/ST/STM32CubeIDE_1.13.2/STM32CubeIDE/plugins/com.st.stm32cube.ide.mcu.externaltools.gnu-tools-for-stm32.11.3.rel1.win32_1.1.1.202309131626/tools/bin/../lib/gcc/arm-none-eabi/11.3.1/thumb/v7e-m+fp/hard\libgcc.a
LOAD C:/ST/STM32CubeIDE_1.13.2/STM32CubeIDE/plugins/com.st.stm32cube.ide.mcu.externaltools.gnu-tools-for-stm32.11.3.rel1.win32_1.1.1.202309131626/tools/bin/../lib/gcc/arm-none-eabi/11.3.1/../../../../arm-none-eabi/lib/thumb/v7e-m+fp/hard\libc_nano.a
LOAD C:/ST/STM32CubeIDE_1.13.2/STM32CubeIDE/plugins/com.st.stm32cube.ide.mcu.externaltools.gnu-tools-for-stm32.11.3.rel1.win32_1.1.1.202309131626/tools/bin/../lib/gcc/arm-none-eabi/11.3.1/../../../../arm-none-eabi/lib/thumb/v7e-m+fp/hard\libnosys.a
END GROUP
START GROUP
LOAD C:/ST/STM32CubeIDE_1.13.2/STM32CubeIDE/plugins/com.st.stm32cube.ide.mcu.externaltools.gnu-tools-for-stm32.11.3.rel1.win32_1.1.1.202309131626/tools/bin/../lib/gcc/arm-none-eabi/11.3.1/thumb/v7e-m+fp/hard\libgcc.a
LOAD C:/ST/STM32CubeIDE_1.13.2/STM32CubeIDE/plugins/com.st.stm32cube.ide.mcu.externaltools.gnu-tools-for-stm32.11.3.rel1.win32_1.1.1.202309131626/tools/bin/../lib/gcc/arm-none-eabi/11.3.1/../../../../arm-none-eabi/lib/thumb/v7e-m+fp/hard\libc_nano.a
LOAD C:/ST/STM32CubeIDE_1.13.2/STM32CubeIDE/plugins/com.st.stm32cube.ide.mcu.externaltools.gnu-tools-for-stm32.11.3.rel1.win32_1.1.1.202309131626/tools/bin/../lib/gcc/arm-none-eabi/11.3.1/../../../../arm-none-eabi/lib/thumb/v7e-m+fp/hard\libnosys.a
END GROUP
LOAD C:/ST/STM32CubeIDE_1.13.2/STM32CubeIDE/plugins/com.st.stm32cube.ide.mcu.externaltools.gnu-tools-for-stm32.11.3.rel1.win32_1.1.1.202309131626/tools/bin/../lib/gcc/arm-none-eabi/11.3.1/thumb/v7e-m+fp/hard/crtend.o
LOAD C:/ST/STM32CubeIDE_1.13.2/STM32CubeIDE/plugins/com.st.stm32cube.ide.mcu.externaltools.gnu-tools-for-stm32.11.3.rel1.win32_1.1.1.202309131626/tools/bin/../lib/gcc/arm-none-eabi/11.3.1/thumb/v7e-m+fp/hard/crtn.o
                0x0000000020020000                _estack = (ORIGIN (RAM) + LENGTH (RAM))
                0x0000000000000200                _Min_Heap_Size = 0x200
                0x0000000000000400                _Min_Stack_Size = 0x400

.isr_vector     0x0000000008000000      0x1c4
                0x0000000008000000                . = ALIGN (0x4)
 *(.isr_vector)
 .isr_vector    0x0000000008000000      0x1c4 ./Core/Startup/startup_stm32f446retx.o
                0x0000000008000000                g_pfnVectors
                0x00000000080001c4                . = ALIGN (0x4)

.text           0x00000000080001d0     0x690c
                0x00000000080001d0                . = ALIGN (0x4)
 *(.text)
 .text          0x00000000080001d0       0x40 C:/ST/STM32CubeIDE_1.13.2/STM32CubeIDE/plugins/com.st.stm32cube.ide.mcu.externaltools.gnu-tools-for-stm32.11.3.rel1.win32_1.1.1.202309131626/tools/bin/../lib/gcc/arm-none-eabi/11.3.1/thumb/v7e-m+fp/hard/crtbegin.o
 .text          0x0000000008000210       0x30 C:/ST/STM32CubeIDE_1.13.2/STM32CubeIDE/plugins/com.st.stm32cube.ide.mcu.externaltools.gnu-tools-for-stm32.11.3.rel1.win32_1.1.1.202309131626/tools/bin/../lib/gcc/arm-none-eabi/11.3.1/thumb/v7e-m+fp/hard\libgcc.a(_aeabi_uldivmod.o)
                0x0000000008000210                __aeabi_uldivmod
 .text          0x0000000008000240      0x2c8 C:/ST/STM32CubeIDE_1.13.2/STM32CubeIDE/plugins/com.st.stm32cube.ide.mcu.externaltools.gnu-tools-for-stm32.11.3.rel1.win32_1.1.1.202309131626/tools/bin/../lib/gcc/arm-none-eabi/11.3.1/thumb/v7e-m+fp/hard\libgcc.a(_udivmoddi4.o)
                0x0000000008000240                __udivmoddi4
 .text          0x0000000008000508        0x4 C:/ST/STM32CubeIDE_1.13.2/STM32CubeIDE/plugins/com.st.stm32cube.ide.mcu.externaltools.gnu-tools-for-stm32.11.3.rel1.win32_1.1.1.202309131626/tools/bin/../lib/gcc/arm-none-eabi/11.3.1/thumb/v7e-m+fp/hard\libgcc.a(_dvmd_tls.o)
                0x0000000008000508                __aeabi_idiv0
                0x0000000008000508                __aeabi_ldiv0
 *(.text*)
 .text.UDS_Write_Data_Server
                0x000000000800050c      0x124 ./Core/Src/APP_UDS_Diag.o
                0x000000000800050c                UDS_Write_Data_Server
 .text.UDS_Send_Pos_Res
                0x0000000008000630       0xec ./Core/Src/APP_UDS_Diag.o
                0x0000000008000630                UDS_Send_Pos_Res
 .text.UDS_Send_Neg_Res
                0x000000000800071c       0x48 ./Core/Src/APP_UDS_Diag.o
                0x000000000800071c                UDS_Send_Neg_Res
 .text.UDS_Tester_Presenter_Server
                0x0000000008000764       0x3c ./Core/Src/APP_UDS_Diag.o
                0x0000000008000764                UDS_Tester_Presenter_Server
 .text.reset_timer
                0x00000000080007a0       0x1c ./Core/Src/APP_UDS_Diag.o
                0x00000000080007a0                reset_timer
 .text.start_timer
                0x00000000080007bc       0x14 ./Core/Src/APP_UDS_Diag.o
                0x00000000080007bc                start_timer
 .text.UDS_Control_Session_Server
                0x00000000080007d0       0x90 ./Core/Src/APP_UDS_Diag.o
                0x00000000080007d0                UDS_Control_Session_Server
 .text.Sec_u32GetSeed
                0x0000000008000860       0x18 ./Core/Src/APP_UDS_Diag.o
                0x0000000008000860                Sec_u32GetSeed
 .text.Sec_u32GetAlgorithm
                0x0000000008000878       0x10 ./Core/Src/APP_UDS_Diag.o
                0x0000000008000878                Sec_u32GetAlgorithm
 .text.Sec_u32GetKey
                0x0000000008000888       0x28 ./Core/Src/APP_UDS_Diag.o
                0x0000000008000888                Sec_u32GetKey
 .text.Sec_uint32SecurityAccess
                0x00000000080008b0      0x124 ./Core/Src/APP_UDS_Diag.o
                0x00000000080008b0                Sec_uint32SecurityAccess
 .text.UDS_Read_Data_Server
                0x00000000080009d4      0x140 ./Core/Src/APP_UDS_Diag.o
                0x00000000080009d4                UDS_Read_Data_Server
 .text.server_call_back
                0x0000000008000b14      0x1e4 ./Core/Src/APP_UDS_Diag.o
                0x0000000008000b14                server_call_back
 .text.HAL_CAN_RxFifo0MsgPendingCallback
                0x0000000008000cf8       0x38 ./Core/Src/CanIf.o
                0x0000000008000cf8                HAL_CAN_RxFifo0MsgPendingCallback
 .text.CanIf_Transmit
                0x0000000008000d30       0x5c ./Core/Src/CanIf.o
                0x0000000008000d30                CanIf_Transmit
 .text.CanIf_Receive
                0x0000000008000d8c       0xd4 ./Core/Src/CanIf.o
                0x0000000008000d8c                CanIf_Receive
 .text.CanIf_setCallback
                0x0000000008000e60       0x24 ./Core/Src/CanIf.o
                0x0000000008000e60                CanIf_setCallback
 .text.CanTp_Init
                0x0000000008000e84       0x14 ./Core/Src/CanTp.o
                0x0000000008000e84                CanTp_Init
 .text.CanTp_MainFunction
                0x0000000008000e98      0x274 ./Core/Src/CanTp.o
                0x0000000008000e98                CanTp_MainFunction
 .text.CanTp_Transmit
                0x000000000800110c       0x38 ./Core/Src/CanTp.o
                0x000000000800110c                CanTp_Transmit
 .text.CanTp_RxIndication
                0x0000000008001144       0x38 ./Core/Src/CanTp.o
                0x0000000008001144                CanTp_RxIndication
 .text.CanTp_GetFrameType
                0x000000000800117c       0x28 ./Core/Src/CanTp.o
                0x000000000800117c                CanTp_GetFrameType
 .text.CanTp_setCallback
                0x00000000080011a4       0x24 ./Core/Src/CanTp.o
                0x00000000080011a4                CanTp_setCallback
 .text.CanTp_encodeSingleFrame
                0x00000000080011c8       0x94 ./Core/Src/CanTp.o
                0x00000000080011c8                CanTp_encodeSingleFrame
 .text.CanTp_encodeFirstFrame
                0x000000000800125c       0x80 ./Core/Src/CanTp.o
                0x000000000800125c                CanTp_encodeFirstFrame
 .text.CanTp_encodeConsecutiveFrame
                0x00000000080012dc       0xcc ./Core/Src/CanTp.o
                0x00000000080012dc                CanTp_encodeConsecutiveFrame
 .text.CanTp_encodeFlowControlFrame
                0x00000000080013a8       0x68 ./Core/Src/CanTp.o
                0x00000000080013a8                CanTp_encodeFlowControlFrame
 .text.CanTp_decodeSingleFrame
                0x0000000008001410       0x6c ./Core/Src/CanTp.o
                0x0000000008001410                CanTp_decodeSingleFrame
 .text.CanTp_decodeFirstFrame
                0x000000000800147c       0x70 ./Core/Src/CanTp.o
                0x000000000800147c                CanTp_decodeFirstFrame
 .text.CanTp_decodeConsecutiveFrame
                0x00000000080014ec       0xa0 ./Core/Src/CanTp.o
                0x00000000080014ec                CanTp_decodeConsecutiveFrame
 .text.CanTp_decodeFlowControlFrame
                0x000000000800158c       0x74 ./Core/Src/CanTp.o
                0x000000000800158c                CanTp_decodeFlowControlFrame
 .text.CanTp_ConnectData
                0x0000000008001600       0x74 ./Core/Src/CanTp.o
                0x0000000008001600                CanTp_ConnectData
 .text.MX_CAN1_Init
                0x0000000008001674       0xa8 ./Core/Src/can.o
                0x0000000008001674                MX_CAN1_Init
 .text.HAL_CAN_MspInit
                0x000000000800171c       0xb0 ./Core/Src/can.o
                0x000000000800171c                HAL_CAN_MspInit
 .text.vApplicationGetIdleTaskMemory
                0x00000000080017cc       0x34 ./Core/Src/freertos.o
                0x00000000080017cc                vApplicationGetIdleTaskMemory
 .text.MX_FREERTOS_Init
                0x0000000008001800       0x38 ./Core/Src/freertos.o
                0x0000000008001800                MX_FREERTOS_Init
 .text.StartDefaultTask
                0x0000000008001838       0x10 ./Core/Src/freertos.o
                0x0000000008001838                StartDefaultTask
 .text.MX_GPIO_Init
                0x0000000008001848       0xdc ./Core/Src/gpio.o
                0x0000000008001848                MX_GPIO_Init
 .text.main     0x0000000008001924       0x84 ./Core/Src/main.o
                0x0000000008001924                main
 .text.SystemClock_Config
                0x00000000080019a8       0xdc ./Core/Src/main.o
                0x00000000080019a8                SystemClock_Config
 .text.HAL_TIM_PeriodElapsedCallback
                0x0000000008001a84       0x74 ./Core/Src/main.o
                0x0000000008001a84                HAL_TIM_PeriodElapsedCallback
 .text.Error_Handler
                0x0000000008001af8        0xa ./Core/Src/main.o
                0x0000000008001af8                Error_Handler
 *fill*         0x0000000008001b02        0x2 
 .text.HAL_MspInit
                0x0000000008001b04       0x58 ./Core/Src/stm32f4xx_hal_msp.o
                0x0000000008001b04                HAL_MspInit
 .text.HAL_InitTick
                0x0000000008001b5c       0xe4 ./Core/Src/stm32f4xx_hal_timebase_tim.o
                0x0000000008001b5c                HAL_InitTick
 .text.NMI_Handler
                0x0000000008001c40        0x6 ./Core/Src/stm32f4xx_it.o
                0x0000000008001c40                NMI_Handler
 .text.HardFault_Handler
                0x0000000008001c46        0x6 ./Core/Src/stm32f4xx_it.o
                0x0000000008001c46                HardFault_Handler
 .text.MemManage_Handler
                0x0000000008001c4c        0x6 ./Core/Src/stm32f4xx_it.o
                0x0000000008001c4c                MemManage_Handler
 .text.BusFault_Handler
                0x0000000008001c52        0x6 ./Core/Src/stm32f4xx_it.o
                0x0000000008001c52                BusFault_Handler
 .text.UsageFault_Handler
                0x0000000008001c58        0x6 ./Core/Src/stm32f4xx_it.o
                0x0000000008001c58                UsageFault_Handler
 .text.DebugMon_Handler
                0x0000000008001c5e        0xe ./Core/Src/stm32f4xx_it.o
                0x0000000008001c5e                DebugMon_Handler
 .text.CAN1_RX0_IRQHandler
                0x0000000008001c6c       0x14 ./Core/Src/stm32f4xx_it.o
                0x0000000008001c6c                CAN1_RX0_IRQHandler
 .text.CAN1_RX1_IRQHandler
                0x0000000008001c80       0x14 ./Core/Src/stm32f4xx_it.o
                0x0000000008001c80                CAN1_RX1_IRQHandler
 .text.TIM1_UP_TIM10_IRQHandler
                0x0000000008001c94       0x14 ./Core/Src/stm32f4xx_it.o
                0x0000000008001c94                TIM1_UP_TIM10_IRQHandler
 .text.USART2_IRQHandler
                0x0000000008001ca8       0x14 ./Core/Src/stm32f4xx_it.o
                0x0000000008001ca8                USART2_IRQHandler
 .text.TIM6_DAC_IRQHandler
                0x0000000008001cbc       0x14 ./Core/Src/stm32f4xx_it.o
                0x0000000008001cbc                TIM6_DAC_IRQHandler
 .text.SystemInit
                0x0000000008001cd0       0x24 ./Core/Src/system_stm32f4xx.o
                0x0000000008001cd0                SystemInit
 .text.MX_TIM6_Init
                0x0000000008001cf4       0x6c ./Core/Src/tim.o
                0x0000000008001cf4                MX_TIM6_Init
 .text.HAL_TIM_Base_MspInit
                0x0000000008001d60       0x50 ./Core/Src/tim.o
                0x0000000008001d60                HAL_TIM_Base_MspInit
 .text.MX_USART2_UART_Init
                0x0000000008001db0       0x54 ./Core/Src/usart.o
                0x0000000008001db0                MX_USART2_UART_Init
 .text.HAL_UART_MspInit
                0x0000000008001e04       0xa0 ./Core/Src/usart.o
                0x0000000008001e04                HAL_UART_MspInit
 .text.Reset_Handler
                0x0000000008001ea4       0x50 ./Core/Startup/startup_stm32f446retx.o
                0x0000000008001ea4                Reset_Handler
 .text.Default_Handler
                0x0000000008001ef4        0x2 ./Core/Startup/startup_stm32f446retx.o
                0x0000000008001ef4                RTC_Alarm_IRQHandler
                0x0000000008001ef4                EXTI2_IRQHandler
                0x0000000008001ef4                TIM8_CC_IRQHandler
                0x0000000008001ef4                FMPI2C1_EV_IRQHandler
                0x0000000008001ef4                SPI4_IRQHandler
                0x0000000008001ef4                TIM1_CC_IRQHandler
                0x0000000008001ef4                DMA2_Stream5_IRQHandler
                0x0000000008001ef4                DMA1_Stream5_IRQHandler
                0x0000000008001ef4                PVD_IRQHandler
                0x0000000008001ef4                SDIO_IRQHandler
                0x0000000008001ef4                TAMP_STAMP_IRQHandler
                0x0000000008001ef4                CAN2_RX1_IRQHandler
                0x0000000008001ef4                EXTI3_IRQHandler
                0x0000000008001ef4                TIM8_TRG_COM_TIM14_IRQHandler
                0x0000000008001ef4                TIM8_UP_TIM13_IRQHandler
                0x0000000008001ef4                I2C3_ER_IRQHandler
                0x0000000008001ef4                EXTI0_IRQHandler
                0x0000000008001ef4                I2C2_EV_IRQHandler
                0x0000000008001ef4                DMA1_Stream2_IRQHandler
                0x0000000008001ef4                FPU_IRQHandler
                0x0000000008001ef4                OTG_HS_WKUP_IRQHandler
                0x0000000008001ef4                CAN2_SCE_IRQHandler
                0x0000000008001ef4                DMA2_Stream2_IRQHandler
                0x0000000008001ef4                SPI1_IRQHandler
                0x0000000008001ef4                TIM1_BRK_TIM9_IRQHandler
                0x0000000008001ef4                DCMI_IRQHandler
                0x0000000008001ef4                CAN2_RX0_IRQHandler
                0x0000000008001ef4                DMA2_Stream3_IRQHandler
                0x0000000008001ef4                SAI2_IRQHandler
                0x0000000008001ef4                USART6_IRQHandler
                0x0000000008001ef4                USART3_IRQHandler
                0x0000000008001ef4                UART5_IRQHandler
                0x0000000008001ef4                DMA2_Stream0_IRQHandler
                0x0000000008001ef4                TIM4_IRQHandler
                0x0000000008001ef4                QUADSPI_IRQHandler
                0x0000000008001ef4                I2C1_EV_IRQHandler
                0x0000000008001ef4                DMA1_Stream6_IRQHandler
                0x0000000008001ef4                DMA1_Stream1_IRQHandler
                0x0000000008001ef4                UART4_IRQHandler
                0x0000000008001ef4                TIM3_IRQHandler
                0x0000000008001ef4                RCC_IRQHandler
                0x0000000008001ef4                TIM8_BRK_TIM12_IRQHandler
                0x0000000008001ef4                Default_Handler
                0x0000000008001ef4                CEC_IRQHandler
                0x0000000008001ef4                EXTI15_10_IRQHandler
                0x0000000008001ef4                ADC_IRQHandler
                0x0000000008001ef4                DMA1_Stream7_IRQHandler
                0x0000000008001ef4                TIM7_IRQHandler
                0x0000000008001ef4                CAN2_TX_IRQHandler
                0x0000000008001ef4                TIM5_IRQHandler
                0x0000000008001ef4                DMA2_Stream7_IRQHandler
                0x0000000008001ef4                I2C3_EV_IRQHandler
                0x0000000008001ef4                EXTI9_5_IRQHandler
                0x0000000008001ef4                RTC_WKUP_IRQHandler
                0x0000000008001ef4                SPDIF_RX_IRQHandler
                0x0000000008001ef4                SPI2_IRQHandler
                0x0000000008001ef4                OTG_HS_EP1_IN_IRQHandler
                0x0000000008001ef4                DMA1_Stream0_IRQHandler
                0x0000000008001ef4                CAN1_TX_IRQHandler
                0x0000000008001ef4                FMPI2C1_ER_IRQHandler
                0x0000000008001ef4                EXTI4_IRQHandler
                0x0000000008001ef4                OTG_HS_EP1_OUT_IRQHandler
                0x0000000008001ef4                WWDG_IRQHandler
                0x0000000008001ef4                TIM2_IRQHandler
                0x0000000008001ef4                OTG_FS_WKUP_IRQHandler
                0x0000000008001ef4                TIM1_TRG_COM_TIM11_IRQHandler
                0x0000000008001ef4                OTG_HS_IRQHandler
                0x0000000008001ef4                EXTI1_IRQHandler
                0x0000000008001ef4                I2C2_ER_IRQHandler
                0x0000000008001ef4                DMA2_Stream1_IRQHandler
                0x0000000008001ef4                CAN1_SCE_IRQHandler
                0x0000000008001ef4                FLASH_IRQHandler
                0x0000000008001ef4                DMA2_Stream4_IRQHandler
                0x0000000008001ef4                USART1_IRQHandler
                0x0000000008001ef4                OTG_FS_IRQHandler
                0x0000000008001ef4                SPI3_IRQHandler
                0x0000000008001ef4                DMA1_Stream4_IRQHandler
                0x0000000008001ef4                I2C1_ER_IRQHandler
                0x0000000008001ef4                FMC_IRQHandler
                0x0000000008001ef4                DMA2_Stream6_IRQHandler
                0x0000000008001ef4                SAI1_IRQHandler
                0x0000000008001ef4                DMA1_Stream3_IRQHandler
 *fill*         0x0000000008001ef6        0x2 
 .text.HAL_Init
                0x0000000008001ef8       0x44 ./Drivers/STM32F4xx_HAL_Driver/Src/stm32f4xx_hal.o
                0x0000000008001ef8                HAL_Init
 .text.HAL_IncTick
                0x0000000008001f3c       0x28 ./Drivers/STM32F4xx_HAL_Driver/Src/stm32f4xx_hal.o
                0x0000000008001f3c                HAL_IncTick
 .text.HAL_GetTick
                0x0000000008001f64       0x18 ./Drivers/STM32F4xx_HAL_Driver/Src/stm32f4xx_hal.o
                0x0000000008001f64                HAL_GetTick
 .text.HAL_CAN_Init
                0x0000000008001f7c      0x1f6 ./Drivers/STM32F4xx_HAL_Driver/Src/stm32f4xx_hal_can.o
                0x0000000008001f7c                HAL_CAN_Init
 *fill*         0x0000000008002172        0x2 
 .text.HAL_CAN_ConfigFilter
                0x0000000008002174      0x1c0 ./Drivers/STM32F4xx_HAL_Driver/Src/stm32f4xx_hal_can.o
                0x0000000008002174                HAL_CAN_ConfigFilter
 .text.HAL_CAN_Start
                0x0000000008002334       0x88 ./Drivers/STM32F4xx_HAL_Driver/Src/stm32f4xx_hal_can.o
                0x0000000008002334                HAL_CAN_Start
 .text.HAL_CAN_AddTxMessage
                0x00000000080023bc      0x1b6 ./Drivers/STM32F4xx_HAL_Driver/Src/stm32f4xx_hal_can.o
                0x00000000080023bc                HAL_CAN_AddTxMessage
 .text.HAL_CAN_GetTxMailboxesFreeLevel
                0x0000000008002572       0x6a ./Drivers/STM32F4xx_HAL_Driver/Src/stm32f4xx_hal_can.o
                0x0000000008002572                HAL_CAN_GetTxMailboxesFreeLevel
 .text.HAL_CAN_GetRxMessage
                0x00000000080025dc      0x224 ./Drivers/STM32F4xx_HAL_Driver/Src/stm32f4xx_hal_can.o
                0x00000000080025dc                HAL_CAN_GetRxMessage
 .text.HAL_CAN_ActivateNotification
                0x0000000008002800       0x4c ./Drivers/STM32F4xx_HAL_Driver/Src/stm32f4xx_hal_can.o
                0x0000000008002800                HAL_CAN_ActivateNotification
 .text.HAL_CAN_IRQHandler
                0x000000000800284c      0x36e ./Drivers/STM32F4xx_HAL_Driver/Src/stm32f4xx_hal_can.o
                0x000000000800284c                HAL_CAN_IRQHandler
 .text.HAL_CAN_TxMailbox0CompleteCallback
                0x0000000008002bba       0x14 ./Drivers/STM32F4xx_HAL_Driver/Src/stm32f4xx_hal_can.o
                0x0000000008002bba                HAL_CAN_TxMailbox0CompleteCallback
 .text.HAL_CAN_TxMailbox1CompleteCallback
                0x0000000008002bce       0x14 ./Drivers/STM32F4xx_HAL_Driver/Src/stm32f4xx_hal_can.o
                0x0000000008002bce                HAL_CAN_TxMailbox1CompleteCallback
 .text.HAL_CAN_TxMailbox2CompleteCallback
                0x0000000008002be2       0x14 ./Drivers/STM32F4xx_HAL_Driver/Src/stm32f4xx_hal_can.o
                0x0000000008002be2                HAL_CAN_TxMailbox2CompleteCallback
 .text.HAL_CAN_TxMailbox0AbortCallback
                0x0000000008002bf6       0x14 ./Drivers/STM32F4xx_HAL_Driver/Src/stm32f4xx_hal_can.o
                0x0000000008002bf6                HAL_CAN_TxMailbox0AbortCallback
 .text.HAL_CAN_TxMailbox1AbortCallback
                0x0000000008002c0a       0x14 ./Drivers/STM32F4xx_HAL_Driver/Src/stm32f4xx_hal_can.o
                0x0000000008002c0a                HAL_CAN_TxMailbox1AbortCallback
 .text.HAL_CAN_TxMailbox2AbortCallback
                0x0000000008002c1e       0x14 ./Drivers/STM32F4xx_HAL_Driver/Src/stm32f4xx_hal_can.o
                0x0000000008002c1e                HAL_CAN_TxMailbox2AbortCallback
 .text.HAL_CAN_RxFifo0FullCallback
                0x0000000008002c32       0x14 ./Drivers/STM32F4xx_HAL_Driver/Src/stm32f4xx_hal_can.o
                0x0000000008002c32                HAL_CAN_RxFifo0FullCallback
 .text.HAL_CAN_RxFifo1MsgPendingCallback
                0x0000000008002c46       0x14 ./Drivers/STM32F4xx_HAL_Driver/Src/stm32f4xx_hal_can.o
                0x0000000008002c46                HAL_CAN_RxFifo1MsgPendingCallback
 .text.HAL_CAN_RxFifo1FullCallback
                0x0000000008002c5a       0x14 ./Drivers/STM32F4xx_HAL_Driver/Src/stm32f4xx_hal_can.o
                0x0000000008002c5a                HAL_CAN_RxFifo1FullCallback
 .text.HAL_CAN_SleepCallback
                0x0000000008002c6e       0x14 ./Drivers/STM32F4xx_HAL_Driver/Src/stm32f4xx_hal_can.o
                0x0000000008002c6e                HAL_CAN_SleepCallback
 .text.HAL_CAN_WakeUpFromRxMsgCallback
                0x0000000008002c82       0x14 ./Drivers/STM32F4xx_HAL_Driver/Src/stm32f4xx_hal_can.o
                0x0000000008002c82                HAL_CAN_WakeUpFromRxMsgCallback
 .text.HAL_CAN_ErrorCallback
                0x0000000008002c96       0x14 ./Drivers/STM32F4xx_HAL_Driver/Src/stm32f4xx_hal_can.o
                0x0000000008002c96                HAL_CAN_ErrorCallback
 *fill*         0x0000000008002caa        0x2 
 .text.__NVIC_SetPriorityGrouping
                0x0000000008002cac       0x48 ./Drivers/STM32F4xx_HAL_Driver/Src/stm32f4xx_hal_cortex.o
 .text.__NVIC_GetPriorityGrouping
                0x0000000008002cf4       0x1c ./Drivers/STM32F4xx_HAL_Driver/Src/stm32f4xx_hal_cortex.o
 .text.__NVIC_EnableIRQ
                0x0000000008002d10       0x3c ./Drivers/STM32F4xx_HAL_Driver/Src/stm32f4xx_hal_cortex.o
 .text.__NVIC_SetPriority
                0x0000000008002d4c       0x54 ./Drivers/STM32F4xx_HAL_Driver/Src/stm32f4xx_hal_cortex.o
 .text.NVIC_EncodePriority
                0x0000000008002da0       0x66 ./Drivers/STM32F4xx_HAL_Driver/Src/stm32f4xx_hal_cortex.o
 .text.HAL_NVIC_SetPriorityGrouping
                0x0000000008002e06       0x16 ./Drivers/STM32F4xx_HAL_Driver/Src/stm32f4xx_hal_cortex.o
                0x0000000008002e06                HAL_NVIC_SetPriorityGrouping
 .text.HAL_NVIC_SetPriority
                0x0000000008002e1c       0x38 ./Drivers/STM32F4xx_HAL_Driver/Src/stm32f4xx_hal_cortex.o
                0x0000000008002e1c                HAL_NVIC_SetPriority
 .text.HAL_NVIC_EnableIRQ
                0x0000000008002e54       0x1c ./Drivers/STM32F4xx_HAL_Driver/Src/stm32f4xx_hal_cortex.o
                0x0000000008002e54                HAL_NVIC_EnableIRQ
 .text.HAL_DMA_Abort
                0x0000000008002e70       0xe0 ./Drivers/STM32F4xx_HAL_Driver/Src/stm32f4xx_hal_dma.o
                0x0000000008002e70                HAL_DMA_Abort
 .text.HAL_DMA_Abort_IT
                0x0000000008002f50       0x44 ./Drivers/STM32F4xx_HAL_Driver/Src/stm32f4xx_hal_dma.o
                0x0000000008002f50                HAL_DMA_Abort_IT
 .text.HAL_GPIO_Init
                0x0000000008002f94      0x328 ./Drivers/STM32F4xx_HAL_Driver/Src/stm32f4xx_hal_gpio.o
                0x0000000008002f94                HAL_GPIO_Init
 .text.HAL_GPIO_WritePin
                0x00000000080032bc       0x32 ./Drivers/STM32F4xx_HAL_Driver/Src/stm32f4xx_hal_gpio.o
                0x00000000080032bc                HAL_GPIO_WritePin
 .text.HAL_GPIO_TogglePin
                0x00000000080032ee       0x34 ./Drivers/STM32F4xx_HAL_Driver/Src/stm32f4xx_hal_gpio.o
                0x00000000080032ee                HAL_GPIO_TogglePin
 *fill*         0x0000000008003322        0x2 
 .text.HAL_RCC_ClockConfig
                0x0000000008003324      0x1cc ./Drivers/STM32F4xx_HAL_Driver/Src/stm32f4xx_hal_rcc.o
                0x0000000008003324                HAL_RCC_ClockConfig
 .text.HAL_RCC_GetHCLKFreq
                0x00000000080034f0       0x18 ./Drivers/STM32F4xx_HAL_Driver/Src/stm32f4xx_hal_rcc.o
                0x00000000080034f0                HAL_RCC_GetHCLKFreq
 .text.HAL_RCC_GetPCLK1Freq
                0x0000000008003508       0x28 ./Drivers/STM32F4xx_HAL_Driver/Src/stm32f4xx_hal_rcc.o
                0x0000000008003508                HAL_RCC_GetPCLK1Freq
 .text.HAL_RCC_GetPCLK2Freq
                0x0000000008003530       0x28 ./Drivers/STM32F4xx_HAL_Driver/Src/stm32f4xx_hal_rcc.o
                0x0000000008003530                HAL_RCC_GetPCLK2Freq
 .text.HAL_RCC_GetClockConfig
                0x0000000008003558       0x64 ./Drivers/STM32F4xx_HAL_Driver/Src/stm32f4xx_hal_rcc.o
                0x0000000008003558                HAL_RCC_GetClockConfig
 .text.HAL_RCC_GetSysClockFreq
                0x00000000080035bc      0x460 ./Drivers/STM32F4xx_HAL_Driver/Src/stm32f4xx_hal_rcc_ex.o
                0x00000000080035bc                HAL_RCC_GetSysClockFreq
 .text.HAL_RCC_OscConfig
                0x0000000008003a1c      0x53c ./Drivers/STM32F4xx_HAL_Driver/Src/stm32f4xx_hal_rcc_ex.o
                0x0000000008003a1c                HAL_RCC_OscConfig
 .text.HAL_TIM_Base_Init
                0x0000000008003f58       0x9e ./Drivers/STM32F4xx_HAL_Driver/Src/stm32f4xx_hal_tim.o
                0x0000000008003f58                HAL_TIM_Base_Init
 *fill*         0x0000000008003ff6        0x2 
 .text.HAL_TIM_Base_Start_IT
                0x0000000008003ff8       0xe0 ./Drivers/STM32F4xx_HAL_Driver/Src/stm32f4xx_hal_tim.o
                0x0000000008003ff8                HAL_TIM_Base_Start_IT
 .text.HAL_TIM_Base_Stop_IT
                0x00000000080040d8       0x5e ./Drivers/STM32F4xx_HAL_Driver/Src/stm32f4xx_hal_tim.o
                0x00000000080040d8                HAL_TIM_Base_Stop_IT
 .text.HAL_TIM_IRQHandler
                0x0000000008004136      0x210 ./Drivers/STM32F4xx_HAL_Driver/Src/stm32f4xx_hal_tim.o
                0x0000000008004136                HAL_TIM_IRQHandler
 .text.HAL_TIM_OC_DelayElapsedCallback
                0x0000000008004346       0x14 ./Drivers/STM32F4xx_HAL_Driver/Src/stm32f4xx_hal_tim.o
                0x0000000008004346                HAL_TIM_OC_DelayElapsedCallback
 .text.HAL_TIM_IC_CaptureCallback
                0x000000000800435a       0x14 ./Drivers/STM32F4xx_HAL_Driver/Src/stm32f4xx_hal_tim.o
                0x000000000800435a                HAL_TIM_IC_CaptureCallback
 .text.HAL_TIM_PWM_PulseFinishedCallback
                0x000000000800436e       0x14 ./Drivers/STM32F4xx_HAL_Driver/Src/stm32f4xx_hal_tim.o
                0x000000000800436e                HAL_TIM_PWM_PulseFinishedCallback
 .text.HAL_TIM_TriggerCallback
                0x0000000008004382       0x14 ./Drivers/STM32F4xx_HAL_Driver/Src/stm32f4xx_hal_tim.o
                0x0000000008004382                HAL_TIM_TriggerCallback
 *fill*         0x0000000008004396        0x2 
 .text.TIM_Base_SetConfig
                0x0000000008004398      0x140 ./Drivers/STM32F4xx_HAL_Driver/Src/stm32f4xx_hal_tim.o
                0x0000000008004398                TIM_Base_SetConfig
 .text.HAL_TIMEx_MasterConfigSynchronization
                0x00000000080044d8       0xf8 ./Drivers/STM32F4xx_HAL_Driver/Src/stm32f4xx_hal_tim_ex.o
                0x00000000080044d8                HAL_TIMEx_MasterConfigSynchronization
 .text.HAL_TIMEx_CommutCallback
                0x00000000080045d0       0x14 ./Drivers/STM32F4xx_HAL_Driver/Src/stm32f4xx_hal_tim_ex.o
                0x00000000080045d0                HAL_TIMEx_CommutCallback
 .text.HAL_TIMEx_BreakCallback
                0x00000000080045e4       0x14 ./Drivers/STM32F4xx_HAL_Driver/Src/stm32f4xx_hal_tim_ex.o
                0x00000000080045e4                HAL_TIMEx_BreakCallback
 .text.HAL_UART_Init
                0x00000000080045f8       0x9a ./Drivers/STM32F4xx_HAL_Driver/Src/stm32f4xx_hal_uart.o
                0x00000000080045f8                HAL_UART_Init
 *fill*         0x0000000008004692        0x2 
 .text.HAL_UART_IRQHandler
                0x0000000008004694      0x51c ./Drivers/STM32F4xx_HAL_Driver/Src/stm32f4xx_hal_uart.o
                0x0000000008004694                HAL_UART_IRQHandler
 .text.HAL_UART_TxCpltCallback
                0x0000000008004bb0       0x14 ./Drivers/STM32F4xx_HAL_Driver/Src/stm32f4xx_hal_uart.o
                0x0000000008004bb0                HAL_UART_TxCpltCallback
 .text.HAL_UART_RxCpltCallback
                0x0000000008004bc4       0x14 ./Drivers/STM32F4xx_HAL_Driver/Src/stm32f4xx_hal_uart.o
                0x0000000008004bc4                HAL_UART_RxCpltCallback
 .text.HAL_UART_ErrorCallback
                0x0000000008004bd8       0x14 ./Drivers/STM32F4xx_HAL_Driver/Src/stm32f4xx_hal_uart.o
                0x0000000008004bd8                HAL_UART_ErrorCallback
 .text.HAL_UARTEx_RxEventCallback
                0x0000000008004bec       0x18 ./Drivers/STM32F4xx_HAL_Driver/Src/stm32f4xx_hal_uart.o
                0x0000000008004bec                HAL_UARTEx_RxEventCallback
 .text.UART_EndRxTransfer
                0x0000000008004c04       0xc6 ./Drivers/STM32F4xx_HAL_Driver/Src/stm32f4xx_hal_uart.o
 .text.UART_DMAAbortOnError
                0x0000000008004cca       0x28 ./Drivers/STM32F4xx_HAL_Driver/Src/stm32f4xx_hal_uart.o
 .text.UART_Transmit_IT
                0x0000000008004cf2       0xa0 ./Drivers/STM32F4xx_HAL_Driver/Src/stm32f4xx_hal_uart.o
 .text.UART_EndTransmit_IT
                0x0000000008004d92       0x30 ./Drivers/STM32F4xx_HAL_Driver/Src/stm32f4xx_hal_uart.o
 .text.UART_Receive_IT
                0x0000000008004dc2      0x176 ./Drivers/STM32F4xx_HAL_Driver/Src/stm32f4xx_hal_uart.o
 .text.UART_SetConfig
                0x0000000008004f38      0x4e8 ./Drivers/STM32F4xx_HAL_Driver/Src/stm32f4xx_hal_uart.o
 .text.makeFreeRtosPriority
                0x0000000008005420       0x30 ./Middlewares/Third_Party/FreeRTOS/Source/CMSIS_RTOS/cmsis_os.o
 .text.osKernelStart
                0x0000000008005450        0xe ./Middlewares/Third_Party/FreeRTOS/Source/CMSIS_RTOS/cmsis_os.o
                0x0000000008005450                osKernelStart
 .text.osThreadCreate
                0x000000000800545e       0x98 ./Middlewares/Third_Party/FreeRTOS/Source/CMSIS_RTOS/cmsis_os.o
                0x000000000800545e                osThreadCreate
 .text.osDelay  0x00000000080054f6       0x28 ./Middlewares/Third_Party/FreeRTOS/Source/CMSIS_RTOS/cmsis_os.o
                0x00000000080054f6                osDelay
 .text.vListInitialise
                0x000000000800551e       0x40 ./Middlewares/Third_Party/FreeRTOS/Source/list.o
                0x000000000800551e                vListInitialise
 .text.vListInitialiseItem
                0x000000000800555e       0x1a ./Middlewares/Third_Party/FreeRTOS/Source/list.o
                0x000000000800555e                vListInitialiseItem
 .text.vListInsertEnd
                0x0000000008005578       0x48 ./Middlewares/Third_Party/FreeRTOS/Source/list.o
                0x0000000008005578                vListInsertEnd
 .text.vListInsert
                0x00000000080055c0       0x72 ./Middlewares/Third_Party/FreeRTOS/Source/list.o
                0x00000000080055c0                vListInsert
 .text.uxListRemove
                0x0000000008005632       0x54 ./Middlewares/Third_Party/FreeRTOS/Source/list.o
                0x0000000008005632                uxListRemove
 .text.xTaskCreateStatic
                0x0000000008005686       0xba ./Middlewares/Third_Party/FreeRTOS/Source/tasks.o
                0x0000000008005686                xTaskCreateStatic
 .text.xTaskCreate
                0x0000000008005740       0x8a ./Middlewares/Third_Party/FreeRTOS/Source/tasks.o
                0x0000000008005740                xTaskCreate
 *fill*         0x00000000080057ca        0x2 
 .text.prvInitialiseNewTask
                0x00000000080057cc      0x13c ./Middlewares/Third_Party/FreeRTOS/Source/tasks.o
 .text.prvAddNewTaskToReadyList
                0x0000000008005908       0xd4 ./Middlewares/Third_Party/FreeRTOS/Source/tasks.o
 .text.vTaskDelay
                0x00000000080059dc       0x68 ./Middlewares/Third_Party/FreeRTOS/Source/tasks.o
                0x00000000080059dc                vTaskDelay
 .text.vTaskStartScheduler
                0x0000000008005a44       0xd4 ./Middlewares/Third_Party/FreeRTOS/Source/tasks.o
                0x0000000008005a44                vTaskStartScheduler
 .text.vTaskSuspendAll
                0x0000000008005b18       0x1c ./Middlewares/Third_Party/FreeRTOS/Source/tasks.o
                0x0000000008005b18                vTaskSuspendAll
 .text.xTaskResumeAll
                0x0000000008005b34      0x138 ./Middlewares/Third_Party/FreeRTOS/Source/tasks.o
                0x0000000008005b34                xTaskResumeAll
 .text.xTaskIncrementTick
                0x0000000008005c6c      0x170 ./Middlewares/Third_Party/FreeRTOS/Source/tasks.o
                0x0000000008005c6c                xTaskIncrementTick
 .text.vTaskSwitchContext
                0x0000000008005ddc       0xc4 ./Middlewares/Third_Party/FreeRTOS/Source/tasks.o
                0x0000000008005ddc                vTaskSwitchContext
 .text.prvIdleTask
                0x0000000008005ea0       0x30 ./Middlewares/Third_Party/FreeRTOS/Source/tasks.o
 .text.prvInitialiseTaskLists
                0x0000000008005ed0       0x80 ./Middlewares/Third_Party/FreeRTOS/Source/tasks.o
 .text.prvCheckTasksWaitingTermination
                0x0000000008005f50       0x5c ./Middlewares/Third_Party/FreeRTOS/Source/tasks.o
 .text.prvDeleteTCB
                0x0000000008005fac       0x68 ./Middlewares/Third_Party/FreeRTOS/Source/tasks.o
 .text.prvResetNextTaskUnblockTime
                0x0000000008006014       0x40 ./Middlewares/Third_Party/FreeRTOS/Source/tasks.o
 .text.prvAddCurrentTaskToDelayedList
                0x0000000008006054       0xcc ./Middlewares/Third_Party/FreeRTOS/Source/tasks.o
 .text.pxPortInitialiseStack
                0x0000000008006120       0x68 ./Middlewares/Third_Party/FreeRTOS/Source/portable/GCC/ARM_CM4F/port.o
                0x0000000008006120                pxPortInitialiseStack
 .text.prvTaskExitError
                0x0000000008006188       0x58 ./Middlewares/Third_Party/FreeRTOS/Source/portable/GCC/ARM_CM4F/port.o
 .text.SVC_Handler
                0x00000000080061e0       0x28 ./Middlewares/Third_Party/FreeRTOS/Source/portable/GCC/ARM_CM4F/port.o
                0x00000000080061e0                SVC_Handler
 .text.prvPortStartFirstTask
                0x0000000008006208       0x28 ./Middlewares/Third_Party/FreeRTOS/Source/portable/GCC/ARM_CM4F/port.o
 .text.xPortStartScheduler
                0x0000000008006230      0x144 ./Middlewares/Third_Party/FreeRTOS/Source/portable/GCC/ARM_CM4F/port.o
                0x0000000008006230                xPortStartScheduler
 .text.vPortEnterCritical
                0x0000000008006374       0x60 ./Middlewares/Third_Party/FreeRTOS/Source/portable/GCC/ARM_CM4F/port.o
                0x0000000008006374                vPortEnterCritical
 .text.vPortExitCritical
                0x00000000080063d4       0x54 ./Middlewares/Third_Party/FreeRTOS/Source/portable/GCC/ARM_CM4F/port.o
                0x00000000080063d4                vPortExitCritical
 *fill*         0x0000000008006428        0x8 
 .text.PendSV_Handler
                0x0000000008006430       0x68 ./Middlewares/Third_Party/FreeRTOS/Source/portable/GCC/ARM_CM4F/port.o
                0x0000000008006430                PendSV_Handler
 .text.SysTick_Handler
                0x0000000008006498       0x44 ./Middlewares/Third_Party/FreeRTOS/Source/portable/GCC/ARM_CM4F/port.o
                0x0000000008006498                SysTick_Handler
 .text.vPortSetupTimerInterrupt
                0x00000000080064dc       0x48 ./Middlewares/Third_Party/FreeRTOS/Source/portable/GCC/ARM_CM4F/port.o
                0x00000000080064dc                vPortSetupTimerInterrupt
 .text.vPortEnableVFP
                0x0000000008006524       0x14 ./Middlewares/Third_Party/FreeRTOS/Source/portable/GCC/ARM_CM4F/port.o
 .text.pvPortMalloc
                0x0000000008006538      0x198 ./Middlewares/Third_Party/FreeRTOS/Source/portable/MemMang/heap_4.o
                0x0000000008006538                pvPortMalloc
 .text.vPortFree
                0x00000000080066d0       0xc4 ./Middlewares/Third_Party/FreeRTOS/Source/portable/MemMang/heap_4.o
                0x00000000080066d0                vPortFree
 .text.prvHeapInit
                0x0000000008006794       0xc4 ./Middlewares/Third_Party/FreeRTOS/Source/portable/MemMang/heap_4.o
 .text.prvInsertBlockIntoFreeList
                0x0000000008006858       0xb4 ./Middlewares/Third_Party/FreeRTOS/Source/portable/MemMang/heap_4.o
 .text.memset   0x000000000800690c       0x10 C:/ST/STM32CubeIDE_1.13.2/STM32CubeIDE/plugins/com.st.stm32cube.ide.mcu.externaltools.gnu-tools-for-stm32.11.3.rel1.win32_1.1.1.202309131626/tools/bin/../lib/gcc/arm-none-eabi/11.3.1/../../../../arm-none-eabi/lib/thumb/v7e-m+fp/hard\libc_nano.a(libc_a-memset.o)
                0x000000000800690c                memset
 .text._reclaim_reent
                0x000000000800691c       0xac C:/ST/STM32CubeIDE_1.13.2/STM32CubeIDE/plugins/com.st.stm32cube.ide.mcu.externaltools.gnu-tools-for-stm32.11.3.rel1.win32_1.1.1.202309131626/tools/bin/../lib/gcc/arm-none-eabi/11.3.1/../../../../arm-none-eabi/lib/thumb/v7e-m+fp/hard\libc_nano.a(libc_a-reent.o)
                0x000000000800691c                _reclaim_reent
 .text.__libc_init_array
                0x00000000080069c8       0x48 C:/ST/STM32CubeIDE_1.13.2/STM32CubeIDE/plugins/com.st.stm32cube.ide.mcu.externaltools.gnu-tools-for-stm32.11.3.rel1.win32_1.1.1.202309131626/tools/bin/../lib/gcc/arm-none-eabi/11.3.1/../../../../arm-none-eabi/lib/thumb/v7e-m+fp/hard\libc_nano.a(libc_a-init.o)
                0x00000000080069c8                __libc_init_array
 .text.__retarget_lock_acquire_recursive
                0x0000000008006a10        0x2 C:/ST/STM32CubeIDE_1.13.2/STM32CubeIDE/plugins/com.st.stm32cube.ide.mcu.externaltools.gnu-tools-for-stm32.11.3.rel1.win32_1.1.1.202309131626/tools/bin/../lib/gcc/arm-none-eabi/11.3.1/../../../../arm-none-eabi/lib/thumb/v7e-m+fp/hard\libc_nano.a(libc_a-lock.o)
                0x0000000008006a10                __retarget_lock_acquire_recursive
 .text.__retarget_lock_release_recursive
                0x0000000008006a12        0x2 C:/ST/STM32CubeIDE_1.13.2/STM32CubeIDE/plugins/com.st.stm32cube.ide.mcu.externaltools.gnu-tools-for-stm32.11.3.rel1.win32_1.1.1.202309131626/tools/bin/../lib/gcc/arm-none-eabi/11.3.1/../../../../arm-none-eabi/lib/thumb/v7e-m+fp/hard\libc_nano.a(libc_a-lock.o)
                0x0000000008006a12                __retarget_lock_release_recursive
 .text._free_r  0x0000000008006a14       0x98 C:/ST/STM32CubeIDE_1.13.2/STM32CubeIDE/plugins/com.st.stm32cube.ide.mcu.externaltools.gnu-tools-for-stm32.11.3.rel1.win32_1.1.1.202309131626/tools/bin/../lib/gcc/arm-none-eabi/11.3.1/../../../../arm-none-eabi/lib/thumb/v7e-m+fp/hard\libc_nano.a(libc_a-freer.o)
                0x0000000008006a14                _free_r
 .text.__malloc_lock
                0x0000000008006aac        0xc C:/ST/STM32CubeIDE_1.13.2/STM32CubeIDE/plugins/com.st.stm32cube.ide.mcu.externaltools.gnu-tools-for-stm32.11.3.rel1.win32_1.1.1.202309131626/tools/bin/../lib/gcc/arm-none-eabi/11.3.1/../../../../arm-none-eabi/lib/thumb/v7e-m+fp/hard\libc_nano.a(libc_a-mlock.o)
                0x0000000008006aac                __malloc_lock
 .text.__malloc_unlock
                0x0000000008006ab8        0xc C:/ST/STM32CubeIDE_1.13.2/STM32CubeIDE/plugins/com.st.stm32cube.ide.mcu.externaltools.gnu-tools-for-stm32.11.3.rel1.win32_1.1.1.202309131626/tools/bin/../lib/gcc/arm-none-eabi/11.3.1/../../../../arm-none-eabi/lib/thumb/v7e-m+fp/hard\libc_nano.a(libc_a-mlock.o)
                0x0000000008006ab8                __malloc_unlock
 *(.glue_7)
 .glue_7        0x0000000008006ac4        0x0 linker stubs
 *(.glue_7t)
 .glue_7t       0x0000000008006ac4        0x0 linker stubs
 *(.eh_frame)
 .eh_frame      0x0000000008006ac4        0x0 C:/ST/STM32CubeIDE_1.13.2/STM32CubeIDE/plugins/com.st.stm32cube.ide.mcu.externaltools.gnu-tools-for-stm32.11.3.rel1.win32_1.1.1.202309131626/tools/bin/../lib/gcc/arm-none-eabi/11.3.1/thumb/v7e-m+fp/hard/crtbegin.o
 *(.init)
 .init          0x0000000008006ac4        0x4 C:/ST/STM32CubeIDE_1.13.2/STM32CubeIDE/plugins/com.st.stm32cube.ide.mcu.externaltools.gnu-tools-for-stm32.11.3.rel1.win32_1.1.1.202309131626/tools/bin/../lib/gcc/arm-none-eabi/11.3.1/thumb/v7e-m+fp/hard/crti.o
                0x0000000008006ac4                _init
 .init          0x0000000008006ac8        0x8 C:/ST/STM32CubeIDE_1.13.2/STM32CubeIDE/plugins/com.st.stm32cube.ide.mcu.externaltools.gnu-tools-for-stm32.11.3.rel1.win32_1.1.1.202309131626/tools/bin/../lib/gcc/arm-none-eabi/11.3.1/thumb/v7e-m+fp/hard/crtn.o
 *(.fini)
 .fini          0x0000000008006ad0        0x4 C:/ST/STM32CubeIDE_1.13.2/STM32CubeIDE/plugins/com.st.stm32cube.ide.mcu.externaltools.gnu-tools-for-stm32.11.3.rel1.win32_1.1.1.202309131626/tools/bin/../lib/gcc/arm-none-eabi/11.3.1/thumb/v7e-m+fp/hard/crti.o
                0x0000000008006ad0                _fini
 .fini          0x0000000008006ad4        0x8 C:/ST/STM32CubeIDE_1.13.2/STM32CubeIDE/plugins/com.st.stm32cube.ide.mcu.externaltools.gnu-tools-for-stm32.11.3.rel1.win32_1.1.1.202309131626/tools/bin/../lib/gcc/arm-none-eabi/11.3.1/thumb/v7e-m+fp/hard/crtn.o
                0x0000000008006adc                . = ALIGN (0x4)
                0x0000000008006adc                _etext = .

.vfp11_veneer   0x0000000008006adc        0x0
 .vfp11_veneer  0x0000000008006adc        0x0 linker stubs

.v4_bx          0x0000000008006adc        0x0
 .v4_bx         0x0000000008006adc        0x0 linker stubs

.iplt           0x0000000008006adc        0x0
 .iplt          0x0000000008006adc        0x0 C:/ST/STM32CubeIDE_1.13.2/STM32CubeIDE/plugins/com.st.stm32cube.ide.mcu.externaltools.gnu-tools-for-stm32.11.3.rel1.win32_1.1.1.202309131626/tools/bin/../lib/gcc/arm-none-eabi/11.3.1/thumb/v7e-m+fp/hard/crtbegin.o

.rodata         0x0000000008006adc       0x60
                0x0000000008006adc                . = ALIGN (0x4)
 *(.rodata)
 .rodata        0x0000000008006adc       0x28 ./Core/Src/freertos.o
 .rodata        0x0000000008006b04       0x15 ./Core/Src/main.o
 *fill*         0x0000000008006b19        0x3 
 .rodata        0x0000000008006b1c        0x5 ./Middlewares/Third_Party/FreeRTOS/Source/tasks.o
 *(.rodata*)
 *fill*         0x0000000008006b21        0x3 
 .rodata.AHBPrescTable
                0x0000000008006b24       0x10 ./Core/Src/system_stm32f4xx.o
                0x0000000008006b24                AHBPrescTable
 .rodata.APBPrescTable
                0x0000000008006b34        0x8 ./Core/Src/system_stm32f4xx.o
                0x0000000008006b34                APBPrescTable
                0x0000000008006b3c                . = ALIGN (0x4)

.ARM.extab      0x0000000008006b3c        0x0
                0x0000000008006b3c                . = ALIGN (0x4)
 *(.ARM.extab* .gnu.linkonce.armextab.*)
                0x0000000008006b3c                . = ALIGN (0x4)

.ARM            0x0000000008006b3c        0x8
                0x0000000008006b3c                . = ALIGN (0x4)
                0x0000000008006b3c                __exidx_start = .
 *(.ARM.exidx*)
 .ARM.exidx     0x0000000008006b3c        0x8 C:/ST/STM32CubeIDE_1.13.2/STM32CubeIDE/plugins/com.st.stm32cube.ide.mcu.externaltools.gnu-tools-for-stm32.11.3.rel1.win32_1.1.1.202309131626/tools/bin/../lib/gcc/arm-none-eabi/11.3.1/thumb/v7e-m+fp/hard\libgcc.a(_udivmoddi4.o)
                0x0000000008006b44                __exidx_end = .
                0x0000000008006b44                . = ALIGN (0x4)

.rel.dyn        0x0000000008006b44        0x0
 .rel.iplt      0x0000000008006b44        0x0 C:/ST/STM32CubeIDE_1.13.2/STM32CubeIDE/plugins/com.st.stm32cube.ide.mcu.externaltools.gnu-tools-for-stm32.11.3.rel1.win32_1.1.1.202309131626/tools/bin/../lib/gcc/arm-none-eabi/11.3.1/thumb/v7e-m+fp/hard/crtbegin.o

.preinit_array  0x0000000008006b44        0x0
                0x0000000008006b44                . = ALIGN (0x4)
                0x0000000008006b44                PROVIDE (__preinit_array_start = .)
 *(.preinit_array*)
                0x0000000008006b44                PROVIDE (__preinit_array_end = .)
                0x0000000008006b44                . = ALIGN (0x4)

.init_array     0x0000000008006b44        0x4
                0x0000000008006b44                . = ALIGN (0x4)
                0x0000000008006b44                PROVIDE (__init_array_start = .)
 *(SORT_BY_NAME(.init_array.*))
 *(.init_array*)
 .init_array    0x0000000008006b44        0x4 C:/ST/STM32CubeIDE_1.13.2/STM32CubeIDE/plugins/com.st.stm32cube.ide.mcu.externaltools.gnu-tools-for-stm32.11.3.rel1.win32_1.1.1.202309131626/tools/bin/../lib/gcc/arm-none-eabi/11.3.1/thumb/v7e-m+fp/hard/crtbegin.o
                0x0000000008006b48                PROVIDE (__init_array_end = .)
                0x0000000008006b48                . = ALIGN (0x4)

.fini_array     0x0000000008006b48        0x4
                0x0000000008006b48                . = ALIGN (0x4)
                [!provide]                        PROVIDE (__fini_array_start = .)
 *(SORT_BY_NAME(.fini_array.*))
 *(.fini_array*)
 .fini_array    0x0000000008006b48        0x4 C:/ST/STM32CubeIDE_1.13.2/STM32CubeIDE/plugins/com.st.stm32cube.ide.mcu.externaltools.gnu-tools-for-stm32.11.3.rel1.win32_1.1.1.202309131626/tools/bin/../lib/gcc/arm-none-eabi/11.3.1/thumb/v7e-m+fp/hard/crtbegin.o
                [!provide]                        PROVIDE (__fini_array_end = .)
                0x0000000008006b4c                . = ALIGN (0x4)
                0x0000000008006b4c                _sidata = LOADADDR (.data)

.data           0x0000000020000000       0x88 load address 0x0000000008006b4c
                0x0000000020000000                . = ALIGN (0x4)
                0x0000000020000000                _sdata = .
 *(.data)
 *(.data*)
 .data.global_session
                0x0000000020000000        0x1 ./Core/Src/APP_UDS_Diag.o
                0x0000000020000000                global_session
 *fill*         0x0000000020000001        0x3 
 .data.Oil_Pressure_var
                0x0000000020000004        0x4 ./Core/Src/APP_UDS_Diag.o
                0x0000000020000004                Oil_Pressure_var
 .data.Oil_Temp_var
                0x0000000020000008        0x4 ./Core/Src/APP_UDS_Diag.o
                0x0000000020000008                Oil_Temp_var
 .data.VIN_number_var
                0x000000002000000c       0x11 ./Core/Src/APP_UDS_Diag.o
                0x000000002000000c                VIN_number_var
 .data.SupressedPosRes_Server
                0x000000002000001d        0x1 ./Core/Src/APP_UDS_Diag.o
                0x000000002000001d                SupressedPosRes_Server
 *fill*         0x000000002000001e        0x2 
 .data.availableBuffers
                0x0000000020000020        0x4 ./Core/Src/CanTp.o
                0x0000000020000020                availableBuffers
 .data.currentOffset
                0x0000000020000024        0x4 ./Core/Src/CanTp.o
                0x0000000020000024                currentOffset
 .data.SystemCoreClock
                0x0000000020000028        0x4 ./Core/Src/system_stm32f4xx.o
                0x0000000020000028                SystemCoreClock
 .data.uwTickPrio
                0x000000002000002c        0x4 ./Drivers/STM32F4xx_HAL_Driver/Src/stm32f4xx_hal.o
                0x000000002000002c                uwTickPrio
 .data.uwTickFreq
                0x0000000020000030        0x1 ./Drivers/STM32F4xx_HAL_Driver/Src/stm32f4xx_hal.o
                0x0000000020000030                uwTickFreq
 *fill*         0x0000000020000031        0x3 
 .data.uxCriticalNesting
                0x0000000020000034        0x4 ./Middlewares/Third_Party/FreeRTOS/Source/portable/GCC/ARM_CM4F/port.o
 .data._impure_data
                0x0000000020000038       0x4c C:/ST/STM32CubeIDE_1.13.2/STM32CubeIDE/plugins/com.st.stm32cube.ide.mcu.externaltools.gnu-tools-for-stm32.11.3.rel1.win32_1.1.1.202309131626/tools/bin/../lib/gcc/arm-none-eabi/11.3.1/../../../../arm-none-eabi/lib/thumb/v7e-m+fp/hard\libc_nano.a(libc_a-impure.o)
                0x0000000020000038                _impure_data
 .data._impure_ptr
                0x0000000020000084        0x4 C:/ST/STM32CubeIDE_1.13.2/STM32CubeIDE/plugins/com.st.stm32cube.ide.mcu.externaltools.gnu-tools-for-stm32.11.3.rel1.win32_1.1.1.202309131626/tools/bin/../lib/gcc/arm-none-eabi/11.3.1/../../../../arm-none-eabi/lib/thumb/v7e-m+fp/hard\libc_nano.a(libc_a-impure.o)
                0x0000000020000084                _impure_ptr
 *(.RamFunc)
 *(.RamFunc*)
                0x0000000020000088                . = ALIGN (0x4)
                0x0000000020000088                _edata = .

.igot.plt       0x0000000020000088        0x0 load address 0x0000000008006bd4
 .igot.plt      0x0000000020000088        0x0 C:/ST/STM32CubeIDE_1.13.2/STM32CubeIDE/plugins/com.st.stm32cube.ide.mcu.externaltools.gnu-tools-for-stm32.11.3.rel1.win32_1.1.1.202309131626/tools/bin/../lib/gcc/arm-none-eabi/11.3.1/thumb/v7e-m+fp/hard/crtbegin.o
                0x0000000020000088                . = ALIGN (0x4)

.bss            0x0000000020000088     0x8308 load address 0x0000000008006bd4
                0x0000000020000088                _sbss = .
                0x0000000020000088                __bss_start__ = _sbss
 *(.bss)
 .bss           0x0000000020000088       0x1c C:/ST/STM32CubeIDE_1.13.2/STM32CubeIDE/plugins/com.st.stm32cube.ide.mcu.externaltools.gnu-tools-for-stm32.11.3.rel1.win32_1.1.1.202309131626/tools/bin/../lib/gcc/arm-none-eabi/11.3.1/thumb/v7e-m+fp/hard/crtbegin.o
 *(.bss*)
 .bss.global_sec_flag
                0x00000000200000a4        0x1 ./Core/Src/APP_UDS_Diag.o
                0x00000000200000a4                global_sec_flag
 *fill*         0x00000000200000a5        0x3 
 .bss.Sec_u32SeedValue
                0x00000000200000a8        0x4 ./Core/Src/APP_UDS_Diag.o
                0x00000000200000a8                Sec_u32SeedValue
 .bss.Sec_State
                0x00000000200000ac        0x1 ./Core/Src/APP_UDS_Diag.o
                0x00000000200000ac                Sec_State
 *fill*         0x00000000200000ad        0x3 
 .bss.pos_Response
                0x00000000200000b0     0x1008 ./Core/Src/APP_UDS_Diag.o
                0x00000000200000b0                pos_Response
 .bss.Control   0x00000000200010b8     0x1008 ./Core/Src/APP_UDS_Diag.o
                0x00000000200010b8                Control
 .bss.msg       0x00000000200020c0     0x1004 ./Core/Src/APP_UDS_Diag.o
                0x00000000200020c0                msg
 .bss.flag_sub_fun
                0x00000000200030c4        0x1 ./Core/Src/APP_UDS_Diag.o
                0x00000000200030c4                flag_sub_fun
 *fill*         0x00000000200030c5        0x3 
 .bss.PduDataPTR
                0x00000000200030c8        0x4 ./Core/Src/APP_UDS_Diag.o
                0x00000000200030c8                PduDataPTR
 .bss.rxHeader  0x00000000200030cc       0x1c ./Core/Src/CanIf.o
                0x00000000200030cc                rxHeader
 .bss.CanIfPduInfo
                0x00000000200030e8        0xc ./Core/Src/CanIf.o
                0x00000000200030e8                CanIfPduInfo
 .bss.CanIf_Rx  0x00000000200030f4        0x1 ./Core/Src/CanIf.o
                0x00000000200030f4                CanIf_Rx
 *fill*         0x00000000200030f5        0x3 
 .bss.CanTp_Callback
                0x00000000200030f8        0x4 ./Core/Src/CanIf.o
                0x00000000200030f8                CanTp_Callback
 .bss.numberOfConsecutiveFramesToSend
                0x00000000200030fc        0x4 ./Core/Src/CanTp.o
                0x00000000200030fc                numberOfConsecutiveFramesToSend
 .bss.numberOfConsecutiveFramesToReceive
                0x0000000020003100        0x4 ./Core/Src/CanTp.o
                0x0000000020003100                numberOfConsecutiveFramesToReceive
 .bss.numberOfRemainingBytesToSend
                0x0000000020003104        0x4 ./Core/Src/CanTp.o
                0x0000000020003104                numberOfRemainingBytesToSend
 .bss.numberOfRemainingBytesToReceive
                0x0000000020003108        0x4 ./Core/Src/CanTp.o
                0x0000000020003108                numberOfRemainingBytesToReceive
 .bss.App_Callback
                0x000000002000310c        0x4 ./Core/Src/CanTp.o
                0x000000002000310c                App_Callback
 .bss.expectedFrameState
                0x0000000020003110        0x1 ./Core/Src/CanTp.o
                0x0000000020003110                expectedFrameState
 *fill*         0x0000000020003111        0x3 
 .bss.EncodedPduInfo
                0x0000000020003114        0xc ./Core/Src/CanTp.o
                0x0000000020003114                EncodedPduInfo
 .bss.DecodedPduInfo
                0x0000000020003120        0xc ./Core/Src/CanTp.o
                0x0000000020003120                DecodedPduInfo
 .bss.CompletePduInfo
                0x000000002000312c     0x1004 ./Core/Src/CanTp.o
                0x000000002000312c                CompletePduInfo
 .bss.GlobalRxPduInfoPtr
                0x0000000020004130        0x4 ./Core/Src/CanTp.o
                0x0000000020004130                GlobalRxPduInfoPtr
 .bss.GlobalTxPduInfoPtr
                0x0000000020004134        0x4 ./Core/Src/CanTp.o
                0x0000000020004134                GlobalTxPduInfoPtr
 .bss.ConsecSN  0x0000000020004138        0x1 ./Core/Src/CanTp.o
                0x0000000020004138                ConsecSN
 *fill*         0x0000000020004139        0x1 
 .bss.currentIndex
                0x000000002000413a        0x2 ./Core/Src/CanTp.o
                0x000000002000413a                currentIndex
 .bss.startOffset
                0x000000002000413c        0x4 ./Core/Src/CanTp.o
                0x000000002000413c                startOffset
 .bss.CanTp_Rx  0x0000000020004140        0x1 ./Core/Src/CanTp.o
                0x0000000020004140                CanTp_Rx
 .bss.CanTp_Tx  0x0000000020004141        0x1 ./Core/Src/CanTp.o
                0x0000000020004141                CanTp_Tx
 *fill*         0x0000000020004142        0x2 
 .bss.GlobalRxPduId
                0x0000000020004144        0x4 ./Core/Src/CanTp.o
                0x0000000020004144                GlobalRxPduId
 .bss.GlobalTxPduId
                0x0000000020004148        0x4 ./Core/Src/CanTp.o
                0x0000000020004148                GlobalTxPduId
 .bss.hcan1     0x000000002000414c       0x28 ./Core/Src/can.o
                0x000000002000414c                hcan1
 .bss.defaultTaskHandle
                0x0000000020004174        0x4 ./Core/Src/freertos.o
                0x0000000020004174                defaultTaskHandle
 .bss.xIdleTaskTCBBuffer
                0x0000000020004178       0xa0 ./Core/Src/freertos.o
 .bss.xIdleStack
                0x0000000020004218      0x200 ./Core/Src/freertos.o
 .bss.xTaskHandle1
                0x0000000020004418        0x4 ./Core/Src/main.o
                0x0000000020004418                xTaskHandle1
 .bss.xTaskHandle2
                0x000000002000441c        0x4 ./Core/Src/main.o
                0x000000002000441c                xTaskHandle2
 .bss.count     0x0000000020004420        0x1 ./Core/Src/main.o
                0x0000000020004420                count
 *fill*         0x0000000020004421        0x3 
 .bss.htim1     0x0000000020004424       0x48 ./Core/Src/stm32f4xx_hal_timebase_tim.o
                0x0000000020004424                htim1
 .bss.htim6     0x000000002000446c       0x48 ./Core/Src/tim.o
                0x000000002000446c                htim6
 .bss.huart2    0x00000000200044b4       0x44 ./Core/Src/usart.o
                0x00000000200044b4                huart2
 .bss.uwTick    0x00000000200044f8        0x4 ./Drivers/STM32F4xx_HAL_Driver/Src/stm32f4xx_hal.o
                0x00000000200044f8                uwTick
 .bss.pxCurrentTCB
                0x00000000200044fc        0x4 ./Middlewares/Third_Party/FreeRTOS/Source/tasks.o
                0x00000000200044fc                pxCurrentTCB
 .bss.pxReadyTasksLists
                0x0000000020004500       0x8c ./Middlewares/Third_Party/FreeRTOS/Source/tasks.o
 .bss.xDelayedTaskList1
                0x000000002000458c       0x14 ./Middlewares/Third_Party/FreeRTOS/Source/tasks.o
 .bss.xDelayedTaskList2
                0x00000000200045a0       0x14 ./Middlewares/Third_Party/FreeRTOS/Source/tasks.o
 .bss.pxDelayedTaskList
                0x00000000200045b4        0x4 ./Middlewares/Third_Party/FreeRTOS/Source/tasks.o
 .bss.pxOverflowDelayedTaskList
                0x00000000200045b8        0x4 ./Middlewares/Third_Party/FreeRTOS/Source/tasks.o
 .bss.xPendingReadyList
                0x00000000200045bc       0x14 ./Middlewares/Third_Party/FreeRTOS/Source/tasks.o
 .bss.xTasksWaitingTermination
                0x00000000200045d0       0x14 ./Middlewares/Third_Party/FreeRTOS/Source/tasks.o
 .bss.uxDeletedTasksWaitingCleanUp
                0x00000000200045e4        0x4 ./Middlewares/Third_Party/FreeRTOS/Source/tasks.o
 .bss.xSuspendedTaskList
                0x00000000200045e8       0x14 ./Middlewares/Third_Party/FreeRTOS/Source/tasks.o
 .bss.uxCurrentNumberOfTasks
                0x00000000200045fc        0x4 ./Middlewares/Third_Party/FreeRTOS/Source/tasks.o
 .bss.xTickCount
                0x0000000020004600        0x4 ./Middlewares/Third_Party/FreeRTOS/Source/tasks.o
 .bss.uxTopReadyPriority
                0x0000000020004604        0x4 ./Middlewares/Third_Party/FreeRTOS/Source/tasks.o
 .bss.xSchedulerRunning
                0x0000000020004608        0x4 ./Middlewares/Third_Party/FreeRTOS/Source/tasks.o
 .bss.xPendedTicks
                0x000000002000460c        0x4 ./Middlewares/Third_Party/FreeRTOS/Source/tasks.o
 .bss.xYieldPending
                0x0000000020004610        0x4 ./Middlewares/Third_Party/FreeRTOS/Source/tasks.o
 .bss.xNumOfOverflows
                0x0000000020004614        0x4 ./Middlewares/Third_Party/FreeRTOS/Source/tasks.o
 .bss.uxTaskNumber
                0x0000000020004618        0x4 ./Middlewares/Third_Party/FreeRTOS/Source/tasks.o
 .bss.xNextTaskUnblockTime
                0x000000002000461c        0x4 ./Middlewares/Third_Party/FreeRTOS/Source/tasks.o
 .bss.xIdleTaskHandle
                0x0000000020004620        0x4 ./Middlewares/Third_Party/FreeRTOS/Source/tasks.o
 .bss.uxSchedulerSuspended
                0x0000000020004624        0x4 ./Middlewares/Third_Party/FreeRTOS/Source/tasks.o
 .bss.ucMaxSysCallPriority
                0x0000000020004628        0x1 ./Middlewares/Third_Party/FreeRTOS/Source/portable/GCC/ARM_CM4F/port.o
 *fill*         0x0000000020004629        0x3 
 .bss.ulMaxPRIGROUPValue
                0x000000002000462c        0x4 ./Middlewares/Third_Party/FreeRTOS/Source/portable/GCC/ARM_CM4F/port.o
 .bss.ucHeap    0x0000000020004630     0x3c00 ./Middlewares/Third_Party/FreeRTOS/Source/portable/MemMang/heap_4.o
 .bss.xStart    0x0000000020008230        0x8 ./Middlewares/Third_Party/FreeRTOS/Source/portable/MemMang/heap_4.o
 .bss.pxEnd     0x0000000020008238        0x4 ./Middlewares/Third_Party/FreeRTOS/Source/portable/MemMang/heap_4.o
 .bss.xFreeBytesRemaining
                0x000000002000823c        0x4 ./Middlewares/Third_Party/FreeRTOS/Source/portable/MemMang/heap_4.o
 .bss.xMinimumEverFreeBytesRemaining
                0x0000000020008240        0x4 ./Middlewares/Third_Party/FreeRTOS/Source/portable/MemMang/heap_4.o
 .bss.xNumberOfSuccessfulAllocations
                0x0000000020008244        0x4 ./Middlewares/Third_Party/FreeRTOS/Source/portable/MemMang/heap_4.o
 .bss.xNumberOfSuccessfulFrees
                0x0000000020008248        0x4 ./Middlewares/Third_Party/FreeRTOS/Source/portable/MemMang/heap_4.o
 .bss.xBlockAllocatedBit
                0x000000002000824c        0x4 ./Middlewares/Third_Party/FreeRTOS/Source/portable/MemMang/heap_4.o
 .bss.__sf      0x0000000020008250      0x138 C:/ST/STM32CubeIDE_1.13.2/STM32CubeIDE/plugins/com.st.stm32cube.ide.mcu.externaltools.gnu-tools-for-stm32.11.3.rel1.win32_1.1.1.202309131626/tools/bin/../lib/gcc/arm-none-eabi/11.3.1/../../../../arm-none-eabi/lib/thumb/v7e-m+fp/hard\libc_nano.a(libc_a-findfp.o)
                0x0000000020008250                __sf
 .bss.__lock___malloc_recursive_mutex
                0x0000000020008388        0x1 C:/ST/STM32CubeIDE_1.13.2/STM32CubeIDE/plugins/com.st.stm32cube.ide.mcu.externaltools.gnu-tools-for-stm32.11.3.rel1.win32_1.1.1.202309131626/tools/bin/../lib/gcc/arm-none-eabi/11.3.1/../../../../arm-none-eabi/lib/thumb/v7e-m+fp/hard\libc_nano.a(libc_a-lock.o)
                0x0000000020008388                __lock___malloc_recursive_mutex
 *fill*         0x0000000020008389        0x3 
 .bss.__malloc_free_list
                0x000000002000838c        0x4 C:/ST/STM32CubeIDE_1.13.2/STM32CubeIDE/plugins/com.st.stm32cube.ide.mcu.externaltools.gnu-tools-for-stm32.11.3.rel1.win32_1.1.1.202309131626/tools/bin/../lib/gcc/arm-none-eabi/11.3.1/../../../../arm-none-eabi/lib/thumb/v7e-m+fp/hard\libc_nano.a(libc_a-mallocr.o)
                0x000000002000838c                __malloc_free_list
 *(COMMON)
                0x0000000020008390                . = ALIGN (0x4)
                0x0000000020008390                _ebss = .
                0x0000000020008390                __bss_end__ = _ebss

._user_heap_stack
                0x0000000020008390      0x600 load address 0x0000000008006bd4
                0x0000000020008390                . = ALIGN (0x8)
                [!provide]                        PROVIDE (end = .)
                0x0000000020008390                PROVIDE (_end = .)
                0x0000000020008590                . = (. + _Min_Heap_Size)
 *fill*         0x0000000020008390      0x200 
                0x0000000020008990                . = (. + _Min_Stack_Size)
 *fill*         0x0000000020008590      0x400 
                0x0000000020008990                . = ALIGN (0x8)

/DISCARD/
 libc.a(*)
 libm.a(*)
 libgcc.a(*)

.ARM.attributes
                0x0000000000000000       0x30
 *(.ARM.attributes)
 .ARM.attributes
                0x0000000000000000       0x1e C:/ST/STM32CubeIDE_1.13.2/STM32CubeIDE/plugins/com.st.stm32cube.ide.mcu.externaltools.gnu-tools-for-stm32.11.3.rel1.win32_1.1.1.202309131626/tools/bin/../lib/gcc/arm-none-eabi/11.3.1/thumb/v7e-m+fp/hard/crti.o
 .ARM.attributes
                0x000000000000001e       0x34 C:/ST/STM32CubeIDE_1.13.2/STM32CubeIDE/plugins/com.st.stm32cube.ide.mcu.externaltools.gnu-tools-for-stm32.11.3.rel1.win32_1.1.1.202309131626/tools/bin/../lib/gcc/arm-none-eabi/11.3.1/thumb/v7e-m+fp/hard/crtbegin.o
 .ARM.attributes
                0x0000000000000052       0x34 ./Core/Src/APP_UDS_Diag.o
 .ARM.attributes
                0x0000000000000086       0x34 ./Core/Src/CanIf.o
 .ARM.attributes
                0x00000000000000ba       0x34 ./Core/Src/CanTp.o
 .ARM.attributes
                0x00000000000000ee       0x34 ./Core/Src/can.o
 .ARM.attributes
                0x0000000000000122       0x34 ./Core/Src/freertos.o
 .ARM.attributes
                0x0000000000000156       0x34 ./Core/Src/gpio.o
 .ARM.attributes
                0x000000000000018a       0x34 ./Core/Src/main.o
 .ARM.attributes
                0x00000000000001be       0x34 ./Core/Src/stm32f4xx_hal_msp.o
 .ARM.attributes
                0x00000000000001f2       0x34 ./Core/Src/stm32f4xx_hal_timebase_tim.o
 .ARM.attributes
                0x0000000000000226       0x34 ./Core/Src/stm32f4xx_it.o
 .ARM.attributes
                0x000000000000025a       0x34 ./Core/Src/system_stm32f4xx.o
 .ARM.attributes
                0x000000000000028e       0x34 ./Core/Src/tim.o
 .ARM.attributes
                0x00000000000002c2       0x34 ./Core/Src/usart.o
 .ARM.attributes
                0x00000000000002f6       0x21 ./Core/Startup/startup_stm32f446retx.o
 .ARM.attributes
                0x0000000000000317       0x34 ./Drivers/STM32F4xx_HAL_Driver/Src/stm32f4xx_hal.o
 .ARM.attributes
                0x000000000000034b       0x34 ./Drivers/STM32F4xx_HAL_Driver/Src/stm32f4xx_hal_can.o
 .ARM.attributes
                0x000000000000037f       0x34 ./Drivers/STM32F4xx_HAL_Driver/Src/stm32f4xx_hal_cortex.o
 .ARM.attributes
                0x00000000000003b3       0x34 ./Drivers/STM32F4xx_HAL_Driver/Src/stm32f4xx_hal_dma.o
 .ARM.attributes
                0x00000000000003e7       0x34 ./Drivers/STM32F4xx_HAL_Driver/Src/stm32f4xx_hal_gpio.o
 .ARM.attributes
                0x000000000000041b       0x34 ./Drivers/STM32F4xx_HAL_Driver/Src/stm32f4xx_hal_rcc.o
 .ARM.attributes
                0x000000000000044f       0x34 ./Drivers/STM32F4xx_HAL_Driver/Src/stm32f4xx_hal_rcc_ex.o
 .ARM.attributes
                0x0000000000000483       0x34 ./Drivers/STM32F4xx_HAL_Driver/Src/stm32f4xx_hal_tim.o
 .ARM.attributes
                0x00000000000004b7       0x34 ./Drivers/STM32F4xx_HAL_Driver/Src/stm32f4xx_hal_tim_ex.o
 .ARM.attributes
                0x00000000000004eb       0x34 ./Drivers/STM32F4xx_HAL_Driver/Src/stm32f4xx_hal_uart.o
 .ARM.attributes
                0x000000000000051f       0x34 ./Middlewares/Third_Party/FreeRTOS/Source/CMSIS_RTOS/cmsis_os.o
 .ARM.attributes
                0x0000000000000553       0x34 ./Middlewares/Third_Party/FreeRTOS/Source/list.o
 .ARM.attributes
                0x0000000000000587       0x34 ./Middlewares/Third_Party/FreeRTOS/Source/tasks.o
 .ARM.attributes
                0x00000000000005bb       0x34 ./Middlewares/Third_Party/FreeRTOS/Source/portable/GCC/ARM_CM4F/port.o
 .ARM.attributes
                0x00000000000005ef       0x34 ./Middlewares/Third_Party/FreeRTOS/Source/portable/MemMang/heap_4.o
 .ARM.attributes
                0x0000000000000623       0x34 C:/ST/STM32CubeIDE_1.13.2/STM32CubeIDE/plugins/com.st.stm32cube.ide.mcu.externaltools.gnu-tools-for-stm32.11.3.rel1.win32_1.1.1.202309131626/tools/bin/../lib/gcc/arm-none-eabi/11.3.1/../../../../arm-none-eabi/lib/thumb/v7e-m+fp/hard\libc_nano.a(libc_a-findfp.o)
 .ARM.attributes
                0x0000000000000657       0x34 C:/ST/STM32CubeIDE_1.13.2/STM32CubeIDE/plugins/com.st.stm32cube.ide.mcu.externaltools.gnu-tools-for-stm32.11.3.rel1.win32_1.1.1.202309131626/tools/bin/../lib/gcc/arm-none-eabi/11.3.1/../../../../arm-none-eabi/lib/thumb/v7e-m+fp/hard\libc_nano.a(libc_a-memset.o)
 .ARM.attributes
                0x000000000000068b       0x34 C:/ST/STM32CubeIDE_1.13.2/STM32CubeIDE/plugins/com.st.stm32cube.ide.mcu.externaltools.gnu-tools-for-stm32.11.3.rel1.win32_1.1.1.202309131626/tools/bin/../lib/gcc/arm-none-eabi/11.3.1/../../../../arm-none-eabi/lib/thumb/v7e-m+fp/hard\libc_nano.a(libc_a-reent.o)
 .ARM.attributes
                0x00000000000006bf       0x34 C:/ST/STM32CubeIDE_1.13.2/STM32CubeIDE/plugins/com.st.stm32cube.ide.mcu.externaltools.gnu-tools-for-stm32.11.3.rel1.win32_1.1.1.202309131626/tools/bin/../lib/gcc/arm-none-eabi/11.3.1/../../../../arm-none-eabi/lib/thumb/v7e-m+fp/hard\libc_nano.a(libc_a-impure.o)
 .ARM.attributes
                0x00000000000006f3       0x34 C:/ST/STM32CubeIDE_1.13.2/STM32CubeIDE/plugins/com.st.stm32cube.ide.mcu.externaltools.gnu-tools-for-stm32.11.3.rel1.win32_1.1.1.202309131626/tools/bin/../lib/gcc/arm-none-eabi/11.3.1/../../../../arm-none-eabi/lib/thumb/v7e-m+fp/hard\libc_nano.a(libc_a-init.o)
 .ARM.attributes
                0x0000000000000727       0x34 C:/ST/STM32CubeIDE_1.13.2/STM32CubeIDE/plugins/com.st.stm32cube.ide.mcu.externaltools.gnu-tools-for-stm32.11.3.rel1.win32_1.1.1.202309131626/tools/bin/../lib/gcc/arm-none-eabi/11.3.1/../../../../arm-none-eabi/lib/thumb/v7e-m+fp/hard\libc_nano.a(libc_a-lock.o)
 .ARM.attributes
                0x000000000000075b       0x34 C:/ST/STM32CubeIDE_1.13.2/STM32CubeIDE/plugins/com.st.stm32cube.ide.mcu.externaltools.gnu-tools-for-stm32.11.3.rel1.win32_1.1.1.202309131626/tools/bin/../lib/gcc/arm-none-eabi/11.3.1/../../../../arm-none-eabi/lib/thumb/v7e-m+fp/hard\libc_nano.a(libc_a-freer.o)
 .ARM.attributes
                0x000000000000078f       0x34 C:/ST/STM32CubeIDE_1.13.2/STM32CubeIDE/plugins/com.st.stm32cube.ide.mcu.externaltools.gnu-tools-for-stm32.11.3.rel1.win32_1.1.1.202309131626/tools/bin/../lib/gcc/arm-none-eabi/11.3.1/../../../../arm-none-eabi/lib/thumb/v7e-m+fp/hard\libc_nano.a(libc_a-mallocr.o)
 .ARM.attributes
                0x00000000000007c3       0x34 C:/ST/STM32CubeIDE_1.13.2/STM32CubeIDE/plugins/com.st.stm32cube.ide.mcu.externaltools.gnu-tools-for-stm32.11.3.rel1.win32_1.1.1.202309131626/tools/bin/../lib/gcc/arm-none-eabi/11.3.1/../../../../arm-none-eabi/lib/thumb/v7e-m+fp/hard\libc_nano.a(libc_a-mlock.o)
 .ARM.attributes
                0x00000000000007f7       0x1e C:/ST/STM32CubeIDE_1.13.2/STM32CubeIDE/plugins/com.st.stm32cube.ide.mcu.externaltools.gnu-tools-for-stm32.11.3.rel1.win32_1.1.1.202309131626/tools/bin/../lib/gcc/arm-none-eabi/11.3.1/thumb/v7e-m+fp/hard\libgcc.a(_aeabi_uldivmod.o)
 .ARM.attributes
                0x0000000000000815       0x34 C:/ST/STM32CubeIDE_1.13.2/STM32CubeIDE/plugins/com.st.stm32cube.ide.mcu.externaltools.gnu-tools-for-stm32.11.3.rel1.win32_1.1.1.202309131626/tools/bin/../lib/gcc/arm-none-eabi/11.3.1/thumb/v7e-m+fp/hard\libgcc.a(_udivmoddi4.o)
 .ARM.attributes
                0x0000000000000849       0x1e C:/ST/STM32CubeIDE_1.13.2/STM32CubeIDE/plugins/com.st.stm32cube.ide.mcu.externaltools.gnu-tools-for-stm32.11.3.rel1.win32_1.1.1.202309131626/tools/bin/../lib/gcc/arm-none-eabi/11.3.1/thumb/v7e-m+fp/hard\libgcc.a(_dvmd_tls.o)
 .ARM.attributes
                0x0000000000000867       0x1e C:/ST/STM32CubeIDE_1.13.2/STM32CubeIDE/plugins/com.st.stm32cube.ide.mcu.externaltools.gnu-tools-for-stm32.11.3.rel1.win32_1.1.1.202309131626/tools/bin/../lib/gcc/arm-none-eabi/11.3.1/thumb/v7e-m+fp/hard/crtn.o
OUTPUT(ONE_TO_ONE_CONVERSATION.elf elf32-littlearm)
LOAD linker stubs
LOAD C:/ST/STM32CubeIDE_1.13.2/STM32CubeIDE/plugins/com.st.stm32cube.ide.mcu.externaltools.gnu-tools-for-stm32.11.3.rel1.win32_1.1.1.202309131626/tools/bin/../lib/gcc/arm-none-eabi/11.3.1/../../../../arm-none-eabi/lib/thumb/v7e-m+fp/hard\libc.a
LOAD C:/ST/STM32CubeIDE_1.13.2/STM32CubeIDE/plugins/com.st.stm32cube.ide.mcu.externaltools.gnu-tools-for-stm32.11.3.rel1.win32_1.1.1.202309131626/tools/bin/../lib/gcc/arm-none-eabi/11.3.1/../../../../arm-none-eabi/lib/thumb/v7e-m+fp/hard\libm.a
LOAD C:/ST/STM32CubeIDE_1.13.2/STM32CubeIDE/plugins/com.st.stm32cube.ide.mcu.externaltools.gnu-tools-for-stm32.11.3.rel1.win32_1.1.1.202309131626/tools/bin/../lib/gcc/arm-none-eabi/11.3.1/thumb/v7e-m+fp/hard\libgcc.a

.comment        0x0000000000000000       0x43
 .comment       0x0000000000000000       0x43 C:/ST/STM32CubeIDE_1.13.2/STM32CubeIDE/plugins/com.st.stm32cube.ide.mcu.externaltools.gnu-tools-for-stm32.11.3.rel1.win32_1.1.1.202309131626/tools/bin/../lib/gcc/arm-none-eabi/11.3.1/thumb/v7e-m+fp/hard/crtbegin.o
                                         0x44 (size before relaxing)
 .comment       0x0000000000000043       0x44 ./Core/Src/APP_UDS_Diag.o
 .comment       0x0000000000000043       0x44 ./Core/Src/CanIf.o
 .comment       0x0000000000000043       0x44 ./Core/Src/CanTp.o
 .comment       0x0000000000000043       0x44 ./Core/Src/can.o
 .comment       0x0000000000000043       0x44 ./Core/Src/freertos.o
 .comment       0x0000000000000043       0x44 ./Core/Src/gpio.o
 .comment       0x0000000000000043       0x44 ./Core/Src/main.o
 .comment       0x0000000000000043       0x44 ./Core/Src/stm32f4xx_hal_msp.o
 .comment       0x0000000000000043       0x44 ./Core/Src/stm32f4xx_hal_timebase_tim.o
 .comment       0x0000000000000043       0x44 ./Core/Src/stm32f4xx_it.o
 .comment       0x0000000000000043       0x44 ./Core/Src/system_stm32f4xx.o
 .comment       0x0000000000000043       0x44 ./Core/Src/tim.o
 .comment       0x0000000000000043       0x44 ./Core/Src/usart.o
 .comment       0x0000000000000043       0x44 ./Drivers/STM32F4xx_HAL_Driver/Src/stm32f4xx_hal.o
 .comment       0x0000000000000043       0x44 ./Drivers/STM32F4xx_HAL_Driver/Src/stm32f4xx_hal_can.o
 .comment       0x0000000000000043       0x44 ./Drivers/STM32F4xx_HAL_Driver/Src/stm32f4xx_hal_cortex.o
 .comment       0x0000000000000043       0x44 ./Drivers/STM32F4xx_HAL_Driver/Src/stm32f4xx_hal_dma.o
 .comment       0x0000000000000043       0x44 ./Drivers/STM32F4xx_HAL_Driver/Src/stm32f4xx_hal_gpio.o
 .comment       0x0000000000000043       0x44 ./Drivers/STM32F4xx_HAL_Driver/Src/stm32f4xx_hal_rcc.o
 .comment       0x0000000000000043       0x44 ./Drivers/STM32F4xx_HAL_Driver/Src/stm32f4xx_hal_rcc_ex.o
 .comment       0x0000000000000043       0x44 ./Drivers/STM32F4xx_HAL_Driver/Src/stm32f4xx_hal_tim.o
 .comment       0x0000000000000043       0x44 ./Drivers/STM32F4xx_HAL_Driver/Src/stm32f4xx_hal_tim_ex.o
 .comment       0x0000000000000043       0x44 ./Drivers/STM32F4xx_HAL_Driver/Src/stm32f4xx_hal_uart.o
 .comment       0x0000000000000043       0x44 ./Middlewares/Third_Party/FreeRTOS/Source/CMSIS_RTOS/cmsis_os.o
 .comment       0x0000000000000043       0x44 ./Middlewares/Third_Party/FreeRTOS/Source/list.o
 .comment       0x0000000000000043       0x44 ./Middlewares/Third_Party/FreeRTOS/Source/tasks.o
 .comment       0x0000000000000043       0x44 ./Middlewares/Third_Party/FreeRTOS/Source/portable/GCC/ARM_CM4F/port.o
 .comment       0x0000000000000043       0x44 ./Middlewares/Third_Party/FreeRTOS/Source/portable/MemMang/heap_4.o

.debug_info     0x0000000000000000    0x19495
 .debug_info    0x0000000000000000     0x13cf ./Core/Src/APP_UDS_Diag.o
 .debug_info    0x00000000000013cf      0x7b2 ./Core/Src/CanIf.o
 .debug_info    0x0000000000001b81      0x808 ./Core/Src/CanTp.o
 .debug_info    0x0000000000002389      0xbea ./Core/Src/can.o
 .debug_info    0x0000000000002f73      0xb41 ./Core/Src/freertos.o
 .debug_info    0x0000000000003ab4      0x439 ./Core/Src/gpio.o
 .debug_info    0x0000000000003eed     0x1253 ./Core/Src/main.o
 .debug_info    0x0000000000005140      0x505 ./Core/Src/stm32f4xx_hal_msp.o
 .debug_info    0x0000000000005645      0xc36 ./Core/Src/stm32f4xx_hal_timebase_tim.o
 .debug_info    0x000000000000627b      0xd55 ./Core/Src/stm32f4xx_it.o
 .debug_info    0x0000000000006fd0      0x54a ./Core/Src/system_stm32f4xx.o
 .debug_info    0x000000000000751a      0xbd8 ./Core/Src/tim.o
 .debug_info    0x00000000000080f2      0xbbd ./Core/Src/usart.o
 .debug_info    0x0000000000008caf       0x23 ./Core/Startup/startup_stm32f446retx.o
 .debug_info    0x0000000000008cd2      0x99e ./Drivers/STM32F4xx_HAL_Driver/Src/stm32f4xx_hal.o
 .debug_info    0x0000000000009670      0xefe ./Drivers/STM32F4xx_HAL_Driver/Src/stm32f4xx_hal_can.o
 .debug_info    0x000000000000a56e      0xd64 ./Drivers/STM32F4xx_HAL_Driver/Src/stm32f4xx_hal_cortex.o
 .debug_info    0x000000000000b2d2      0x8e7 ./Drivers/STM32F4xx_HAL_Driver/Src/stm32f4xx_hal_dma.o
 .debug_info    0x000000000000bbb9      0x70b ./Drivers/STM32F4xx_HAL_Driver/Src/stm32f4xx_hal_gpio.o
 .debug_info    0x000000000000c2c4      0x8ed ./Drivers/STM32F4xx_HAL_Driver/Src/stm32f4xx_hal_rcc.o
 .debug_info    0x000000000000cbb1      0x956 ./Drivers/STM32F4xx_HAL_Driver/Src/stm32f4xx_hal_rcc_ex.o
 .debug_info    0x000000000000d507     0x2948 ./Drivers/STM32F4xx_HAL_Driver/Src/stm32f4xx_hal_tim.o
 .debug_info    0x000000000000fe4f     0x14ae ./Drivers/STM32F4xx_HAL_Driver/Src/stm32f4xx_hal_tim_ex.o
 .debug_info    0x00000000000112fd     0x2fb8 ./Drivers/STM32F4xx_HAL_Driver/Src/stm32f4xx_hal_uart.o
 .debug_info    0x00000000000142b5     0x21e1 ./Middlewares/Third_Party/FreeRTOS/Source/CMSIS_RTOS/cmsis_os.o
 .debug_info    0x0000000000016496      0x2af ./Middlewares/Third_Party/FreeRTOS/Source/list.o
 .debug_info    0x0000000000016745     0x239d ./Middlewares/Third_Party/FreeRTOS/Source/tasks.o
 .debug_info    0x0000000000018ae2      0x4de ./Middlewares/Third_Party/FreeRTOS/Source/portable/GCC/ARM_CM4F/port.o
 .debug_info    0x0000000000018fc0      0x4d5 ./Middlewares/Third_Party/FreeRTOS/Source/portable/MemMang/heap_4.o

.debug_abbrev   0x0000000000000000     0x4093
 .debug_abbrev  0x0000000000000000      0x3b6 ./Core/Src/APP_UDS_Diag.o
 .debug_abbrev  0x00000000000003b6      0x234 ./Core/Src/CanIf.o
 .debug_abbrev  0x00000000000005ea      0x279 ./Core/Src/CanTp.o
 .debug_abbrev  0x0000000000000863      0x232 ./Core/Src/can.o
 .debug_abbrev  0x0000000000000a95      0x1eb ./Core/Src/freertos.o
 .debug_abbrev  0x0000000000000c80      0x152 ./Core/Src/gpio.o
 .debug_abbrev  0x0000000000000dd2      0x2f7 ./Core/Src/main.o
 .debug_abbrev  0x00000000000010c9      0x119 ./Core/Src/stm32f4xx_hal_msp.o
 .debug_abbrev  0x00000000000011e2      0x1f4 ./Core/Src/stm32f4xx_hal_timebase_tim.o
 .debug_abbrev  0x00000000000013d6      0x1cd ./Core/Src/stm32f4xx_it.o
 .debug_abbrev  0x00000000000015a3      0x11a ./Core/Src/system_stm32f4xx.o
 .debug_abbrev  0x00000000000016bd      0x1f0 ./Core/Src/tim.o
 .debug_abbrev  0x00000000000018ad      0x218 ./Core/Src/usart.o
 .debug_abbrev  0x0000000000001ac5       0x12 ./Core/Startup/startup_stm32f446retx.o
 .debug_abbrev  0x0000000000001ad7      0x213 ./Drivers/STM32F4xx_HAL_Driver/Src/stm32f4xx_hal.o
 .debug_abbrev  0x0000000000001cea      0x23b ./Drivers/STM32F4xx_HAL_Driver/Src/stm32f4xx_hal_can.o
 .debug_abbrev  0x0000000000001f25      0x327 ./Drivers/STM32F4xx_HAL_Driver/Src/stm32f4xx_hal_cortex.o
 .debug_abbrev  0x000000000000224c      0x264 ./Drivers/STM32F4xx_HAL_Driver/Src/stm32f4xx_hal_dma.o
 .debug_abbrev  0x00000000000024b0      0x1d4 ./Drivers/STM32F4xx_HAL_Driver/Src/stm32f4xx_hal_gpio.o
 .debug_abbrev  0x0000000000002684      0x2b6 ./Drivers/STM32F4xx_HAL_Driver/Src/stm32f4xx_hal_rcc.o
 .debug_abbrev  0x000000000000293a      0x20a ./Drivers/STM32F4xx_HAL_Driver/Src/stm32f4xx_hal_rcc_ex.o
 .debug_abbrev  0x0000000000002b44      0x271 ./Drivers/STM32F4xx_HAL_Driver/Src/stm32f4xx_hal_tim.o
 .debug_abbrev  0x0000000000002db5      0x27c ./Drivers/STM32F4xx_HAL_Driver/Src/stm32f4xx_hal_tim_ex.o
 .debug_abbrev  0x0000000000003031      0x30e ./Drivers/STM32F4xx_HAL_Driver/Src/stm32f4xx_hal_uart.o
 .debug_abbrev  0x000000000000333f      0x416 ./Middlewares/Third_Party/FreeRTOS/Source/CMSIS_RTOS/cmsis_os.o
 .debug_abbrev  0x0000000000003755       0xf5 ./Middlewares/Third_Party/FreeRTOS/Source/list.o
 .debug_abbrev  0x000000000000384a      0x3d0 ./Middlewares/Third_Party/FreeRTOS/Source/tasks.o
 .debug_abbrev  0x0000000000003c1a      0x25c ./Middlewares/Third_Party/FreeRTOS/Source/portable/GCC/ARM_CM4F/port.o
 .debug_abbrev  0x0000000000003e76      0x21d ./Middlewares/Third_Party/FreeRTOS/Source/portable/MemMang/heap_4.o

.debug_aranges  0x0000000000000000     0x14d8
 .debug_aranges
                0x0000000000000000       0xe0 ./Core/Src/APP_UDS_Diag.o
 .debug_aranges
                0x00000000000000e0       0x38 ./Core/Src/CanIf.o
 .debug_aranges
                0x0000000000000118       0x90 ./Core/Src/CanTp.o
 .debug_aranges
                0x00000000000001a8       0x30 ./Core/Src/can.o
 .debug_aranges
                0x00000000000001d8       0x30 ./Core/Src/freertos.o
 .debug_aranges
                0x0000000000000208       0x20 ./Core/Src/gpio.o
 .debug_aranges
                0x0000000000000228       0x38 ./Core/Src/main.o
 .debug_aranges
                0x0000000000000260       0x20 ./Core/Src/stm32f4xx_hal_msp.o
 .debug_aranges
                0x0000000000000280       0x30 ./Core/Src/stm32f4xx_hal_timebase_tim.o
 .debug_aranges
                0x00000000000002b0       0x70 ./Core/Src/stm32f4xx_it.o
 .debug_aranges
                0x0000000000000320       0x28 ./Core/Src/system_stm32f4xx.o
 .debug_aranges
                0x0000000000000348       0x30 ./Core/Src/tim.o
 .debug_aranges
                0x0000000000000378       0x30 ./Core/Src/usart.o
 .debug_aranges
                0x00000000000003a8       0x28 ./Core/Startup/startup_stm32f446retx.o
 .debug_aranges
                0x00000000000003d0       0xf0 ./Drivers/STM32F4xx_HAL_Driver/Src/stm32f4xx_hal.o
 .debug_aranges
                0x00000000000004c0      0x138 ./Drivers/STM32F4xx_HAL_Driver/Src/stm32f4xx_hal_can.o
 .debug_aranges
                0x00000000000005f8      0x118 ./Drivers/STM32F4xx_HAL_Driver/Src/stm32f4xx_hal_cortex.o
 .debug_aranges
                0x0000000000000710       0x90 ./Drivers/STM32F4xx_HAL_Driver/Src/stm32f4xx_hal_dma.o
 .debug_aranges
                0x00000000000007a0       0x58 ./Drivers/STM32F4xx_HAL_Driver/Src/stm32f4xx_hal_gpio.o
 .debug_aranges
                0x00000000000007f8       0x88 ./Drivers/STM32F4xx_HAL_Driver/Src/stm32f4xx_hal_rcc.o
 .debug_aranges
                0x0000000000000880       0x78 ./Drivers/STM32F4xx_HAL_Driver/Src/stm32f4xx_hal_rcc_ex.o
 .debug_aranges
                0x00000000000008f8      0x3d0 ./Drivers/STM32F4xx_HAL_Driver/Src/stm32f4xx_hal_tim.o
 .debug_aranges
                0x0000000000000cc8      0x168 ./Drivers/STM32F4xx_HAL_Driver/Src/stm32f4xx_hal_tim_ex.o
 .debug_aranges
                0x0000000000000e30      0x200 ./Drivers/STM32F4xx_HAL_Driver/Src/stm32f4xx_hal_uart.o
 .debug_aranges
                0x0000000000001030      0x1d8 ./Middlewares/Third_Party/FreeRTOS/Source/CMSIS_RTOS/cmsis_os.o
 .debug_aranges
                0x0000000000001208       0x40 ./Middlewares/Third_Party/FreeRTOS/Source/list.o
 .debug_aranges
                0x0000000000001248      0x1b8 ./Middlewares/Third_Party/FreeRTOS/Source/tasks.o
 .debug_aranges
                0x0000000000001400       0x80 ./Middlewares/Third_Party/FreeRTOS/Source/portable/GCC/ARM_CM4F/port.o
 .debug_aranges
                0x0000000000001480       0x58 ./Middlewares/Third_Party/FreeRTOS/Source/portable/MemMang/heap_4.o

.debug_rnglists
                0x0000000000000000     0x101a
 .debug_rnglists
                0x0000000000000000       0xb2 ./Core/Src/APP_UDS_Diag.o
 .debug_rnglists
                0x00000000000000b2       0x26 ./Core/Src/CanIf.o
 .debug_rnglists
                0x00000000000000d8       0x6c ./Core/Src/CanTp.o
 .debug_rnglists
                0x0000000000000144       0x21 ./Core/Src/can.o
 .debug_rnglists
                0x0000000000000165       0x1f ./Core/Src/freertos.o
 .debug_rnglists
                0x0000000000000184       0x14 ./Core/Src/gpio.o
 .debug_rnglists
                0x0000000000000198       0x27 ./Core/Src/main.o
 .debug_rnglists
                0x00000000000001bf       0x13 ./Core/Src/stm32f4xx_hal_msp.o
 .debug_rnglists
                0x00000000000001d2       0x20 ./Core/Src/stm32f4xx_hal_timebase_tim.o
 .debug_rnglists
                0x00000000000001f2       0x4f ./Core/Src/stm32f4xx_it.o
 .debug_rnglists
                0x0000000000000241       0x1a ./Core/Src/system_stm32f4xx.o
 .debug_rnglists
                0x000000000000025b       0x1f ./Core/Src/tim.o
 .debug_rnglists
                0x000000000000027a       0x20 ./Core/Src/usart.o
 .debug_rnglists
                0x000000000000029a       0x19 ./Core/Startup/startup_stm32f446retx.o
 .debug_rnglists
                0x00000000000002b3       0xaf ./Drivers/STM32F4xx_HAL_Driver/Src/stm32f4xx_hal.o
 .debug_rnglists
                0x0000000000000362       0xee ./Drivers/STM32F4xx_HAL_Driver/Src/stm32f4xx_hal_can.o
 .debug_rnglists
                0x0000000000000450       0xce ./Drivers/STM32F4xx_HAL_Driver/Src/stm32f4xx_hal_cortex.o
 .debug_rnglists
                0x000000000000051e       0x70 ./Drivers/STM32F4xx_HAL_Driver/Src/stm32f4xx_hal_dma.o
 .debug_rnglists
                0x000000000000058e       0x3f ./Drivers/STM32F4xx_HAL_Driver/Src/stm32f4xx_hal_gpio.o
 .debug_rnglists
                0x00000000000005cd       0x66 ./Drivers/STM32F4xx_HAL_Driver/Src/stm32f4xx_hal_rcc.o
 .debug_rnglists
                0x0000000000000633       0x5e ./Drivers/STM32F4xx_HAL_Driver/Src/stm32f4xx_hal_rcc_ex.o
 .debug_rnglists
                0x0000000000000691      0x31a ./Drivers/STM32F4xx_HAL_Driver/Src/stm32f4xx_hal_tim.o
 .debug_rnglists
                0x00000000000009ab      0x125 ./Drivers/STM32F4xx_HAL_Driver/Src/stm32f4xx_hal_tim_ex.o
 .debug_rnglists
                0x0000000000000ad0      0x1b7 ./Drivers/STM32F4xx_HAL_Driver/Src/stm32f4xx_hal_uart.o
 .debug_rnglists
                0x0000000000000c87      0x16a ./Middlewares/Third_Party/FreeRTOS/Source/CMSIS_RTOS/cmsis_os.o
 .debug_rnglists
                0x0000000000000df1       0x2b ./Middlewares/Third_Party/FreeRTOS/Source/list.o
 .debug_rnglists
                0x0000000000000e1c      0x15f ./Middlewares/Third_Party/FreeRTOS/Source/tasks.o
 .debug_rnglists
                0x0000000000000f7b       0x5d ./Middlewares/Third_Party/FreeRTOS/Source/portable/GCC/ARM_CM4F/port.o
 .debug_rnglists
                0x0000000000000fd8       0x42 ./Middlewares/Third_Party/FreeRTOS/Source/portable/MemMang/heap_4.o

.debug_macro    0x0000000000000000    0x2533c
 .debug_macro   0x0000000000000000      0x40d ./Core/Src/APP_UDS_Diag.o
 .debug_macro   0x000000000000040d      0xaa8 ./Core/Src/APP_UDS_Diag.o
 .debug_macro   0x0000000000000eb5       0x22 ./Core/Src/APP_UDS_Diag.o
 .debug_macro   0x0000000000000ed7       0x8e ./Core/Src/APP_UDS_Diag.o
 .debug_macro   0x0000000000000f65       0x51 ./Core/Src/APP_UDS_Diag.o
 .debug_macro   0x0000000000000fb6      0x103 ./Core/Src/APP_UDS_Diag.o
 .debug_macro   0x00000000000010b9       0x6a ./Core/Src/APP_UDS_Diag.o
 .debug_macro   0x0000000000001123      0x1df ./Core/Src/APP_UDS_Diag.o
 .debug_macro   0x0000000000001302      0x2a1 ./Core/Src/APP_UDS_Diag.o
 .debug_macro   0x00000000000015a3       0x2e ./Core/Src/APP_UDS_Diag.o
 .debug_macro   0x00000000000015d1       0x28 ./Core/Src/APP_UDS_Diag.o
 .debug_macro   0x00000000000015f9       0x1c ./Core/Src/APP_UDS_Diag.o
 .debug_macro   0x0000000000001615       0x22 ./Core/Src/APP_UDS_Diag.o
 .debug_macro   0x0000000000001637       0xd9 ./Core/Src/APP_UDS_Diag.o
 .debug_macro   0x0000000000001710     0x102d ./Core/Src/APP_UDS_Diag.o
 .debug_macro   0x000000000000273d      0x11f ./Core/Src/APP_UDS_Diag.o
 .debug_macro   0x000000000000285c    0x16749 ./Core/Src/APP_UDS_Diag.o
 .debug_macro   0x0000000000018fa5       0x6d ./Core/Src/APP_UDS_Diag.o
 .debug_macro   0x0000000000019012     0x367e ./Core/Src/APP_UDS_Diag.o
 .debug_macro   0x000000000001c690      0x174 ./Core/Src/APP_UDS_Diag.o
 .debug_macro   0x000000000001c804       0x5c ./Core/Src/APP_UDS_Diag.o
 .debug_macro   0x000000000001c860      0xc90 ./Core/Src/APP_UDS_Diag.o
 .debug_macro   0x000000000001d4f0      0x9fe ./Core/Src/APP_UDS_Diag.o
 .debug_macro   0x000000000001deee      0x115 ./Core/Src/APP_UDS_Diag.o
 .debug_macro   0x000000000001e003      0x1a0 ./Core/Src/APP_UDS_Diag.o
 .debug_macro   0x000000000001e1a3       0xa5 ./Core/Src/APP_UDS_Diag.o
 .debug_macro   0x000000000001e248      0x16d ./Core/Src/APP_UDS_Diag.o
 .debug_macro   0x000000000001e3b5      0x287 ./Core/Src/APP_UDS_Diag.o
 .debug_macro   0x000000000001e63c       0x5f ./Core/Src/APP_UDS_Diag.o
 .debug_macro   0x000000000001e69b      0x236 ./Core/Src/APP_UDS_Diag.o
 .debug_macro   0x000000000001e8d1      0x40f ./Core/Src/APP_UDS_Diag.o
 .debug_macro   0x000000000001ece0      0x132 ./Core/Src/APP_UDS_Diag.o
 .debug_macro   0x000000000001ee12      0x29c ./Core/Src/APP_UDS_Diag.o
 .debug_macro   0x000000000001f0ae       0x2e ./Core/Src/APP_UDS_Diag.o
 .debug_macro   0x000000000001f0dc      0x11a ./Core/Src/APP_UDS_Diag.o
 .debug_macro   0x000000000001f1f6       0xe8 ./Core/Src/APP_UDS_Diag.o
 .debug_macro   0x000000000001f2de       0x89 ./Core/Src/APP_UDS_Diag.o