Archive member included to satisfy reference by file (symbol)

C:/ST/STM32CubeIDE_1.13.2/STM32CubeIDE/plugins/com.st.stm32cube.ide.mcu.externaltools.gnu-tools-for-stm32.11.3.rel1.win32_1.1.1.202309131626/tools/bin/../lib/gcc/arm-none-eabi/11.3.1/../../../../arm-none-eabi/lib/thumb/v7e-m+fp/hard\libc_nano.a(libc_a-exit.o)
                              C:/ST/STM32CubeIDE_1.13.2/STM32CubeIDE/plugins/com.st.stm32cube.ide.mcu.externaltools.gnu-tools-for-stm32.11.3.rel1.win32_1.1.1.202309131626/tools/bin/../lib/gcc/arm-none-eabi/11.3.1/../../../../arm-none-eabi/lib/thumb/v7e-m+fp/hard/crt0.o (exit)
C:/ST/STM32CubeIDE_1.13.2/STM32CubeIDE/plugins/com.st.stm32cube.ide.mcu.externaltools.gnu-tools-for-stm32.11.3.rel1.win32_1.1.1.202309131626/tools/bin/../lib/gcc/arm-none-eabi/11.3.1/../../../../arm-none-eabi/lib/thumb/v7e-m+fp/hard\libc_nano.a(libc_a-findfp.o)
                              ./Middlewares/Third_Party/FreeRTOS/Source/tasks.o (__sf)
C:/ST/STM32CubeIDE_1.13.2/STM32CubeIDE/plugins/com.st.stm32cube.ide.mcu.externaltools.gnu-tools-for-stm32.11.3.rel1.win32_1.1.1.202309131626/tools/bin/../lib/gcc/arm-none-eabi/11.3.1/../../../../arm-none-eabi/lib/thumb/v7e-m+fp/hard\libc_nano.a(libc_a-fwalk.o)
                              C:/ST/STM32CubeIDE_1.13.2/STM32CubeIDE/plugins/com.st.stm32cube.ide.mcu.externaltools.gnu-tools-for-stm32.11.3.rel1.win32_1.1.1.202309131626/tools/bin/../lib/gcc/arm-none-eabi/11.3.1/../../../../arm-none-eabi/lib/thumb/v7e-m+fp/hard\libc_nano.a(libc_a-findfp.o) (_fwalk_sglue)
C:/ST/STM32CubeIDE_1.13.2/STM32CubeIDE/plugins/com.st.stm32cube.ide.mcu.externaltools.gnu-tools-for-stm32.11.3.rel1.win32_1.1.1.202309131626/tools/bin/../lib/gcc/arm-none-eabi/11.3.1/../../../../arm-none-eabi/lib/thumb/v7e-m+fp/hard\libc_nano.a(libc_a-sprintf.o)
                              ./Core/Src/APP_UDS_Diag.o (sprintf)
C:/ST/STM32CubeIDE_1.13.2/STM32CubeIDE/plugins/com.st.stm32cube.ide.mcu.externaltools.gnu-tools-for-stm32.11.3.rel1.win32_1.1.1.202309131626/tools/bin/../lib/gcc/arm-none-eabi/11.3.1/../../../../arm-none-eabi/lib/thumb/v7e-m+fp/hard\libc_nano.a(libc_a-stdio.o)
                              C:/ST/STM32CubeIDE_1.13.2/STM32CubeIDE/plugins/com.st.stm32cube.ide.mcu.externaltools.gnu-tools-for-stm32.11.3.rel1.win32_1.1.1.202309131626/tools/bin/../lib/gcc/arm-none-eabi/11.3.1/../../../../arm-none-eabi/lib/thumb/v7e-m+fp/hard\libc_nano.a(libc_a-findfp.o) (__sread)
C:/ST/STM32CubeIDE_1.13.2/STM32CubeIDE/plugins/com.st.stm32cube.ide.mcu.externaltools.gnu-tools-for-stm32.11.3.rel1.win32_1.1.1.202309131626/tools/bin/../lib/gcc/arm-none-eabi/11.3.1/../../../../arm-none-eabi/lib/thumb/v7e-m+fp/hard\libc_nano.a(libc_a-memset.o)
                              C:/ST/STM32CubeIDE_1.13.2/STM32CubeIDE/plugins/com.st.stm32cube.ide.mcu.externaltools.gnu-tools-for-stm32.11.3.rel1.win32_1.1.1.202309131626/tools/bin/../lib/gcc/arm-none-eabi/11.3.1/../../../../arm-none-eabi/lib/thumb/v7e-m+fp/hard/crt0.o (memset)
C:/ST/STM32CubeIDE_1.13.2/STM32CubeIDE/plugins/com.st.stm32cube.ide.mcu.externaltools.gnu-tools-for-stm32.11.3.rel1.win32_1.1.1.202309131626/tools/bin/../lib/gcc/arm-none-eabi/11.3.1/../../../../arm-none-eabi/lib/thumb/v7e-m+fp/hard\libc_nano.a(libc_a-closer.o)
                              C:/ST/STM32CubeIDE_1.13.2/STM32CubeIDE/plugins/com.st.stm32cube.ide.mcu.externaltools.gnu-tools-for-stm32.11.3.rel1.win32_1.1.1.202309131626/tools/bin/../lib/gcc/arm-none-eabi/11.3.1/../../../../arm-none-eabi/lib/thumb/v7e-m+fp/hard\libc_nano.a(libc_a-stdio.o) (_close_r)
C:/ST/STM32CubeIDE_1.13.2/STM32CubeIDE/plugins/com.st.stm32cube.ide.mcu.externaltools.gnu-tools-for-stm32.11.3.rel1.win32_1.1.1.202309131626/tools/bin/../lib/gcc/arm-none-eabi/11.3.1/../../../../arm-none-eabi/lib/thumb/v7e-m+fp/hard\libc_nano.a(libc_a-reent.o)
                              ./Middlewares/Third_Party/FreeRTOS/Source/tasks.o (_reclaim_reent)
C:/ST/STM32CubeIDE_1.13.2/STM32CubeIDE/plugins/com.st.stm32cube.ide.mcu.externaltools.gnu-tools-for-stm32.11.3.rel1.win32_1.1.1.202309131626/tools/bin/../lib/gcc/arm-none-eabi/11.3.1/../../../../arm-none-eabi/lib/thumb/v7e-m+fp/hard\libc_nano.a(libc_a-impure.o)
                              ./Middlewares/Third_Party/FreeRTOS/Source/tasks.o (_impure_ptr)
C:/ST/STM32CubeIDE_1.13.2/STM32CubeIDE/plugins/com.st.stm32cube.ide.mcu.externaltools.gnu-tools-for-stm32.11.3.rel1.win32_1.1.1.202309131626/tools/bin/../lib/gcc/arm-none-eabi/11.3.1/../../../../arm-none-eabi/lib/thumb/v7e-m+fp/hard\libc_nano.a(libc_a-lseekr.o)
                              C:/ST/STM32CubeIDE_1.13.2/STM32CubeIDE/plugins/com.st.stm32cube.ide.mcu.externaltools.gnu-tools-for-stm32.11.3.rel1.win32_1.1.1.202309131626/tools/bin/../lib/gcc/arm-none-eabi/11.3.1/../../../../arm-none-eabi/lib/thumb/v7e-m+fp/hard\libc_nano.a(libc_a-stdio.o) (_lseek_r)
[...]
Memory Configuration

Name             Origin             Length             Attributes
RAM              0x0000000020000000 0x0000000000020000 xrw
FLASH            0x0000000008000000 0x0000000000080000 xr
*default*        0x0000000000000000 0xffffffffffffffff

Linker script and memory map

LOAD C:/ST/STM32CubeIDE_1.13.2/STM32CubeIDE/plugins/com.st.stm32cube.ide.mcu.externaltools.gnu-tools-for-stm32.11.3.rel1.win32_1.1.1.202309131626/tools/bin/../lib/gcc/arm-none-eabi/11.3.1/thumb/v7e-m+fp/hard/crti.o
LOAD C:/ST/STM32CubeIDE_1.13.2/STM32CubeIDE/plugins/com.st.stm32cube.ide.mcu.externaltools.gnu-tools-for-stm32.11.3.rel1.win32_1.1.1.202309131626/tools/bin/../lib/gcc/arm-none-eabi/11.3.1/thumb/v7e-m+fp/hard/crtbegin.o
LOAD C:/ST/STM32CubeIDE_1.13.2/STM32CubeIDE/plugins/com.st.stm32cube.ide.mcu.externaltools.gnu-tools-for-stm32.11.3.rel1.win32_1.1.1.202309131626/tools/bin/../lib/gcc/arm-none-eabi/11.3.1/../../../../arm-none-eabi/lib/thumb/v7e-m+fp/hard/crt0.o
LOAD ./Core/Src/APP_UDS_Diag.o
LOAD ./Core/Src/CanIf.o
LOAD ./Core/Src/CanTp.o
LOAD ./Core/Src/can.o
LOAD ./Core/Src/freertos.o
LOAD ./Core/Src/gpio.o
LOAD ./Core/Src/main.o
LOAD ./Core/Src/stm32f4xx_hal_msp.o
LOAD ./Core/Src/stm32f4xx_hal_timebase_tim.o
LOAD ./Core/Src/stm32f4xx_it.o
LOAD ./Core/Src/syscalls.o
LOAD ./Core/Src/sysmem.o
LOAD ./Core/Src/system_stm32f4xx.o
LOAD ./Core/Src/tim.o
LOAD ./Core/Src/usart.o
LOAD ./Core/Startup/startup_stm32f446retx.o
LOAD ./Drivers/STM32F4xx_HAL_Driver/Src/stm32f4xx_hal.o
LOAD ./Drivers/STM32F4xx_HAL_Driver/Src/stm32f4xx_hal_can.o
LOAD ./Drivers/STM32F4xx_HAL_Driver/Src/stm32f4xx_hal_cortex.o
LOAD ./Drivers/STM32F4xx_HAL_Driver/Src/stm32f4xx_hal_dma.o
LOAD ./Drivers/STM32F4xx_HAL_Driver/Src/stm32f4xx_hal_dma_ex.o
LOAD ./Drivers/STM32F4xx_HAL_Driver/Src/stm32f4xx_hal_exti.o
LOAD ./Drivers/STM32F4xx_HAL_Driver/Src/stm32f4xx_hal_flash.o
LOAD ./Drivers/STM32F4xx_HAL_Driver/Src/stm32f4xx_hal_flash_ex.o
LOAD ./Drivers/STM32F4xx_HAL_Driver/Src/stm32f4xx_hal_flash_ramfunc.o
LOAD ./Drivers/STM32F4xx_HAL_Driver/Src/stm32f4xx_hal_gpio.o
LOAD ./Drivers/STM32F4xx_HAL_Driver/Src/stm32f4xx_hal_pwr.o
LOAD ./Drivers/STM32F4xx_HAL_Driver/Src/stm32f4xx_hal_pwr_ex.o
LOAD ./Drivers/STM32F4xx_HAL_Driver/Src/stm32f4xx_hal_rcc.o
LOAD ./Drivers/STM32F4xx_HAL_Driver/Src/stm32f4xx_hal_rcc_ex.o
LOAD ./Drivers/STM32F4xx_HAL_Driver/Src/stm32f4xx_hal_tim.o
LOAD ./Drivers/STM32F4xx_HAL_Driver/Src/stm32f4xx_hal_tim_ex.o
LOAD ./Drivers/STM32F4xx_HAL_Driver/Src/stm32f4xx_hal_uart.o
LOAD ./Middlewares/Third_Party/FreeRTOS/Source/CMSIS_RTOS/cmsis_os.o
LOAD ./Middlewares/Third_Party/FreeRTOS/Source/croutine.o
LOAD ./Middlewares/Third_Party/FreeRTOS/Source/event_groups.o
LOAD ./Middlewares/Third_Party/FreeRTOS/Source/list.o
LOAD ./Middlewares/Third_Party/FreeRTOS/Source/queue.o
LOAD ./Middlewares/Third_Party/FreeRTOS/Source/stream_buffer.o
LOAD ./Middlewares/Third_Party/FreeRTOS/Source/tasks.o
LOAD ./Middlewares/Third_Party/FreeRTOS/Source/timers.o
LOAD ./Middlewares/Third_Party/FreeRTOS/Source/portable/GCC/ARM_CM4F/port.o
LOAD ./Middlewares/Third_Party/FreeRTOS/Source/portable/MemMang/heap_4.o
START GROUP
LOAD C:/ST/STM32CubeIDE_1.13.2/STM32CubeIDE/plugins/com.st.stm32cube.ide.mcu.externaltools.gnu-tools-for-stm32.11.3.rel1.win32_1.1.1.202309131626/tools/bin/../lib/gcc/arm-none-eabi/11.3.1/../../../../arm-none-eabi/lib/thumb/v7e-m+fp/hard\libc_nano.a
LOAD C:/ST/STM32CubeIDE_1.13.2/STM32CubeIDE/plugins/com.st.stm32cube.ide.mcu.externaltools.gnu-tools-for-stm32.11.3.rel1.win32_1.1.1.202309131626/tools/bin/../lib/gcc/arm-none-eabi/11.3.1/../../../../arm-none-eabi/lib/thumb/v7e-m+fp/hard\libm.a
END GROUP
START GROUP
LOAD C:/ST/STM32CubeIDE_1.13.2/STM32CubeIDE/plugins/com.st.stm32cube.ide.mcu.externaltools.gnu-tools-for-stm32.11.3.rel1.win32_1.1.1.202309131626/tools/bin/../lib/gcc/arm-none-eabi/11.3.1/thumb/v7e-m+fp/hard\libgcc.a
LOAD C:/ST/STM32CubeIDE_1.13.2/STM32CubeIDE/plugins/com.st.stm32cube.ide.mcu.externaltools.gnu-tools-for-stm32.11.3.rel1.win32_1.1.1.202309131626/tools/bin/../lib/gcc/arm-none-eabi/11.3.1/../../../../arm-none-eabi/lib/thumb/v7e-m+fp/hard\libc_nano.a
END GROUP
START GROUP
LOAD C:/ST/STM32CubeIDE_1.13.2/STM32CubeIDE/plugins/com.st.stm32cube.ide.mcu.externaltools.gnu-tools-for-stm32.11.3.rel1.win32_1.1.1.202309131626/tools/bin/../lib/gcc/arm-none-eabi/11.3.1/thumb/v7e-m+fp/hard\libgcc.a
LOAD C:/ST/STM32CubeIDE_1.13.2/STM32CubeIDE/plugins/com.st.stm32cube.ide.mcu.externaltools.gnu-tools-for-stm32.11.3.rel1.win32_1.1.1.202309131626/tools/bin/../lib/gcc/arm-none-eabi/11.3.1/../../../../arm-none-eabi/lib/thumb/v7e-m+fp/hard\libc_nano.a
LOAD C:/ST/STM32CubeIDE_1.13.2/STM32CubeIDE/plugins/com.st.stm32cube.ide.mcu.externaltools.gnu-tools-for-stm32.11.3.rel1.win32_1.1.1.202309131626/tools/bin/../lib/gcc/arm-none-eabi/11.3.1/../../../../arm-none-eabi/lib/thumb/v7e-m+fp/hard\libnosys.a
END GROUP
START GROUP
LOAD C:/ST/STM32CubeIDE_1.13.2/STM32CubeIDE/plugins/com.st.stm32cube.ide.mcu.externaltools.gnu-tools-for-stm32.11.3.rel1.win32_1.1.1.202309131626/tools/bin/../lib/gcc/arm-none-eabi/11.3.1/thumb/v7e-m+fp/hard\libgcc.a
LOAD C:/ST/STM32CubeIDE_1.13.2/STM32CubeIDE/plugins/com.st.stm32cube.ide.mcu.externaltools.gnu-tools-for-stm32.11.3.rel1.win32_1.1.1.202309131626/tools/bin/../lib/gcc/arm-none-eabi/11.3.1/../../../../arm-none-eabi/lib/thumb/v7e-m+fp/hard\libc_nano.a
LOAD C:/ST/STM32CubeIDE_1.13.2/STM32CubeIDE/plugins/com.st.stm32cube.ide.mcu.externaltools.gnu-tools-for-stm32.11.3.rel1.win32_1.1.1.202309131626/tools/bin/../lib/gcc/arm-none-eabi/11.3.1/../../../../arm-none-eabi/lib/thumb/v7e-m+fp/hard\libnosys.a
END GROUP
LOAD C:/ST/STM32CubeIDE_1.13.2/STM32CubeIDE/plugins/com.st.stm32cube.ide.mcu.externaltools.gnu-tools-for-stm32.11.3.rel1.win32_1.1.1.202309131626/tools/bin/../lib/gcc/arm-none-eabi/11.3.1/thumb/v7e-m+fp/hard/crtend.o
LOAD C:/ST/STM32CubeIDE_1.13.2/STM32CubeIDE/plugins/com.st.stm32cube.ide.mcu.externaltools.gnu-tools-for-stm32.11.3.rel1.win32_1.1.1.202309131626/tools/bin/../lib/gcc/arm-none-eabi/11.3.1/thumb/v7e-m+fp/hard/crtn.o
                0x0000000020020000                _estack = (ORIGIN (RAM) + LENGTH (RAM))
                0x0000000000000200                _Min_Heap_Size = 0x200
                0x0000000000000400                _Min_Stack_Size = 0x400

.isr_vector     0x0000000008000000      0x1c4
                0x0000000008000000                . = ALIGN (0x4)
 *(.isr_vector)
 .isr_vector    0x0000000008000000      0x1c4 ./Core/Startup/startup_stm32f446retx.o
                0x0000000008000000                g_pfnVectors
                0x00000000080001c4                . = ALIGN (0x4)

.text           0x00000000080001d0     0x69dc
                0x00000000080001d0                . = ALIGN (0x4)
 *(.text)
 .text          0x00000000080001d0       0x40 C:/ST/STM32CubeIDE_1.13.2/STM32CubeIDE/plugins/com.st.stm32cube.ide.mcu.externaltools.gnu-tools-for-stm32.11.3.rel1.win32_1.1.1.202309131626/tools/bin/../lib/gcc/arm-none-eabi/11.3.1/thumb/v7e-m+fp/hard/crtbegin.o
 .text          0x0000000008000210       0x30 C:/ST/STM32CubeIDE_1.13.2/STM32CubeIDE/plugins/com.st.stm32cube.ide.mcu.externaltools.gnu-tools-for-stm32.11.3.rel1.win32_1.1.1.202309131626/tools/bin/../lib/gcc/arm-none-eabi/11.3.1/thumb/v7e-m+fp/hard\libgcc.a(_aeabi_uldivmod.o)
                0x0000000008000210                __aeabi_uldivmod
 .text          0x0000000008000240      0x2c8 C:/ST/STM32CubeIDE_1.13.2/STM32CubeIDE/plugins/com.st.stm32cube.ide.mcu.externaltools.gnu-tools-for-stm32.11.3.rel1.win32_1.1.1.202309131626/tools/bin/../lib/gcc/arm-none-eabi/11.3.1/thumb/v7e-m+fp/hard\libgcc.a(_udivmoddi4.o)
                0x0000000008000240                __udivmoddi4
 .text          0x0000000008000508        0x4 C:/ST/STM32CubeIDE_1.13.2/STM32CubeIDE/plugins/com.st.stm32cube.ide.mcu.externaltools.gnu-tools-for-stm32.11.3.rel1.win32_1.1.1.202309131626/tools/bin/../lib/gcc/arm-none-eabi/11.3.1/thumb/v7e-m+fp/hard\libgcc.a(_dvmd_tls.o)
                0x0000000008000508                __aeabi_idiv0
                0x0000000008000508                __aeabi_ldiv0
 *(.text*)
 .text.UDS_Write_Data_Server
                0x000000000800050c       0xc8 ./Core/Src/APP_UDS_Diag.o
                0x000000000800050c                UDS_Write_Data_Server
 .text.UDS_Send_Pos_Res
                0x00000000080005d4       0xdc ./Core/Src/APP_UDS_Diag.o
                0x00000000080005d4                UDS_Send_Pos_Res
 .text.UDS_Send_Neg_Res
                0x00000000080006b0       0x48 ./Core/Src/APP_UDS_Diag.o
                0x00000000080006b0                UDS_Send_Neg_Res
 .text.UDS_Tester_Presenter_Server
                0x00000000080006f8       0x30 ./Core/Src/APP_UDS_Diag.o
                0x00000000080006f8                UDS_Tester_Presenter_Server
 .text.reset_timer
                0x0000000008000728       0x1c ./Core/Src/APP_UDS_Diag.o
                0x0000000008000728                reset_timer
 .text.start_timer
                0x0000000008000744       0x14 ./Core/Src/APP_UDS_Diag.o
                0x0000000008000744                start_timer
 .text.UDS_Control_Session_Server
                0x0000000008000758       0x88 ./Core/Src/APP_UDS_Diag.o
                0x0000000008000758                UDS_Control_Session_Server
 .text.Sec_u32GetSeed
                0x00000000080007e0       0x18 ./Core/Src/APP_UDS_Diag.o
                0x00000000080007e0                Sec_u32GetSeed
 .text.Sec_u32GetAlgorithm
                0x00000000080007f8       0x10 ./Core/Src/APP_UDS_Diag.o
                0x00000000080007f8                Sec_u32GetAlgorithm
 .text.Sec_u32GetKey
                0x0000000008000808       0x28 ./Core/Src/APP_UDS_Diag.o
                0x0000000008000808                Sec_u32GetKey
 .text.Sec_uint32SecurityAccess
                0x0000000008000830      0x114 ./Core/Src/APP_UDS_Diag.o
                0x0000000008000830                Sec_uint32SecurityAccess
 .text.UDS_Read_Data_Server
                0x0000000008000944       0xe8 ./Core/Src/APP_UDS_Diag.o
                0x0000000008000944                UDS_Read_Data_Server
 .text.server_call_back
                0x0000000008000a2c      0x1b0 ./Core/Src/APP_UDS_Diag.o
                0x0000000008000a2c                server_call_back
 .text.HAL_CAN_RxFifo0MsgPendingCallback
                0x0000000008000bdc       0x38 ./Core/Src/CanIf.o
                0x0000000008000bdc                HAL_CAN_RxFifo0MsgPendingCallback
 .text.CanIf_Transmit
                0x0000000008000c14       0x5c ./Core/Src/CanIf.o
                0x0000000008000c14                CanIf_Transmit
 .text.CanIf_Receive
                0x0000000008000c70       0xd4 ./Core/Src/CanIf.o
                0x0000000008000c70                CanIf_Receive
 .text.CanIf_setCallback
                0x0000000008000d44       0x24 ./Core/Src/CanIf.o
                0x0000000008000d44                CanIf_setCallback
 .text.CanTp_Init
                0x0000000008000d68       0x14 ./Core/Src/CanTp.o
                0x0000000008000d68                CanTp_Init
 .text.CanTp_MainFunction
                0x0000000008000d7c      0x274 ./Core/Src/CanTp.o
                0x0000000008000d7c                CanTp_MainFunction
 .text.CanTp_Transmit
                0x0000000008000ff0       0x38 ./Core/Src/CanTp.o
                0x0000000008000ff0                CanTp_Transmit
 .text.CanTp_RxIndication
                0x0000000008001028       0x38 ./Core/Src/CanTp.o
                0x0000000008001028                CanTp_RxIndication
 .text.CanTp_GetFrameType
                0x0000000008001060       0x28 ./Core/Src/CanTp.o
                0x0000000008001060                CanTp_GetFrameType
 .text.CanTp_setCallback
                0x0000000008001088       0x24 ./Core/Src/CanTp.o
                0x0000000008001088                CanTp_setCallback
 .text.CanTp_encodeSingleFrame
                0x00000000080010ac       0x94 ./Core/Src/CanTp.o
                0x00000000080010ac                CanTp_encodeSingleFrame
 .text.CanTp_encodeFirstFrame
                0x0000000008001140       0x80 ./Core/Src/CanTp.o
                0x0000000008001140                CanTp_encodeFirstFrame
 .text.CanTp_encodeConsecutiveFrame
                0x00000000080011c0       0xcc ./Core/Src/CanTp.o
                0x00000000080011c0                CanTp_encodeConsecutiveFrame
 .text.CanTp_encodeFlowControlFrame
                0x000000000800128c       0x5c ./Core/Src/CanTp.o
                0x000000000800128c                CanTp_encodeFlowControlFrame
 .text.CanTp_decodeSingleFrame
                0x00000000080012e8       0x6c ./Core/Src/CanTp.o
                0x00000000080012e8                CanTp_decodeSingleFrame
 .text.CanTp_decodeFirstFrame
                0x0000000008001354       0x70 ./Core/Src/CanTp.o
                0x0000000008001354                CanTp_decodeFirstFrame
 .text.CanTp_decodeConsecutiveFrame
                0x00000000080013c4       0x90 ./Core/Src/CanTp.o
                0x00000000080013c4                CanTp_decodeConsecutiveFrame
 .text.CanTp_decodeFlowControlFrame
                0x0000000008001454       0x74 ./Core/Src/CanTp.o
                0x0000000008001454                CanTp_decodeFlowControlFrame
 .text.CanTp_ConnectData
                0x00000000080014c8       0x74 ./Core/Src/CanTp.o
                0x00000000080014c8                CanTp_ConnectData
 .text.MX_CAN1_Init
                0x000000000800153c       0xa8 ./Core/Src/can.o
                0x000000000800153c                MX_CAN1_Init
 .text.HAL_CAN_MspInit
                0x00000000080015e4       0xb0 ./Core/Src/can.o
                0x00000000080015e4                HAL_CAN_MspInit
 .text.vApplicationGetIdleTaskMemory
                0x0000000008001694       0x34 ./Core/Src/freertos.o
                0x0000000008001694                vApplicationGetIdleTaskMemory
 .text.MX_FREERTOS_Init
                0x00000000080016c8       0x38 ./Core/Src/freertos.o
                0x00000000080016c8                MX_FREERTOS_Init
 .text.StartDefaultTask
                0x0000000008001700       0x10 ./Core/Src/freertos.o
                0x0000000008001700                StartDefaultTask
 .text.MX_GPIO_Init
                0x0000000008001710       0xdc ./Core/Src/gpio.o
                0x0000000008001710                MX_GPIO_Init
 .text.main     0x00000000080017ec       0x84 ./Core/Src/main.o
                0x00000000080017ec                main
 .text.SystemClock_Config
                0x0000000008001870       0xdc ./Core/Src/main.o
                0x0000000008001870                SystemClock_Config
 .text.HAL_TIM_PeriodElapsedCallback
                0x000000000800194c       0x74 ./Core/Src/main.o
                0x000000000800194c                HAL_TIM_PeriodElapsedCallback
 .text.Error_Handler
                0x00000000080019c0        0xa ./Core/Src/main.o
                0x00000000080019c0                Error_Handler
 *fill*         0x00000000080019ca        0x2 
 .text.HAL_MspInit
                0x00000000080019cc       0x58 ./Core/Src/stm32f4xx_hal_msp.o
                0x00000000080019cc                HAL_MspInit
 .text.HAL_InitTick
                0x0000000008001a24       0xe4 ./Core/Src/stm32f4xx_hal_timebase_tim.o
                0x0000000008001a24                HAL_InitTick
 .text.NMI_Handler
                0x0000000008001b08        0x6 ./Core/Src/stm32f4xx_it.o
                0x0000000008001b08                NMI_Handler
 .text.HardFault_Handler
                0x0000000008001b0e        0x6 ./Core/Src/stm32f4xx_it.o
                0x0000000008001b0e                HardFault_Handler
 .text.MemManage_Handler
                0x0000000008001b14        0x6 ./Core/Src/stm32f4xx_it.o
                0x0000000008001b14                MemManage_Handler
 .text.BusFault_Handler
                0x0000000008001b1a        0x6 ./Core/Src/stm32f4xx_it.o
                0x0000000008001b1a                BusFault_Handler
 .text.UsageFault_Handler
                0x0000000008001b20        0x6 ./Core/Src/stm32f4xx_it.o
                0x0000000008001b20                UsageFault_Handler
 .text.DebugMon_Handler
                0x0000000008001b26        0xe ./Core/Src/stm32f4xx_it.o
                0x0000000008001b26                DebugMon_Handler
 .text.CAN1_RX0_IRQHandler
                0x0000000008001b34       0x14 ./Core/Src/stm32f4xx_it.o
                0x0000000008001b34                CAN1_RX0_IRQHandler
 .text.CAN1_RX1_IRQHandler
                0x0000000008001b48       0x14 ./Core/Src/stm32f4xx_it.o
                0x0000000008001b48                CAN1_RX1_IRQHandler
 .text.TIM1_UP_TIM10_IRQHandler
                0x0000000008001b5c       0x14 ./Core/Src/stm32f4xx_it.o
                0x0000000008001b5c                TIM1_UP_TIM10_IRQHandler
 .text.USART2_IRQHandler
                0x0000000008001b70       0x14 ./Core/Src/stm32f4xx_it.o
                0x0000000008001b70                USART2_IRQHandler
 .text.TIM6_DAC_IRQHandler
                0x0000000008001b84       0x14 ./Core/Src/stm32f4xx_it.o
                0x0000000008001b84                TIM6_DAC_IRQHandler
 .text.SystemInit
                0x0000000008001b98       0x24 ./Core/Src/system_stm32f4xx.o
                0x0000000008001b98                SystemInit
 .text.MX_TIM6_Init
                0x0000000008001bbc       0x6c ./Core/Src/tim.o
                0x0000000008001bbc                MX_TIM6_Init
 .text.HAL_TIM_Base_MspInit
                0x0000000008001c28       0x50 ./Core/Src/tim.o
                0x0000000008001c28                HAL_TIM_Base_MspInit
 .text.MX_USART2_UART_Init
                0x0000000008001c78       0x54 ./Core/Src/usart.o
                0x0000000008001c78                MX_USART2_UART_Init
 .text.HAL_UART_MspInit
                0x0000000008001ccc       0xa0 ./Core/Src/usart.o
                0x0000000008001ccc                HAL_UART_MspInit
 .text.Reset_Handler
                0x0000000008001d6c       0x50 ./Core/Startup/startup_stm32f446retx.o
                0x0000000008001d6c                Reset_Handler
 .text.Default_Handler
                0x0000000008001dbc        0x2 ./Core/Startup/startup_stm32f446retx.o
                0x0000000008001dbc                RTC_Alarm_IRQHandler
                0x0000000008001dbc                EXTI2_IRQHandler
                0x0000000008001dbc                TIM8_CC_IRQHandler
                0x0000000008001dbc                FMPI2C1_EV_IRQHandler
                0x0000000008001dbc                SPI4_IRQHandler
                0x0000000008001dbc                TIM1_CC_IRQHandler
                0x0000000008001dbc                DMA2_Stream5_IRQHandler
                0x0000000008001dbc                DMA1_Stream5_IRQHandler
                0x0000000008001dbc                PVD_IRQHandler
                0x0000000008001dbc                SDIO_IRQHandler
                0x0000000008001dbc                TAMP_STAMP_IRQHandler
                0x0000000008001dbc                CAN2_RX1_IRQHandler
                0x0000000008001dbc                EXTI3_IRQHandler
                0x0000000008001dbc                TIM8_TRG_COM_TIM14_IRQHandler
                0x0000000008001dbc                TIM8_UP_TIM13_IRQHandler
                0x0000000008001dbc                I2C3_ER_IRQHandler
                0x0000000008001dbc                EXTI0_IRQHandler
                0x0000000008001dbc                I2C2_EV_IRQHandler
                0x0000000008001dbc                DMA1_Stream2_IRQHandler
                0x0000000008001dbc                FPU_IRQHandler
                0x0000000008001dbc                OTG_HS_WKUP_IRQHandler
                0x0000000008001dbc                CAN2_SCE_IRQHandler
                0x0000000008001dbc                DMA2_Stream2_IRQHandler
                0x0000000008001dbc                SPI1_IRQHandler
                0x0000000008001dbc                TIM1_BRK_TIM9_IRQHandler
                0x0000000008001dbc                DCMI_IRQHandler
                0x0000000008001dbc                CAN2_RX0_IRQHandler
                0x0000000008001dbc                DMA2_Stream3_IRQHandler
                0x0000000008001dbc                SAI2_IRQHandler
                0x0000000008001dbc                USART6_IRQHandler
                0x0000000008001dbc                USART3_IRQHandler
                0x0000000008001dbc                UART5_IRQHandler
                0x0000000008001dbc                DMA2_Stream0_IRQHandler
                0x0000000008001dbc                TIM4_IRQHandler
                0x0000000008001dbc                QUADSPI_IRQHandler
                0x0000000008001dbc                I2C1_EV_IRQHandler
                0x0000000008001dbc                DMA1_Stream6_IRQHandler
                0x0000000008001dbc                DMA1_Stream1_IRQHandler
                0x0000000008001dbc                UART4_IRQHandler
                0x0000000008001dbc                TIM3_IRQHandler
                0x0000000008001dbc                RCC_IRQHandler
                0x0000000008001dbc                TIM8_BRK_TIM12_IRQHandler
                0x0000000008001dbc                Default_Handler
                0x0000000008001dbc                CEC_IRQHandler
                0x0000000008001dbc                EXTI15_10_IRQHandler
                0x0000000008001dbc                ADC_IRQHandler
                0x0000000008001dbc                DMA1_Stream7_IRQHandler
                0x0000000008001dbc                TIM7_IRQHandler
                0x0000000008001dbc                CAN2_TX_IRQHandler
                0x0000000008001dbc                TIM5_IRQHandler
                0x0000000008001dbc                DMA2_Stream7_IRQHandler
                0x0000000008001dbc                I2C3_EV_IRQHandler
                0x0000000008001dbc                EXTI9_5_IRQHandler
                0x0000000008001dbc                RTC_WKUP_IRQHandler
                0x0000000008001dbc                SPDIF_RX_IRQHandler
                0x0000000008001dbc                SPI2_IRQHandler
                0x0000000008001dbc                OTG_HS_EP1_IN_IRQHandler
                0x0000000008001dbc                DMA1_Stream0_IRQHandler
                0x0000000008001dbc                CAN1_TX_IRQHandler
                0x0000000008001dbc                FMPI2C1_ER_IRQHandler
                0x0000000008001dbc                EXTI4_IRQHandler
                0x0000000008001dbc                OTG_HS_EP1_OUT_IRQHandler
                0x0000000008001dbc                WWDG_IRQHandler
                0x0000000008001dbc                TIM2_IRQHandler
                0x0000000008001dbc                OTG_FS_WKUP_IRQHandler
                0x0000000008001dbc                TIM1_TRG_COM_TIM11_IRQHandler
                0x0000000008001dbc                OTG_HS_IRQHandler
                0x0000000008001dbc                EXTI1_IRQHandler
                0x0000000008001dbc                I2C2_ER_IRQHandler
                0x0000000008001dbc                DMA2_Stream1_IRQHandler
                0x0000000008001dbc                CAN1_SCE_IRQHandler
                0x0000000008001dbc                FLASH_IRQHandler
                0x0000000008001dbc                DMA2_Stream4_IRQHandler
                0x0000000008001dbc                USART1_IRQHandler
                0x0000000008001dbc                OTG_FS_IRQHandler
                0x0000000008001dbc                SPI3_IRQHandler
                0x0000000008001dbc                DMA1_Stream4_IRQHandler
                0x0000000008001dbc                I2C1_ER_IRQHandler
                0x0000000008001dbc                FMC_IRQHandler
                0x0000000008001dbc                DMA2_Stream6_IRQHandler
                0x0000000008001dbc                SAI1_IRQHandler
                0x0000000008001dbc                DMA1_Stream3_IRQHandler
 *fill*         0x0000000008001dbe        0x2 
 .text.HAL_Init
                0x0000000008001dc0       0x44 ./Drivers/STM32F4xx_HAL_Driver/Src/stm32f4xx_hal.o
                0x0000000008001dc0                HAL_Init
 .text.HAL_IncTick
                0x0000000008001e04       0x28 ./Drivers/STM32F4xx_HAL_Driver/Src/stm32f4xx_hal.o
                0x0000000008001e04                HAL_IncTick
 .text.HAL_GetTick
                0x0000000008001e2c       0x18 ./Drivers/STM32F4xx_HAL_Driver/Src/stm32f4xx_hal.o
                0x0000000008001e2c                HAL_GetTick
 .text.HAL_CAN_Init
                0x0000000008001e44      0x1f6 ./Drivers/STM32F4xx_HAL_Driver/Src/stm32f4xx_hal_can.o
                0x0000000008001e44                HAL_CAN_Init
 *fill*         0x000000000800203a        0x2 
 .text.HAL_CAN_ConfigFilter
                0x000000000800203c      0x1c0 ./Drivers/STM32F4xx_HAL_Driver/Src/stm32f4xx_hal_can.o
                0x000000000800203c                HAL_CAN_ConfigFilter
 .text.HAL_CAN_Start
                0x00000000080021fc       0x88 ./Drivers/STM32F4xx_HAL_Driver/Src/stm32f4xx_hal_can.o
                0x00000000080021fc                HAL_CAN_Start
 .text.HAL_CAN_AddTxMessage
                0x0000000008002284      0x1b6 ./Drivers/STM32F4xx_HAL_Driver/Src/stm32f4xx_hal_can.o
                0x0000000008002284                HAL_CAN_AddTxMessage
 .text.HAL_CAN_GetTxMailboxesFreeLevel
                0x000000000800243a       0x6a ./Drivers/STM32F4xx_HAL_Driver/Src/stm32f4xx_hal_can.o
                0x000000000800243a                HAL_CAN_GetTxMailboxesFreeLevel
 .text.HAL_CAN_GetRxMessage
                0x00000000080024a4      0x224 ./Drivers/STM32F4xx_HAL_Driver/Src/stm32f4xx_hal_can.o
                0x00000000080024a4                HAL_CAN_GetRxMessage
 .text.HAL_CAN_ActivateNotification
                0x00000000080026c8       0x4c ./Drivers/STM32F4xx_HAL_Driver/Src/stm32f4xx_hal_can.o
                0x00000000080026c8                HAL_CAN_ActivateNotification
 .text.HAL_CAN_IRQHandler
                0x0000000008002714      0x36e ./Drivers/STM32F4xx_HAL_Driver/Src/stm32f4xx_hal_can.o
                0x0000000008002714                HAL_CAN_IRQHandler
 .text.HAL_CAN_TxMailbox0CompleteCallback
                0x0000000008002a82       0x14 ./Drivers/STM32F4xx_HAL_Driver/Src/stm32f4xx_hal_can.o
                0x0000000008002a82                HAL_CAN_TxMailbox0CompleteCallback
 .text.HAL_CAN_TxMailbox1CompleteCallback
                0x0000000008002a96       0x14 ./Drivers/STM32F4xx_HAL_Driver/Src/stm32f4xx_hal_can.o
                0x0000000008002a96                HAL_CAN_TxMailbox1CompleteCallback
 .text.HAL_CAN_TxMailbox2CompleteCallback
                0x0000000008002aaa       0x14 ./Drivers/STM32F4xx_HAL_Driver/Src/stm32f4xx_hal_can.o
                0x0000000008002aaa                HAL_CAN_TxMailbox2CompleteCallback
 .text.HAL_CAN_TxMailbox0AbortCallback
                0x0000000008002abe       0x14 ./Drivers/STM32F4xx_HAL_Driver/Src/stm32f4xx_hal_can.o
                0x0000000008002abe                HAL_CAN_TxMailbox0AbortCallback
 .text.HAL_CAN_TxMailbox1AbortCallback
                0x0000000008002ad2       0x14 ./Drivers/STM32F4xx_HAL_Driver/Src/stm32f4xx_hal_can.o
                0x0000000008002ad2                HAL_CAN_TxMailbox1AbortCallback
 .text.HAL_CAN_TxMailbox2AbortCallback
                0x0000000008002ae6       0x14 ./Drivers/STM32F4xx_HAL_Driver/Src/stm32f4xx_hal_can.o
                0x0000000008002ae6                HAL_CAN_TxMailbox2AbortCallback
 .text.HAL_CAN_RxFifo0FullCallback
                0x0000000008002afa       0x14 ./Drivers/STM32F4xx_HAL_Driver/Src/stm32f4xx_hal_can.o
                0x0000000008002afa                HAL_CAN_RxFifo0FullCallback
 .text.HAL_CAN_RxFifo1MsgPendingCallback
                0x0000000008002b0e       0x14 ./Drivers/STM32F4xx_HAL_Driver/Src/stm32f4xx_hal_can.o
                0x0000000008002b0e                HAL_CAN_RxFifo1MsgPendingCallback
 .text.HAL_CAN_RxFifo1FullCallback
                0x0000000008002b22       0x14 ./Drivers/STM32F4xx_HAL_Driver/Src/stm32f4xx_hal_can.o
                0x0000000008002b22                HAL_CAN_RxFifo1FullCallback
 .text.HAL_CAN_SleepCallback
                0x0000000008002b36       0x14 ./Drivers/STM32F4xx_HAL_Driver/Src/stm32f4xx_hal_can.o
                0x0000000008002b36                HAL_CAN_SleepCallback
 .text.HAL_CAN_WakeUpFromRxMsgCallback
                0x0000000008002b4a       0x14 ./Drivers/STM32F4xx_HAL_Driver/Src/stm32f4xx_hal_can.o
                0x0000000008002b4a                HAL_CAN_WakeUpFromRxMsgCallback
 .text.HAL_CAN_ErrorCallback
                0x0000000008002b5e       0x14 ./Drivers/STM32F4xx_HAL_Driver/Src/stm32f4xx_hal_can.o
                0x0000000008002b5e                HAL_CAN_ErrorCallback
 *fill*         0x0000000008002b72        0x2 
 .text.__NVIC_SetPriorityGrouping
                0x0000000008002b74       0x48 ./Drivers/STM32F4xx_HAL_Driver/Src/stm32f4xx_hal_cortex.o
 .text.__NVIC_GetPriorityGrouping
                0x0000000008002bbc       0x1c ./Drivers/STM32F4xx_HAL_Driver/Src/stm32f4xx_hal_cortex.o
 .text.__NVIC_EnableIRQ
                0x0000000008002bd8       0x3c ./Drivers/STM32F4xx_HAL_Driver/Src/stm32f4xx_hal_cortex.o
 .text.__NVIC_SetPriority
                0x0000000008002c14       0x54 ./Drivers/STM32F4xx_HAL_Driver/Src/stm32f4xx_hal_cortex.o
 .text.NVIC_EncodePriority
                0x0000000008002c68       0x66 ./Drivers/STM32F4xx_HAL_Driver/Src/stm32f4xx_hal_cortex.o
 .text.HAL_NVIC_SetPriorityGrouping
                0x0000000008002cce       0x16 ./Drivers/STM32F4xx_HAL_Driver/Src/stm32f4xx_hal_cortex.o
                0x0000000008002cce                HAL_NVIC_SetPriorityGrouping
 .text.HAL_NVIC_SetPriority
                0x0000000008002ce4       0x38 ./Drivers/STM32F4xx_HAL_Driver/Src/stm32f4xx_hal_cortex.o
                0x0000000008002ce4                HAL_NVIC_SetPriority
 .text.HAL_NVIC_EnableIRQ
                0x0000000008002d1c       0x1c ./Drivers/STM32F4xx_HAL_Driver/Src/stm32f4xx_hal_cortex.o
                0x0000000008002d1c                HAL_NVIC_EnableIRQ
 .text.HAL_DMA_Abort
                0x0000000008002d38       0xe0 ./Drivers/STM32F4xx_HAL_Driver/Src/stm32f4xx_hal_dma.o
                0x0000000008002d38                HAL_DMA_Abort
 .text.HAL_DMA_Abort_IT
                0x0000000008002e18       0x44 ./Drivers/STM32F4xx_HAL_Driver/Src/stm32f4xx_hal_dma.o
                0x0000000008002e18                HAL_DMA_Abort_IT
 .text.HAL_GPIO_Init
                0x0000000008002e5c      0x328 ./Drivers/STM32F4xx_HAL_Driver/Src/stm32f4xx_hal_gpio.o
                0x0000000008002e5c                HAL_GPIO_Init
 .text.HAL_GPIO_WritePin
                0x0000000008003184       0x32 ./Drivers/STM32F4xx_HAL_Driver/Src/stm32f4xx_hal_gpio.o
                0x0000000008003184                HAL_GPIO_WritePin
 .text.HAL_GPIO_TogglePin
                0x00000000080031b6       0x34 ./Drivers/STM32F4xx_HAL_Driver/Src/stm32f4xx_hal_gpio.o
                0x00000000080031b6                HAL_GPIO_TogglePin
 *fill*         0x00000000080031ea        0x2 
 .text.HAL_RCC_ClockConfig
                0x00000000080031ec      0x1cc ./Drivers/STM32F4xx_HAL_Driver/Src/stm32f4xx_hal_rcc.o
                0x00000000080031ec                HAL_RCC_ClockConfig
 .text.HAL_RCC_GetHCLKFreq
                0x00000000080033b8       0x18 ./Drivers/STM32F4xx_HAL_Driver/Src/stm32f4xx_hal_rcc.o
                0x00000000080033b8                HAL_RCC_GetHCLKFreq
 .text.HAL_RCC_GetPCLK1Freq
                0x00000000080033d0       0x28 ./Drivers/STM32F4xx_HAL_Driver/Src/stm32f4xx_hal_rcc.o
                0x00000000080033d0                HAL_RCC_GetPCLK1Freq
 .text.HAL_RCC_GetPCLK2Freq
                0x00000000080033f8       0x28 ./Drivers/STM32F4xx_HAL_Driver/Src/stm32f4xx_hal_rcc.o
                0x00000000080033f8                HAL_RCC_GetPCLK2Freq
 .text.HAL_RCC_GetClockConfig
                0x0000000008003420       0x64 ./Drivers/STM32F4xx_HAL_Driver/Src/stm32f4xx_hal_rcc.o
                0x0000000008003420                HAL_RCC_GetClockConfig
 .text.HAL_RCC_GetSysClockFreq
                0x0000000008003484      0x460 ./Drivers/STM32F4xx_HAL_Driver/Src/stm32f4xx_hal_rcc_ex.o
                0x0000000008003484                HAL_RCC_GetSysClockFreq
 .text.HAL_RCC_OscConfig
                0x00000000080038e4      0x53c ./Drivers/STM32F4xx_HAL_Driver/Src/stm32f4xx_hal_rcc_ex.o
                0x00000000080038e4                HAL_RCC_OscConfig
 .text.HAL_TIM_Base_Init
                0x0000000008003e20       0x9e ./Drivers/STM32F4xx_HAL_Driver/Src/stm32f4xx_hal_tim.o
                0x0000000008003e20                HAL_TIM_Base_Init
 *fill*         0x0000000008003ebe        0x2 
 .text.HAL_TIM_Base_Start_IT
                0x0000000008003ec0       0xe0 ./Drivers/STM32F4xx_HAL_Driver/Src/stm32f4xx_hal_tim.o
                0x0000000008003ec0                HAL_TIM_Base_Start_IT
 .text.HAL_TIM_Base_Stop_IT
                0x0000000008003fa0       0x5e ./Drivers/STM32F4xx_HAL_Driver/Src/stm32f4xx_hal_tim.o
                0x0000000008003fa0                HAL_TIM_Base_Stop_IT
 .text.HAL_TIM_IRQHandler
                0x0000000008003ffe      0x210 ./Drivers/STM32F4xx_HAL_Driver/Src/stm32f4xx_hal_tim.o
                0x0000000008003ffe                HAL_TIM_IRQHandler
 .text.HAL_TIM_OC_DelayElapsedCallback
                0x000000000800420e       0x14 ./Drivers/STM32F4xx_HAL_Driver/Src/stm32f4xx_hal_tim.o
                0x000000000800420e                HAL_TIM_OC_DelayElapsedCallback
 .text.HAL_TIM_IC_CaptureCallback
                0x0000000008004222       0x14 ./Drivers/STM32F4xx_HAL_Driver/Src/stm32f4xx_hal_tim.o
                0x0000000008004222                HAL_TIM_IC_CaptureCallback
 .text.HAL_TIM_PWM_PulseFinishedCallback
                0x0000000008004236       0x14 ./Drivers/STM32F4xx_HAL_Driver/Src/stm32f4xx_hal_tim.o
                0x0000000008004236                HAL_TIM_PWM_PulseFinishedCallback
 .text.HAL_TIM_TriggerCallback
                0x000000000800424a       0x14 ./Drivers/STM32F4xx_HAL_Driver/Src/stm32f4xx_hal_tim.o
                0x000000000800424a                HAL_TIM_TriggerCallback
 *fill*         0x000000000800425e        0x2 
 .text.TIM_Base_SetConfig
                0x0000000008004260      0x140 ./Drivers/STM32F4xx_HAL_Driver/Src/stm32f4xx_hal_tim.o
                0x0000000008004260                TIM_Base_SetConfig
 .text.HAL_TIMEx_MasterConfigSynchronization
                0x00000000080043a0       0xf8 ./Drivers/STM32F4xx_HAL_Driver/Src/stm32f4xx_hal_tim_ex.o
                0x00000000080043a0                HAL_TIMEx_MasterConfigSynchronization
 .text.HAL_TIMEx_CommutCallback
                0x0000000008004498       0x14 ./Drivers/STM32F4xx_HAL_Driver/Src/stm32f4xx_hal_tim_ex.o
                0x0000000008004498                HAL_TIMEx_CommutCallback
 .text.HAL_TIMEx_BreakCallback
                0x00000000080044ac       0x14 ./Drivers/STM32F4xx_HAL_Driver/Src/stm32f4xx_hal_tim_ex.o
                0x00000000080044ac                HAL_TIMEx_BreakCallback
 .text.HAL_UART_Init
                0x00000000080044c0       0x9a ./Drivers/STM32F4xx_HAL_Driver/Src/stm32f4xx_hal_uart.o
                0x00000000080044c0                HAL_UART_Init
 .text.HAL_UART_Transmit
                0x000000000800455a      0x124 ./Drivers/STM32F4xx_HAL_Driver/Src/stm32f4xx_hal_uart.o
                0x000000000800455a                HAL_UART_Transmit
 *fill*         0x000000000800467e        0x2 
 .text.HAL_UART_IRQHandler
                0x0000000008004680      0x51c ./Drivers/STM32F4xx_HAL_Driver/Src/stm32f4xx_hal_uart.o
                0x0000000008004680                HAL_UART_IRQHandler
 .text.HAL_UART_TxCpltCallback
                0x0000000008004b9c       0x14 ./Drivers/STM32F4xx_HAL_Driver/Src/stm32f4xx_hal_uart.o
                0x0000000008004b9c                HAL_UART_TxCpltCallback
 .text.HAL_UART_RxCpltCallback
                0x0000000008004bb0       0x14 ./Drivers/STM32F4xx_HAL_Driver/Src/stm32f4xx_hal_uart.o
                0x0000000008004bb0                HAL_UART_RxCpltCallback
 .text.HAL_UART_ErrorCallback
                0x0000000008004bc4       0x14 ./Drivers/STM32F4xx_HAL_Driver/Src/stm32f4xx_hal_uart.o
                0x0000000008004bc4                HAL_UART_ErrorCallback
 .text.HAL_UARTEx_RxEventCallback
                0x0000000008004bd8       0x18 ./Drivers/STM32F4xx_HAL_Driver/Src/stm32f4xx_hal_uart.o
                0x0000000008004bd8                HAL_UARTEx_RxEventCallback
 .text.UART_WaitOnFlagUntilTimeout
                0x0000000008004bf0       0xdc ./Drivers/STM32F4xx_HAL_Driver/Src/stm32f4xx_hal_uart.o
 .text.UART_EndRxTransfer
                0x0000000008004ccc       0xc6 ./Drivers/STM32F4xx_HAL_Driver/Src/stm32f4xx_hal_uart.o
 .text.UART_DMAAbortOnError
                0x0000000008004d92       0x28 ./Drivers/STM32F4xx_HAL_Driver/Src/stm32f4xx_hal_uart.o
 .text.UART_Transmit_IT
                0x0000000008004dba       0xa0 ./Drivers/STM32F4xx_HAL_Driver/Src/stm32f4xx_hal_uart.o
 .text.UART_EndTransmit_IT
                0x0000000008004e5a       0x30 ./Drivers/STM32F4xx_HAL_Driver/Src/stm32f4xx_hal_uart.o
 .text.UART_Receive_IT
                0x0000000008004e8a      0x176 ./Drivers/STM32F4xx_HAL_Driver/Src/stm32f4xx_hal_uart.o
 .text.UART_SetConfig
                0x0000000008005000      0x4e8 ./Drivers/STM32F4xx_HAL_Driver/Src/stm32f4xx_hal_uart.o
 .text.makeFreeRtosPriority
                0x00000000080054e8       0x30 ./Middlewares/Third_Party/FreeRTOS/Source/CMSIS_RTOS/cmsis_os.o
 .text.osKernelStart
                0x0000000008005518        0xe ./Middlewares/Third_Party/FreeRTOS/Source/CMSIS_RTOS/cmsis_os.o
                0x0000000008005518                osKernelStart
 .text.osThreadCreate
                0x0000000008005526       0x98 ./Middlewares/Third_Party/FreeRTOS/Source/CMSIS_RTOS/cmsis_os.o
                0x0000000008005526                osThreadCreate
 .text.osDelay  0x00000000080055be       0x28 ./Middlewares/Third_Party/FreeRTOS/Source/CMSIS_RTOS/cmsis_os.o
                0x00000000080055be                osDelay
 .text.vListInitialise
                0x00000000080055e6       0x40 ./Middlewares/Third_Party/FreeRTOS/Source/list.o
                0x00000000080055e6                vListInitialise
 .text.vListInitialiseItem
                0x0000000008005626       0x1a ./Middlewares/Third_Party/FreeRTOS/Source/list.o
                0x0000000008005626                vListInitialiseItem
 .text.vListInsertEnd
                0x0000000008005640       0x48 ./Middlewares/Third_Party/FreeRTOS/Source/list.o
                0x0000000008005640                vListInsertEnd
 .text.vListInsert
                0x0000000008005688       0x72 ./Middlewares/Third_Party/FreeRTOS/Source/list.o
                0x0000000008005688                vListInsert
 .text.uxListRemove
                0x00000000080056fa       0x54 ./Middlewares/Third_Party/FreeRTOS/Source/list.o
                0x00000000080056fa                uxListRemove
 .text.xTaskCreateStatic
                0x000000000800574e       0xba ./Middlewares/Third_Party/FreeRTOS/Source/tasks.o
                0x000000000800574e                xTaskCreateStatic
 .text.xTaskCreate
                0x0000000008005808       0x8a ./Middlewares/Third_Party/FreeRTOS/Source/tasks.o
                0x0000000008005808                xTaskCreate
 *fill*         0x0000000008005892        0x2 
 .text.prvInitialiseNewTask
                0x0000000008005894      0x13c ./Middlewares/Third_Party/FreeRTOS/Source/tasks.o
 .text.prvAddNewTaskToReadyList
                0x00000000080059d0       0xd4 ./Middlewares/Third_Party/FreeRTOS/Source/tasks.o
 .text.vTaskDelay
                0x0000000008005aa4       0x68 ./Middlewares/Third_Party/FreeRTOS/Source/tasks.o
                0x0000000008005aa4                vTaskDelay
 .text.vTaskStartScheduler
                0x0000000008005b0c       0xd4 ./Middlewares/Third_Party/FreeRTOS/Source/tasks.o
                0x0000000008005b0c                vTaskStartScheduler
 .text.vTaskSuspendAll
                0x0000000008005be0       0x1c ./Middlewares/Third_Party/FreeRTOS/Source/tasks.o
                0x0000000008005be0                vTaskSuspendAll
 .text.xTaskResumeAll
                0x0000000008005bfc      0x138 ./Middlewares/Third_Party/FreeRTOS/Source/tasks.o
                0x0000000008005bfc                xTaskResumeAll
 .text.xTaskIncrementTick
                0x0000000008005d34      0x170 ./Middlewares/Third_Party/FreeRTOS/Source/tasks.o
                0x0000000008005d34                xTaskIncrementTick
 .text.vTaskSwitchContext
                0x0000000008005ea4       0xc4 ./Middlewares/Third_Party/FreeRTOS/Source/tasks.o
                0x0000000008005ea4                vTaskSwitchContext
 .text.prvIdleTask
                0x0000000008005f68       0x30 ./Middlewares/Third_Party/FreeRTOS/Source/tasks.o
 .text.prvInitialiseTaskLists
                0x0000000008005f98       0x80 ./Middlewares/Third_Party/FreeRTOS/Source/tasks.o
 .text.prvCheckTasksWaitingTermination
                0x0000000008006018       0x5c ./Middlewares/Third_Party/FreeRTOS/Source/tasks.o
 .text.prvDeleteTCB
                0x0000000008006074       0x68 ./Middlewares/Third_Party/FreeRTOS/Source/tasks.o
 .text.prvResetNextTaskUnblockTime
                0x00000000080060dc       0x40 ./Middlewares/Third_Party/FreeRTOS/Source/tasks.o
 .text.prvAddCurrentTaskToDelayedList
                0x000000000800611c       0xcc ./Middlewares/Third_Party/FreeRTOS/Source/tasks.o
 .text.pxPortInitialiseStack
                0x00000000080061e8       0x68 ./Middlewares/Third_Party/FreeRTOS/Source/portable/GCC/ARM_CM4F/port.o
                0x00000000080061e8                pxPortInitialiseStack
 .text.prvTaskExitError
                0x0000000008006250       0x58 ./Middlewares/Third_Party/FreeRTOS/Source/portable/GCC/ARM_CM4F/port.o
 *fill*         0x00000000080062a8        0x8 
 .text.SVC_Handler
                0x00000000080062b0       0x28 ./Middlewares/Third_Party/FreeRTOS/Source/portable/GCC/ARM_CM4F/port.o
                0x00000000080062b0                SVC_Handler
 .text.prvPortStartFirstTask
                0x00000000080062d8       0x28 ./Middlewares/Third_Party/FreeRTOS/Source/portable/GCC/ARM_CM4F/port.o
 .text.xPortStartScheduler
                0x0000000008006300      0x144 ./Middlewares/Third_Party/FreeRTOS/Source/portable/GCC/ARM_CM4F/port.o
                0x0000000008006300                xPortStartScheduler
 .text.vPortEnterCritical
                0x0000000008006444       0x60 ./Middlewares/Third_Party/FreeRTOS/Source/portable/GCC/ARM_CM4F/port.o
                0x0000000008006444                vPortEnterCritical
 .text.vPortExitCritical
                0x00000000080064a4       0x54 ./Middlewares/Third_Party/FreeRTOS/Source/portable/GCC/ARM_CM4F/port.o
                0x00000000080064a4                vPortExitCritical
 *fill*         0x00000000080064f8        0x8 
 .text.PendSV_Handler
                0x0000000008006500       0x68 ./Middlewares/Third_Party/FreeRTOS/Source/portable/GCC/ARM_CM4F/port.o
                0x0000000008006500                PendSV_Handler
 .text.SysTick_Handler
                0x0000000008006568       0x44 ./Middlewares/Third_Party/FreeRTOS/Source/portable/GCC/ARM_CM4F/port.o
                0x0000000008006568                SysTick_Handler
 .text.vPortSetupTimerInterrupt
                0x00000000080065ac       0x48 ./Middlewares/Third_Party/FreeRTOS/Source/portable/GCC/ARM_CM4F/port.o
                0x00000000080065ac                vPortSetupTimerInterrupt
 .text.vPortEnableVFP
                0x00000000080065f4       0x14 ./Middlewares/Third_Party/FreeRTOS/Source/portable/GCC/ARM_CM4F/port.o
 .text.pvPortMalloc
                0x0000000008006608      0x198 ./Middlewares/Third_Party/FreeRTOS/Source/portable/MemMang/heap_4.o
                0x0000000008006608                pvPortMalloc
 .text.vPortFree
                0x00000000080067a0       0xc4 ./Middlewares/Third_Party/FreeRTOS/Source/portable/MemMang/heap_4.o
                0x00000000080067a0                vPortFree
 .text.prvHeapInit
                0x0000000008006864       0xc4 ./Middlewares/Third_Party/FreeRTOS/Source/portable/MemMang/heap_4.o
 .text.prvInsertBlockIntoFreeList
                0x0000000008006928       0xb4 ./Middlewares/Third_Party/FreeRTOS/Source/portable/MemMang/heap_4.o
 .text.memset   0x00000000080069dc       0x10 C:/ST/STM32CubeIDE_1.13.2/STM32CubeIDE/plugins/com.st.stm32cube.ide.mcu.externaltools.gnu-tools-for-stm32.11.3.rel1.win32_1.1.1.202309131626/tools/bin/../lib/gcc/arm-none-eabi/11.3.1/../../../../arm-none-eabi/lib/thumb/v7e-m+fp/hard\libc_nano.a(libc_a-memset.o)
                0x00000000080069dc                memset
 .text._reclaim_reent
                0x00000000080069ec       0xac C:/ST/STM32CubeIDE_1.13.2/STM32CubeIDE/plugins/com.st.stm32cube.ide.mcu.externaltools.gnu-tools-for-stm32.11.3.rel1.win32_1.1.1.202309131626/tools/bin/../lib/gcc/arm-none-eabi/11.3.1/../../../../arm-none-eabi/lib/thumb/v7e-m+fp/hard\libc_nano.a(libc_a-reent.o)
                0x00000000080069ec                _reclaim_reent
 .text.__libc_init_array
                0x0000000008006a98       0x48 C:/ST/STM32CubeIDE_1.13.2/STM32CubeIDE/plugins/com.st.stm32cube.ide.mcu.externaltools.gnu-tools-for-stm32.11.3.rel1.win32_1.1.1.202309131626/tools/bin/../lib/gcc/arm-none-eabi/11.3.1/../../../../arm-none-eabi/lib/thumb/v7e-m+fp/hard\libc_nano.a(libc_a-init.o)
                0x0000000008006a98                __libc_init_array
 .text.__retarget_lock_acquire_recursive
                0x0000000008006ae0        0x2 C:/ST/STM32CubeIDE_1.13.2/STM32CubeIDE/plugins/com.st.stm32cube.ide.mcu.externaltools.gnu-tools-for-stm32.11.3.rel1.win32_1.1.1.202309131626/tools/bin/../lib/gcc/arm-none-eabi/11.3.1/../../../../arm-none-eabi/lib/thumb/v7e-m+fp/hard\libc_nano.a(libc_a-lock.o)
                0x0000000008006ae0                __retarget_lock_acquire_recursive
 .text.__retarget_lock_release_recursive
                0x0000000008006ae2        0x2 C:/ST/STM32CubeIDE_1.13.2/STM32CubeIDE/plugins/com.st.stm32cube.ide.mcu.externaltools.gnu-tools-for-stm32.11.3.rel1.win32_1.1.1.202309131626/tools/bin/../lib/gcc/arm-none-eabi/11.3.1/../../../../arm-none-eabi/lib/thumb/v7e-m+fp/hard\libc_nano.a(libc_a-lock.o)
                0x0000000008006ae2                __retarget_lock_release_recursive
 .text._free_r  0x0000000008006ae4       0x98 C:/ST/STM32CubeIDE_1.13.2/STM32CubeIDE/plugins/com.st.stm32cube.ide.mcu.externaltools.gnu-tools-for-stm32.11.3.rel1.win32_1.1.1.202309131626/tools/bin/../lib/gcc/arm-none-eabi/11.3.1/../../../../arm-none-eabi/lib/thumb/v7e-m+fp/hard\libc_nano.a(libc_a-freer.o)
                0x0000000008006ae4                _free_r
 .text.__malloc_lock
                0x0000000008006b7c        0xc C:/ST/STM32CubeIDE_1.13.2/STM32CubeIDE/plugins/com.st.stm32cube.ide.mcu.externaltools.gnu-tools-for-stm32.11.3.rel1.win32_1.1.1.202309131626/tools/bin/../lib/gcc/arm-none-eabi/11.3.1/../../../../arm-none-eabi/lib/thumb/v7e-m+fp/hard\libc_nano.a(libc_a-mlock.o)
                0x0000000008006b7c                __malloc_lock
 .text.__malloc_unlock
                0x0000000008006b88        0xc C:/ST/STM32CubeIDE_1.13.2/STM32CubeIDE/plugins/com.st.stm32cube.ide.mcu.externaltools.gnu-tools-for-stm32.11.3.rel1.win32_1.1.1.202309131626/tools/bin/../lib/gcc/arm-none-eabi/11.3.1/../../../../arm-none-eabi/lib/thumb/v7e-m+fp/hard\libc_nano.a(libc_a-mlock.o)
                0x0000000008006b88                __malloc_unlock
 *(.glue_7)
 .glue_7        0x0000000008006b94        0x0 linker stubs
 *(.glue_7t)
 .glue_7t       0x0000000008006b94        0x0 linker stubs
 *(.eh_frame)
 .eh_frame      0x0000000008006b94        0x0 C:/ST/STM32CubeIDE_1.13.2/STM32CubeIDE/plugins/com.st.stm32cube.ide.mcu.externaltools.gnu-tools-for-stm32.11.3.rel1.win32_1.1.1.202309131626/tools/bin/../lib/gcc/arm-none-eabi/11.3.1/thumb/v7e-m+fp/hard/crtbegin.o
 *(.init)
 .init          0x0000000008006b94        0x4 C:/ST/STM32CubeIDE_1.13.2/STM32CubeIDE/plugins/com.st.stm32cube.ide.mcu.externaltools.gnu-tools-for-stm32.11.3.rel1.win32_1.1.1.202309131626/tools/bin/../lib/gcc/arm-none-eabi/11.3.1/thumb/v7e-m+fp/hard/crti.o
                0x0000000008006b94                _init
 .init          0x0000000008006b98        0x8 C:/ST/STM32CubeIDE_1.13.2/STM32CubeIDE/plugins/com.st.stm32cube.ide.mcu.externaltools.gnu-tools-for-stm32.11.3.rel1.win32_1.1.1.202309131626/tools/bin/../lib/gcc/arm-none-eabi/11.3.1/thumb/v7e-m+fp/hard/crtn.o
 *(.fini)
 .fini          0x0000000008006ba0        0x4 C:/ST/STM32CubeIDE_1.13.2/STM32CubeIDE/plugins/com.st.stm32cube.ide.mcu.externaltools.gnu-tools-for-stm32.11.3.rel1.win32_1.1.1.202309131626/tools/bin/../lib/gcc/arm-none-eabi/11.3.1/thumb/v7e-m+fp/hard/crti.o
                0x0000000008006ba0                _fini
 .fini          0x0000000008006ba4        0x8 C:/ST/STM32CubeIDE_1.13.2/STM32CubeIDE/plugins/com.st.stm32cube.ide.mcu.externaltools.gnu-tools-for-stm32.11.3.rel1.win32_1.1.1.202309131626/tools/bin/../lib/gcc/arm-none-eabi/11.3.1/thumb/v7e-m+fp/hard/crtn.o
                0x0000000008006bac                . = ALIGN (0x4)
                0x0000000008006bac                _etext = .

.vfp11_veneer   0x0000000008006bac        0x0
 .vfp11_veneer  0x0000000008006bac        0x0 linker stubs

.v4_bx          0x0000000008006bac        0x0
 .v4_bx         0x0000000008006bac        0x0 linker stubs

.iplt           0x0000000008006bac        0x0
 .iplt          0x0000000008006bac        0x0 C:/ST/STM32CubeIDE_1.13.2/STM32CubeIDE/plugins/com.st.stm32cube.ide.mcu.externaltools.gnu-tools-for-stm32.11.3.rel1.win32_1.1.1.202309131626/tools/bin/../lib/gcc/arm-none-eabi/11.3.1/thumb/v7e-m+fp/hard/crtbegin.o

.rodata         0x0000000008006bac      0x290
                0x0000000008006bac                . = ALIGN (0x4)
 *(.rodata)
 .rodata        0x0000000008006bac      0x22d ./Core/Src/APP_UDS_Diag.o
 *fill*         0x0000000008006dd9        0x3 
 .rodata        0x0000000008006ddc       0x28 ./Core/Src/freertos.o
 .rodata        0x0000000008006e04       0x15 ./Core/Src/main.o
 *fill*         0x0000000008006e19        0x3 
 .rodata        0x0000000008006e1c        0x5 ./Middlewares/Third_Party/FreeRTOS/Source/tasks.o
 *(.rodata*)
 *fill*         0x0000000008006e21        0x3 
 .rodata.AHBPrescTable
                0x0000000008006e24       0x10 ./Core/Src/system_stm32f4xx.o
                0x0000000008006e24                AHBPrescTable
 .rodata.APBPrescTable
                0x0000000008006e34        0x8 ./Core/Src/system_stm32f4xx.o
                0x0000000008006e34                APBPrescTable
                0x0000000008006e3c                . = ALIGN (0x4)

.ARM.extab      0x0000000008006e3c        0x0
                0x0000000008006e3c                . = ALIGN (0x4)
 *(.ARM.extab* .gnu.linkonce.armextab.*)
                0x0000000008006e3c                . = ALIGN (0x4)

.ARM            0x0000000008006e3c        0x8
                0x0000000008006e3c                . = ALIGN (0x4)
                0x0000000008006e3c                __exidx_start = .
 *(.ARM.exidx*)
 .ARM.exidx     0x0000000008006e3c        0x8 C:/ST/STM32CubeIDE_1.13.2/STM32CubeIDE/plugins/com.st.stm32cube.ide.mcu.externaltools.gnu-tools-for-stm32.11.3.rel1.win32_1.1.1.202309131626/tools/bin/../lib/gcc/arm-none-eabi/11.3.1/thumb/v7e-m+fp/hard\libgcc.a(_udivmoddi4.o)
                0x0000000008006e44                __exidx_end = .
                0x0000000008006e44                . = ALIGN (0x4)

.rel.dyn        0x0000000008006e44        0x0
 .rel.iplt      0x0000000008006e44        0x0 C:/ST/STM32CubeIDE_1.13.2/STM32CubeIDE/plugins/com.st.stm32cube.ide.mcu.externaltools.gnu-tools-for-stm32.11.3.rel1.win32_1.1.1.202309131626/tools/bin/../lib/gcc/arm-none-eabi/11.3.1/thumb/v7e-m+fp/hard/crtbegin.o

.preinit_array  0x0000000008006e44        0x0
                0x0000000008006e44                . = ALIGN (0x4)
                0x0000000008006e44                PROVIDE (__preinit_array_start = .)
 *(.preinit_array*)
                0x0000000008006e44                PROVIDE (__preinit_array_end = .)
                0x0000000008006e44                . = ALIGN (0x4)

.init_array     0x0000000008006e44        0x4
                0x0000000008006e44                . = ALIGN (0x4)
                0x0000000008006e44                PROVIDE (__init_array_start = .)
 *(SORT_BY_NAME(.init_array.*))
 *(.init_array*)
 .init_array    0x0000000008006e44        0x4 C:/ST/STM32CubeIDE_1.13.2/STM32CubeIDE/plugins/com.st.stm32cube.ide.mcu.externaltools.gnu-tools-for-stm32.11.3.rel1.win32_1.1.1.202309131626/tools/bin/../lib/gcc/arm-none-eabi/11.3.1/thumb/v7e-m+fp/hard/crtbegin.o
                0x0000000008006e48                PROVIDE (__init_array_end = .)
                0x0000000008006e48                . = ALIGN (0x4)

.fini_array     0x0000000008006e48        0x4
                0x0000000008006e48                . = ALIGN (0x4)
                [!provide]                        PROVIDE (__fini_array_start = .)
 *(SORT_BY_NAME(.fini_array.*))
 *(.fini_array*)
 .fini_array    0x0000000008006e48        0x4 C:/ST/STM32CubeIDE_1.13.2/STM32CubeIDE/plugins/com.st.stm32cube.ide.mcu.externaltools.gnu-tools-for-stm32.11.3.rel1.win32_1.1.1.202309131626/tools/bin/../lib/gcc/arm-none-eabi/11.3.1/thumb/v7e-m+fp/hard/crtbegin.o
                [!provide]                        PROVIDE (__fini_array_end = .)
                0x0000000008006e4c                . = ALIGN (0x4)
                0x0000000008006e4c                _sidata = LOADADDR (.data)

.data           0x0000000020000000       0x74 load address 0x0000000008006e4c
                0x0000000020000000                . = ALIGN (0x4)
                0x0000000020000000                _sdata = .
 *(.data)
 *(.data*)
 .data.global_session
                0x0000000020000000        0x1 ./Core/Src/APP_UDS_Diag.o
                0x0000000020000000                global_session
 *fill*         0x0000000020000001        0x3 
 .data.Oil_Pressure_var
                0x0000000020000004        0x4 ./Core/Src/APP_UDS_Diag.o
                0x0000000020000004                Oil_Pressure_var
 .data.Oil_Temp_var
                0x0000000020000008        0x4 ./Core/Src/APP_UDS_Diag.o
                0x0000000020000008                Oil_Temp_var
 .data.availableBuffers
                0x000000002000000c        0x4 ./Core/Src/CanTp.o
                0x000000002000000c                availableBuffers
 .data.currentOffset
                0x0000000020000010        0x4 ./Core/Src/CanTp.o
                0x0000000020000010                currentOffset
 .data.SystemCoreClock
                0x0000000020000014        0x4 ./Core/Src/system_stm32f4xx.o
                0x0000000020000014                SystemCoreClock
 .data.uwTickPrio
                0x0000000020000018        0x4 ./Drivers/STM32F4xx_HAL_Driver/Src/stm32f4xx_hal.o
                0x0000000020000018                uwTickPrio
 .data.uwTickFreq
                0x000000002000001c        0x1 ./Drivers/STM32F4xx_HAL_Driver/Src/stm32f4xx_hal.o
                0x000000002000001c                uwTickFreq
 *fill*         0x000000002000001d        0x3 
 .data.uxCriticalNesting
                0x0000000020000020        0x4 ./Middlewares/Third_Party/FreeRTOS/Source/portable/GCC/ARM_CM4F/port.o
 .data._impure_data
                0x0000000020000024       0x4c C:/ST/STM32CubeIDE_1.13.2/STM32CubeIDE/plugins/com.st.stm32cube.ide.mcu.externaltools.gnu-tools-for-stm32.11.3.rel1.win32_1.1.1.202309131626/tools/bin/../lib/gcc/arm-none-eabi/11.3.1/../../../../arm-none-eabi/lib/thumb/v7e-m+fp/hard\libc_nano.a(libc_a-impure.o)
                0x0000000020000024                _impure_data
 .data._impure_ptr
                0x0000000020000070        0x4 C:/ST/STM32CubeIDE_1.13.2/STM32CubeIDE/plugins/com.st.stm32cube.ide.mcu.externaltools.gnu-tools-for-stm32.11.3.rel1.win32_1.1.1.202309131626/tools/bin/../lib/gcc/arm-none-eabi/11.3.1/../../../../arm-none-eabi/lib/thumb/v7e-m+fp/hard\libc_nano.a(libc_a-impure.o)
                0x0000000020000070                _impure_ptr
 *(.RamFunc)
 *(.RamFunc*)
                0x0000000020000074                . = ALIGN (0x4)
                0x0000000020000074                _edata = .

.igot.plt       0x0000000020000074        0x0 load address 0x0000000008006ec0
 .igot.plt      0x0000000020000074        0x0 C:/ST/STM32CubeIDE_1.13.2/STM32CubeIDE/plugins/com.st.stm32cube.ide.mcu.externaltools.gnu-tools-for-stm32.11.3.rel1.win32_1.1.1.202309131626/tools/bin/../lib/gcc/arm-none-eabi/11.3.1/thumb/v7e-m+fp/hard/crtbegin.o
                0x0000000020000074                . = ALIGN (0x4)

.bss            0x0000000020000074     0x8308 load address 0x0000000008006ec0
                0x0000000020000074                _sbss = .
                0x0000000020000074                __bss_start__ = _sbss
 *(.bss)
 .bss           0x0000000020000074       0x1c C:/ST/STM32CubeIDE_1.13.2/STM32CubeIDE/plugins/com.st.stm32cube.ide.mcu.externaltools.gnu-tools-for-stm32.11.3.rel1.win32_1.1.1.202309131626/tools/bin/../lib/gcc/arm-none-eabi/11.3.1/thumb/v7e-m+fp/hard/crtbegin.o
 *(.bss*)
 .bss.global_sec_flag
                0x0000000020000090        0x1 ./Core/Src/APP_UDS_Diag.o
                0x0000000020000090                global_sec_flag
 *fill*         0x0000000020000091        0x3 
 .bss.Sec_u32SeedValue
                0x0000000020000094        0x4 ./Core/Src/APP_UDS_Diag.o
                0x0000000020000094                Sec_u32SeedValue
 .bss.Sec_State
                0x0000000020000098        0x1 ./Core/Src/APP_UDS_Diag.o
                0x0000000020000098                Sec_State
 *fill*         0x0000000020000099        0x3 
 .bss.pos_Response
                0x000000002000009c     0x1006 ./Core/Src/APP_UDS_Diag.o
                0x000000002000009c                pos_Response
 *fill*         0x00000000200010a2        0x2 
 .bss.Control   0x00000000200010a4     0x1006 ./Core/Src/APP_UDS_Diag.o
                0x00000000200010a4                Control
 *fill*         0x00000000200020aa        0x2 
 .bss.msg       0x00000000200020ac     0x1004 ./Core/Src/APP_UDS_Diag.o
                0x00000000200020ac                msg
 .bss.flag_sub_fun
                0x00000000200030b0        0x1 ./Core/Src/APP_UDS_Diag.o
                0x00000000200030b0                flag_sub_fun
 *fill*         0x00000000200030b1        0x3 
 .bss.PduDataPTR
                0x00000000200030b4        0x4 ./Core/Src/APP_UDS_Diag.o
                0x00000000200030b4                PduDataPTR
 .bss.rxHeader  0x00000000200030b8       0x1c ./Core/Src/CanIf.o
                0x00000000200030b8                rxHeader
 .bss.CanIfPduInfo
                0x00000000200030d4        0xc ./Core/Src/CanIf.o
                0x00000000200030d4                CanIfPduInfo
 .bss.CanIf_Rx  0x00000000200030e0        0x1 ./Core/Src/CanIf.o
                0x00000000200030e0                CanIf_Rx
 *fill*         0x00000000200030e1        0x3 
 .bss.CanTp_Callback
                0x00000000200030e4        0x4 ./Core/Src/CanIf.o
                0x00000000200030e4                CanTp_Callback
 .bss.numberOfConsecutiveFramesToSend
                0x00000000200030e8        0x4 ./Core/Src/CanTp.o
                0x00000000200030e8                numberOfConsecutiveFramesToSend
 .bss.numberOfConsecutiveFramesToReceive
                0x00000000200030ec        0x4 ./Core/Src/CanTp.o
                0x00000000200030ec                numberOfConsecutiveFramesToReceive
 .bss.numberOfRemainingBytesToSend
                0x00000000200030f0        0x4 ./Core/Src/CanTp.o
                0x00000000200030f0                numberOfRemainingBytesToSend
 .bss.numberOfRemainingBytesToReceive
                0x00000000200030f4        0x4 ./Core/Src/CanTp.o
                0x00000000200030f4                numberOfRemainingBytesToReceive
 .bss.App_Callback
                0x00000000200030f8        0x4 ./Core/Src/CanTp.o
                0x00000000200030f8                App_Callback
 .bss.expectedFrameState
                0x00000000200030fc        0x1 ./Core/Src/CanTp.o
                0x00000000200030fc                expectedFrameState
 *fill*         0x00000000200030fd        0x3 
 .bss.EncodedPduInfo
                0x0000000020003100        0xc ./Core/Src/CanTp.o
                0x0000000020003100                EncodedPduInfo
 .bss.DecodedPduInfo
                0x000000002000310c        0xc ./Core/Src/CanTp.o
                0x000000002000310c                DecodedPduInfo
 .bss.CompletePduInfo
                0x0000000020003118     0x1004 ./Core/Src/CanTp.o
                0x0000000020003118                CompletePduInfo
 .bss.GlobalRxPduInfoPtr
                0x000000002000411c        0x4 ./Core/Src/CanTp.o
                0x000000002000411c                GlobalRxPduInfoPtr
 .bss.GlobalTxPduInfoPtr
                0x0000000020004120        0x4 ./Core/Src/CanTp.o
                0x0000000020004120                GlobalTxPduInfoPtr
 .bss.ConsecSN  0x0000000020004124        0x1 ./Core/Src/CanTp.o
                0x0000000020004124                ConsecSN
 *fill*         0x0000000020004125        0x1 
 .bss.currentIndex
                0x0000000020004126        0x2 ./Core/Src/CanTp.o
                0x0000000020004126                currentIndex
 .bss.startOffset
                0x0000000020004128        0x4 ./Core/Src/CanTp.o
                0x0000000020004128                startOffset
 .bss.CanTp_Rx  0x000000002000412c        0x1 ./Core/Src/CanTp.o
                0x000000002000412c                CanTp_Rx
 .bss.CanTp_Tx  0x000000002000412d        0x1 ./Core/Src/CanTp.o
                0x000000002000412d                CanTp_Tx
 *fill*         0x000000002000412e        0x2 
 .bss.GlobalRxPduId
                0x0000000020004130        0x4 ./Core/Src/CanTp.o
                0x0000000020004130                GlobalRxPduId
 .bss.GlobalTxPduId
                0x0000000020004134        0x4 ./Core/Src/CanTp.o
                0x0000000020004134                GlobalTxPduId
 .bss.hcan1     0x0000000020004138       0x28 ./Core/Src/can.o
                0x0000000020004138                hcan1
 .bss.defaultTaskHandle
                0x0000000020004160        0x4 ./Core/Src/freertos.o
                0x0000000020004160                defaultTaskHandle
 .bss.xIdleTaskTCBBuffer
                0x0000000020004164       0xa0 ./Core/Src/freertos.o
 .bss.xIdleStack
                0x0000000020004204      0x200 ./Core/Src/freertos.o
 .bss.xTaskHandle1
                0x0000000020004404        0x4 ./Core/Src/main.o
                0x0000000020004404                xTaskHandle1
 .bss.xTaskHandle2
                0x0000000020004408        0x4 ./Core/Src/main.o
                0x0000000020004408                xTaskHandle2
 .bss.count     0x000000002000440c        0x1 ./Core/Src/main.o
                0x000000002000440c                count
 *fill*         0x000000002000440d        0x3 
 .bss.htim1     0x0000000020004410       0x48 ./Core/Src/stm32f4xx_hal_timebase_tim.o
                0x0000000020004410                htim1
 .bss.htim6     0x0000000020004458       0x48 ./Core/Src/tim.o
                0x0000000020004458                htim6
 .bss.huart2    0x00000000200044a0       0x44 ./Core/Src/usart.o
                0x00000000200044a0                huart2
 .bss.uwTick    0x00000000200044e4        0x4 ./Drivers/STM32F4xx_HAL_Driver/Src/stm32f4xx_hal.o
                0x00000000200044e4                uwTick
 .bss.pxCurrentTCB
                0x00000000200044e8        0x4 ./Middlewares/Third_Party/FreeRTOS/Source/tasks.o
                0x00000000200044e8                pxCurrentTCB
 .bss.pxReadyTasksLists
                0x00000000200044ec       0x8c ./Middlewares/Third_Party/FreeRTOS/Source/tasks.o
 .bss.xDelayedTaskList1
                0x0000000020004578       0x14 ./Middlewares/Third_Party/FreeRTOS/Source/tasks.o
 .bss.xDelayedTaskList2
                0x000000002000458c       0x14 ./Middlewares/Third_Party/FreeRTOS/Source/tasks.o
 .bss.pxDelayedTaskList
                0x00000000200045a0        0x4 ./Middlewares/Third_Party/FreeRTOS/Source/tasks.o
 .bss.pxOverflowDelayedTaskList
                0x00000000200045a4        0x4 ./Middlewares/Third_Party/FreeRTOS/Source/tasks.o
 .bss.xPendingReadyList
                0x00000000200045a8       0x14 ./Middlewares/Third_Party/FreeRTOS/Source/tasks.o
 .bss.xTasksWaitingTermination
                0x00000000200045bc       0x14 ./Middlewares/Third_Party/FreeRTOS/Source/tasks.o
 .bss.uxDeletedTasksWaitingCleanUp
                0x00000000200045d0        0x4 ./Middlewares/Third_Party/FreeRTOS/Source/tasks.o
 .bss.xSuspendedTaskList
                0x00000000200045d4       0x14 ./Middlewares/Third_Party/FreeRTOS/Source/tasks.o
 .bss.uxCurrentNumberOfTasks
                0x00000000200045e8        0x4 ./Middlewares/Third_Party/FreeRTOS/Source/tasks.o
 .bss.xTickCount
                0x00000000200045ec        0x4 ./Middlewares/Third_Party/FreeRTOS/Source/tasks.o
 .bss.uxTopReadyPriority
                0x00000000200045f0        0x4 ./Middlewares/Third_Party/FreeRTOS/Source/tasks.o
 .bss.xSchedulerRunning
                0x00000000200045f4        0x4 ./Middlewares/Third_Party/FreeRTOS/Source/tasks.o
 .bss.xPendedTicks
                0x00000000200045f8        0x4 ./Middlewares/Third_Party/FreeRTOS/Source/tasks.o
 .bss.xYieldPending
                0x00000000200045fc        0x4 ./Middlewares/Third_Party/FreeRTOS/Source/tasks.o
 .bss.xNumOfOverflows
                0x0000000020004600        0x4 ./Middlewares/Third_Party/FreeRTOS/Source/tasks.o
 .bss.uxTaskNumber
                0x0000000020004604        0x4 ./Middlewares/Third_Party/FreeRTOS/Source/tasks.o
 .bss.xNextTaskUnblockTime
                0x0000000020004608        0x4 ./Middlewares/Third_Party/FreeRTOS/Source/tasks.o
 .bss.xIdleTaskHandle
                0x000000002000460c        0x4 ./Middlewares/Third_Party/FreeRTOS/Source/tasks.o
 .bss.uxSchedulerSuspended
                0x0000000020004610        0x4 ./Middlewares/Third_Party/FreeRTOS/Source/tasks.o
 .bss.ucMaxSysCallPriority
                0x0000000020004614        0x1 ./Middlewares/Third_Party/FreeRTOS/Source/portable/GCC/ARM_CM4F/port.o
 *fill*         0x0000000020004615        0x3 
 .bss.ulMaxPRIGROUPValue
                0x0000000020004618        0x4 ./Middlewares/Third_Party/FreeRTOS/Source/portable/GCC/ARM_CM4F/port.o
 .bss.ucHeap    0x000000002000461c     0x3c00 ./Middlewares/Third_Party/FreeRTOS/Source/portable/MemMang/heap_4.o
 .bss.xStart    0x000000002000821c        0x8 ./Middlewares/Third_Party/FreeRTOS/Source/portable/MemMang/heap_4.o
 .bss.pxEnd     0x0000000020008224        0x4 ./Middlewares/Third_Party/FreeRTOS/Source/portable/MemMang/heap_4.o
 .bss.xFreeBytesRemaining
                0x0000000020008228        0x4 ./Middlewares/Third_Party/FreeRTOS/Source/portable/MemMang/heap_4.o
 .bss.xMinimumEverFreeBytesRemaining
                0x000000002000822c        0x4 ./Middlewares/Third_Party/FreeRTOS/Source/portable/MemMang/heap_4.o
 .bss.xNumberOfSuccessfulAllocations
                0x0000000020008230        0x4 ./Middlewares/Third_Party/FreeRTOS/Source/portable/MemMang/heap_4.o
 .bss.xNumberOfSuccessfulFrees
                0x0000000020008234        0x4 ./Middlewares/Third_Party/FreeRTOS/Source/portable/MemMang/heap_4.o
 .bss.xBlockAllocatedBit
                0x0000000020008238        0x4 ./Middlewares/Third_Party/FreeRTOS/Source/portable/MemMang/heap_4.o
 .bss.__sf      0x000000002000823c      0x138 C:/ST/STM32CubeIDE_1.13.2/STM32CubeIDE/plugins/com.st.stm32cube.ide.mcu.externaltools.gnu-tools-for-stm32.11.3.rel1.win32_1.1.1.202309131626/tools/bin/../lib/gcc/arm-none-eabi/11.3.1/../../../../arm-none-eabi/lib/thumb/v7e-m+fp/hard\libc_nano.a(libc_a-findfp.o)
                0x000000002000823c                __sf
 .bss.__lock___malloc_recursive_mutex
                0x0000000020008374        0x1 C:/ST/STM32CubeIDE_1.13.2/STM32CubeIDE/plugins/com.st.stm32cube.ide.mcu.externaltools.gnu-tools-for-stm32.11.3.rel1.win32_1.1.1.202309131626/tools/bin/../lib/gcc/arm-none-eabi/11.3.1/../../../../arm-none-eabi/lib/thumb/v7e-m+fp/hard\libc_nano.a(libc_a-lock.o)
                0x0000000020008374                __lock___malloc_recursive_mutex
 *fill*         0x0000000020008375        0x3 
 .bss.__malloc_free_list
                0x0000000020008378        0x4 C:/ST/STM32CubeIDE_1.13.2/STM32CubeIDE/plugins/com.st.stm32cube.ide.mcu.externaltools.gnu-tools-for-stm32.11.3.rel1.win32_1.1.1.202309131626/tools/bin/../lib/gcc/arm-none-eabi/11.3.1/../../../../arm-none-eabi/lib/thumb/v7e-m+fp/hard\libc_nano.a(libc_a-mallocr.o)
                0x0000000020008378                __malloc_free_list
 *(COMMON)
                0x000000002000837c                . = ALIGN (0x4)
                0x000000002000837c                _ebss = .
                0x000000002000837c                __bss_end__ = _ebss

._user_heap_stack
                0x000000002000837c      0x604 load address 0x0000000008006ec0
                0x0000000020008380                . = ALIGN (0x8)
 *fill*         0x000000002000837c        0x4 
                [!provide]                        PROVIDE (end = .)
                0x0000000020008380                PROVIDE (_end = .)
                0x0000000020008580                . = (. + _Min_Heap_Size)
 *fill*         0x0000000020008380      0x200 
                0x0000000020008980                . = (. + _Min_Stack_Size)
 *fill*         0x0000000020008580      0x400 
                0x0000000020008980                . = ALIGN (0x8)

/DISCARD/
 libc.a(*)
 libm.a(*)
 libgcc.a(*)

.ARM.attributes
                0x0000000000000000       0x30
 *(.ARM.attributes)
 .ARM.attributes
                0x0000000000000000       0x1e C:/ST/STM32CubeIDE_1.13.2/STM32CubeIDE/plugins/com.st.stm32cube.ide.mcu.externaltools.gnu-tools-for-stm32.11.3.rel1.win32_1.1.1.202309131626/tools/bin/../lib/gcc/arm-none-eabi/11.3.1/thumb/v7e-m+fp/hard/crti.o
 .ARM.attributes
                0x000000000000001e       0x34 C:/ST/STM32CubeIDE_1.13.2/STM32CubeIDE/plugins/com.st.stm32cube.ide.mcu.externaltools.gnu-tools-for-stm32.11.3.rel1.win32_1.1.1.202309131626/tools/bin/../lib/gcc/arm-none-eabi/11.3.1/thumb/v7e-m+fp/hard/crtbegin.o
 .ARM.attributes
                0x0000000000000052       0x34 ./Core/Src/APP_UDS_Diag.o
 .ARM.attributes
                0x0000000000000086       0x34 ./Core/Src/CanIf.o
 .ARM.attributes
                0x00000000000000ba       0x34 ./Core/Src/CanTp.o
 .ARM.attributes
                0x00000000000000ee       0x34 ./Core/Src/can.o
 .ARM.attributes
                0x0000000000000122       0x34 ./Core/Src/freertos.o
 .ARM.attributes
                0x0000000000000156       0x34 ./Core/Src/gpio.o
 .ARM.attributes
                0x000000000000018a       0x34 ./Core/Src/main.o
 .ARM.attributes
                0x00000000000001be       0x34 ./Core/Src/stm32f4xx_hal_msp.o
 .ARM.attributes
                0x00000000000001f2       0x34 ./Core/Src/stm32f4xx_hal_timebase_tim.o
 .ARM.attributes
                0x0000000000000226       0x34 ./Core/Src/stm32f4xx_it.o
 .ARM.attributes
                0x000000000000025a       0x34 ./Core/Src/system_stm32f4xx.o
 .ARM.attributes
                0x000000000000028e       0x34 ./Core/Src/tim.o
 .ARM.attributes
                0x00000000000002c2       0x34 ./Core/Src/usart.o
 .ARM.attributes
                0x00000000000002f6       0x21 ./Core/Startup/startup_stm32f446retx.o
 .ARM.attributes
                0x0000000000000317       0x34 ./Drivers/STM32F4xx_HAL_Driver/Src/stm32f4xx_hal.o
 .ARM.attributes
                0x000000000000034b       0x34 ./Drivers/STM32F4xx_HAL_Driver/Src/stm32f4xx_hal_can.o
 .ARM.attributes
                0x000000000000037f       0x34 ./Drivers/STM32F4xx_HAL_Driver/Src/stm32f4xx_hal_cortex.o
 .ARM.attributes
                0x00000000000003b3       0x34 ./Drivers/STM32F4xx_HAL_Driver/Src/stm32f4xx_hal_dma.o
 .ARM.attributes
                0x00000000000003e7       0x34 ./Drivers/STM32F4xx_HAL_Driver/Src/stm32f4xx_hal_gpio.o
 .ARM.attributes
                0x000000000000041b       0x34 ./Drivers/STM32F4xx_HAL_Driver/Src/stm32f4xx_hal_rcc.o
 .ARM.attributes
                0x000000000000044f       0x34 ./Drivers/STM32F4xx_HAL_Driver/Src/stm32f4xx_hal_rcc_ex.o
 .ARM.attributes
                0x0000000000000483       0x34 ./Drivers/STM32F4xx_HAL_Driver/Src/stm32f4xx_hal_tim.o
 .ARM.attributes
                0x00000000000004b7       0x34 ./Drivers/STM32F4xx_HAL_Driver/Src/stm32f4xx_hal_tim_ex.o
 .ARM.attributes
                0x00000000000004eb       0x34 ./Drivers/STM32F4xx_HAL_Driver/Src/stm32f4xx_hal_uart.o
 .ARM.attributes
                0x000000000000051f       0x34 ./Middlewares/Third_Party/FreeRTOS/Source/CMSIS_RTOS/cmsis_os.o
 .ARM.attributes
                0x0000000000000553       0x34 ./Middlewares/Third_Party/FreeRTOS/Source/list.o
 .ARM.attributes
                0x0000000000000587       0x34 ./Middlewares/Third_Party/FreeRTOS/Source/tasks.o
 .ARM.attributes
                0x00000000000005bb       0x34 ./Middlewares/Third_Party/FreeRTOS/Source/portable/GCC/ARM_CM4F/port.o
 .ARM.attributes
                0x00000000000005ef       0x34 ./Middlewares/Third_Party/FreeRTOS/Source/portable/MemMang/heap_4.o
 .ARM.attributes
                0x0000000000000623       0x34 C:/ST/STM32CubeIDE_1.13.2/STM32CubeIDE/plugins/com.st.stm32cube.ide.mcu.externaltools.gnu-tools-for-stm32.11.3.rel1.win32_1.1.1.202309131626/tools/bin/../lib/gcc/arm-none-eabi/11.3.1/../../../../arm-none-eabi/lib/thumb/v7e-m+fp/hard\libc_nano.a(libc_a-findfp.o)
 .ARM.attributes
                0x0000000000000657       0x34 C:/ST/STM32CubeIDE_1.13.2/STM32CubeIDE/plugins/com.st.stm32cube.ide.mcu.externaltools.gnu-tools-for-stm32.11.3.rel1.win32_1.1.1.202309131626/tools/bin/../lib/gcc/arm-none-eabi/11.3.1/../../../../arm-none-eabi/lib/thumb/v7e-m+fp/hard\libc_nano.a(libc_a-memset.o)
 .ARM.attributes
                0x000000000000068b       0x34 C:/ST/STM32CubeIDE_1.13.2/STM32CubeIDE/plugins/com.st.stm32cube.ide.mcu.externaltools.gnu-tools-for-stm32.11.3.rel1.win32_1.1.1.202309131626/tools/bin/../lib/gcc/arm-none-eabi/11.3.1/../../../../arm-none-eabi/lib/thumb/v7e-m+fp/hard\libc_nano.a(libc_a-reent.o)
 .ARM.attributes
                0x00000000000006bf       0x34 C:/ST/STM32CubeIDE_1.13.2/STM32CubeIDE/plugins/com.st.stm32cube.ide.mcu.externaltools.gnu-tools-for-stm32.11.3.rel1.win32_1.1.1.202309131626/tools/bin/../lib/gcc/arm-none-eabi/11.3.1/../../../../arm-none-eabi/lib/thumb/v7e-m+fp/hard\libc_nano.a(libc_a-impure.o)
 .ARM.attributes
                0x00000000000006f3       0x34 C:/ST/STM32CubeIDE_1.13.2/STM32CubeIDE/plugins/com.st.stm32cube.ide.mcu.externaltools.gnu-tools-for-stm32.11.3.rel1.win32_1.1.1.202309131626/tools/bin/../lib/gcc/arm-none-eabi/11.3.1/../../../../arm-none-eabi/lib/thumb/v7e-m+fp/hard\libc_nano.a(libc_a-init.o)
 .ARM.attributes
                0x0000000000000727       0x34 C:/ST/STM32CubeIDE_1.13.2/STM32CubeIDE/plugins/com.st.stm32cube.ide.mcu.externaltools.gnu-tools-for-stm32.11.3.rel1.win32_1.1.1.202309131626/tools/bin/../lib/gcc/arm-none-eabi/11.3.1/../../../../arm-none-eabi/lib/thumb/v7e-m+fp/hard\libc_nano.a(libc_a-lock.o)
 .ARM.attributes
                0x000000000000075b       0x34 C:/ST/STM32CubeIDE_1.13.2/STM32CubeIDE/plugins/com.st.stm32cube.ide.mcu.externaltools.gnu-tools-for-stm32.11.3.rel1.win32_1.1.1.202309131626/tools/bin/../lib/gcc/arm-none-eabi/11.3.1/../../../../arm-none-eabi/lib/thumb/v7e-m+fp/hard\libc_nano.a(libc_a-freer.o)
 .ARM.attributes
                0x000000000000078f       0x34 C:/ST/STM32CubeIDE_1.13.2/STM32CubeIDE/plugins/com.st.stm32cube.ide.mcu.externaltools.gnu-tools-for-stm32.11.3.rel1.win32_1.1.1.202309131626/tools/bin/../lib/gcc/arm-none-eabi/11.3.1/../../../../arm-none-eabi/lib/thumb/v7e-m+fp/hard\libc_nano.a(libc_a-mallocr.o)
 .ARM.attributes
                0x00000000000007c3       0x34 C:/ST/STM32CubeIDE_1.13.2/STM32CubeIDE/plugins/com.st.stm32cube.ide.mcu.externaltools.gnu-tools-for-stm32.11.3.rel1.win32_1.1.1.202309131626/tools/bin/../lib/gcc/arm-none-eabi/11.3.1/../../../../arm-none-eabi/lib/thumb/v7e-m+fp/hard\libc_nano.a(libc_a-mlock.o)
 .ARM.attributes
                0x00000000000007f7       0x1e C:/ST/STM32CubeIDE_1.13.2/STM32CubeIDE/plugins/com.st.stm32cube.ide.mcu.externaltools.gnu-tools-for-stm32.11.3.rel1.win32_1.1.1.202309131626/tools/bin/../lib/gcc/arm-none-eabi/11.3.1/thumb/v7e-m+fp/hard\libgcc.a(_aeabi_uldivmod.o)
 .ARM.attributes
                0x0000000000000815       0x34 C:/ST/STM32CubeIDE_1.13.2/STM32CubeIDE/plugins/com.st.stm32cube.ide.mcu.externaltools.gnu-tools-for-stm32.11.3.rel1.win32_1.1.1.202309131626/tools/bin/../lib/gcc/arm-none-eabi/11.3.1/thumb/v7e-m+fp/hard\libgcc.a(_udivmoddi4.o)
 .ARM.attributes
                0x0000000000000849       0x1e C:/ST/STM32CubeIDE_1.13.2/STM32CubeIDE/plugins/com.st.stm32cube.ide.mcu.externaltools.gnu-tools-for-stm32.11.3.rel1.win32_1.1.1.202309131626/tools/bin/../lib/gcc/arm-none-eabi/11.3.1/thumb/v7e-m+fp/hard\libgcc.a(_dvmd_tls.o)
 .ARM.attributes
                0x0000000000000867       0x1e C:/ST/STM32CubeIDE_1.13.2/STM32CubeIDE/plugins/com.st.stm32cube.ide.mcu.externaltools.gnu-tools-for-stm32.11.3.rel1.win32_1.1.1.202309131626/tools/bin/../lib/gcc/arm-none-eabi/11.3.1/thumb/v7e-m+fp/hard/crtn.o
OUTPUT(ONE_TO_ONE_CONVERSATION.elf elf32-littlearm)
LOAD linker stubs
LOAD C:/ST/STM32CubeIDE_1.13.2/STM32CubeIDE/plugins/com.st.stm32cube.ide.mcu.externaltools.gnu-tools-for-stm32.11.3.rel1.win32_1.1.1.202309131626/tools/bin/../lib/gcc/arm-none-eabi/11.3.1/../../../../arm-none-eabi/lib/thumb/v7e-m+fp/hard\libc.a
LOAD C:/ST/STM32CubeIDE_1.13.2/STM32CubeIDE/plugins/com.st.stm32cube.ide.mcu.externaltools.gnu-tools-for-stm32.11.3.rel1.win32_1.1.1.202309131626/tools/bin/../lib/gcc/arm-none-eabi/11.3.1/../../../../arm-none-eabi/lib/thumb/v7e-m+fp/hard\libm.a
LOAD C:/ST/STM32CubeIDE_1.13.2/STM32CubeIDE/plugins/com.st.stm32cube.ide.mcu.externaltools.gnu-tools-for-stm32.11.3.rel1.win32_1.1.1.202309131626/tools/bin/../lib/gcc/arm-none-eabi/11.3.1/thumb/v7e-m+fp/hard\libgcc.a

.comment        0x0000000000000000       0x43
 .comment       0x0000000000000000       0x43 C:/ST/STM32CubeIDE_1.13.2/STM32CubeIDE/plugins/com.st.stm32cube.ide.mcu.externaltools.gnu-tools-for-stm32.11.3.rel1.win32_1.1.1.202309131626/tools/bin/../lib/gcc/arm-none-eabi/11.3.1/thumb/v7e-m+fp/hard/crtbegin.o
                                         0x44 (size before relaxing)
 .comment       0x0000000000000043       0x44 ./Core/Src/APP_UDS_Diag.o
 .comment       0x0000000000000043       0x44 ./Core/Src/CanIf.o
 .comment       0x0000000000000043       0x44 ./Core/Src/CanTp.o
 .comment       0x0000000000000043       0x44 ./Core/Src/can.o
 .comment       0x0000000000000043       0x44 ./Core/Src/freertos.o
 .comment       0x0000000000000043       0x44 ./Core/Src/gpio.o
 .comment       0x0000000000000043       0x44 ./Core/Src/main.o
 .comment       0x0000000000000043       0x44 ./Core/Src/stm32f4xx_hal_msp.o
 .comment       0x0000000000000043       0x44 ./Core/Src/stm32f4xx_hal_timebase_tim.o
 .comment       0x0000000000000043       0x44 ./Core/Src/stm32f4xx_it.o
 .comment       0x0000000000000043       0x44 ./Core/Src/system_stm32f4xx.o
 .comment       0x0000000000000043       0x44 ./Core/Src/tim.o
 .comment       0x0000000000000043       0x44 ./Core/Src/usart.o
 .comment       0x0000000000000043       0x44 ./Drivers/STM32F4xx_HAL_Driver/Src/stm32f4xx_hal.o
 .comment       0x0000000000000043       0x44 ./Drivers/STM32F4xx_HAL_Driver/Src/stm32f4xx_hal_can.o
 .comment       0x0000000000000043       0x44 ./Drivers/STM32F4xx_HAL_Driver/Src/stm32f4xx_hal_cortex.o
 .comment       0x0000000000000043       0x44 ./Drivers/STM32F4xx_HAL_Driver/Src/stm32f4xx_hal_dma.o
 .comment       0x0000000000000043       0x44 ./Drivers/STM32F4xx_HAL_Driver/Src/stm32f4xx_hal_gpio.o
 .comment       0x0000000000000043       0x44 ./Drivers/STM32F4xx_HAL_Driver/Src/stm32f4xx_hal_rcc.o
 .comment       0x0000000000000043       0x44 ./Drivers/STM32F4xx_HAL_Driver/Src/stm32f4xx_hal_rcc_ex.o
 .comment       0x0000000000000043       0x44 ./Drivers/STM32F4xx_HAL_Driver/Src/stm32f4xx_hal_tim.o
 .comment       0x0000000000000043       0x44 ./Drivers/STM32F4xx_HAL_Driver/Src/stm32f4xx_hal_tim_ex.o
 .comment       0x0000000000000043       0x44 ./Drivers/STM32F4xx_HAL_Driver/Src/stm32f4xx_hal_uart.o
 .comment       0x0000000000000043       0x44 ./Middlewares/Third_Party/FreeRTOS/Source/CMSIS_RTOS/cmsis_os.o
 .comment       0x0000000000000043       0x44 ./Middlewares/Third_Party/FreeRTOS/Source/list.o
 .comment       0x0000000000000043       0x44 ./Middlewares/Third_Party/FreeRTOS/Source/tasks.o
 .comment       0x0000000000000043       0x44 ./Middlewares/Third_Party/FreeRTOS/Source/portable/GCC/ARM_CM4F/port.o
 .comment       0x0000000000000043       0x44 ./Middlewares/Third_Party/FreeRTOS/Source/portable/MemMang/heap_4.o

.debug_info     0x0000000000000000    0x19360
 .debug_info    0x0000000000000000     0x12b4 ./Core/Src/APP_UDS_Diag.o
 .debug_info    0x00000000000012b4      0x7b2 ./Core/Src/CanIf.o
 .debug_info    0x0000000000001a66      0x808 ./Core/Src/CanTp.o
 .debug_info    0x000000000000226e      0xbea ./Core/Src/can.o
 .debug_info    0x0000000000002e58      0xb41 ./Core/Src/freertos.o
 .debug_info    0x0000000000003999      0x439 ./Core/Src/gpio.o
 .debug_info    0x0000000000003dd2     0x1239 ./Core/Src/main.o
 .debug_info    0x000000000000500b      0x505 ./Core/Src/stm32f4xx_hal_msp.o
 .debug_info    0x0000000000005510      0xc36 ./Core/Src/stm32f4xx_hal_timebase_tim.o
 .debug_info    0x0000000000006146      0xd55 ./Core/Src/stm32f4xx_it.o
 .debug_info    0x0000000000006e9b      0x54a ./Core/Src/system_stm32f4xx.o
 .debug_info    0x00000000000073e5      0xbd8 ./Core/Src/tim.o
 .debug_info    0x0000000000007fbd      0xbbd ./Core/Src/usart.o
 .debug_info    0x0000000000008b7a       0x23 ./Core/Startup/startup_stm32f446retx.o
 .debug_info    0x0000000000008b9d      0x99e ./Drivers/STM32F4xx_HAL_Driver/Src/stm32f4xx_hal.o
 .debug_info    0x000000000000953b      0xefe ./Drivers/STM32F4xx_HAL_Driver/Src/stm32f4xx_hal_can.o
 .debug_info    0x000000000000a439      0xd64 ./Drivers/STM32F4xx_HAL_Driver/Src/stm32f4xx_hal_cortex.o
 .debug_info    0x000000000000b19d      0x8e7 ./Drivers/STM32F4xx_HAL_Driver/Src/stm32f4xx_hal_dma.o
 .debug_info    0x000000000000ba84      0x70b ./Drivers/STM32F4xx_HAL_Driver/Src/stm32f4xx_hal_gpio.o
 .debug_info    0x000000000000c18f      0x8ed ./Drivers/STM32F4xx_HAL_Driver/Src/stm32f4xx_hal_rcc.o
 .debug_info    0x000000000000ca7c      0x956 ./Drivers/STM32F4xx_HAL_Driver/Src/stm32f4xx_hal_rcc_ex.o
 .debug_info    0x000000000000d3d2     0x2948 ./Drivers/STM32F4xx_HAL_Driver/Src/stm32f4xx_hal_tim.o
 .debug_info    0x000000000000fd1a     0x14ae ./Drivers/STM32F4xx_HAL_Driver/Src/stm32f4xx_hal_tim_ex.o
 .debug_info    0x00000000000111c8     0x2fb8 ./Drivers/STM32F4xx_HAL_Driver/Src/stm32f4xx_hal_uart.o
 .debug_info    0x0000000000014180     0x21e1 ./Middlewares/Third_Party/FreeRTOS/Source/CMSIS_RTOS/cmsis_os.o
 .debug_info    0x0000000000016361      0x2af ./Middlewares/Third_Party/FreeRTOS/Source/list.o
 .debug_info    0x0000000000016610     0x239d ./Middlewares/Third_Party/FreeRTOS/Source/tasks.o
 .debug_info    0x00000000000189ad      0x4de ./Middlewares/Third_Party/FreeRTOS/Source/portable/GCC/ARM_CM4F/port.o
 .debug_info    0x0000000000018e8b      0x4d5 ./Middlewares/Third_Party/FreeRTOS/Source/portable/MemMang/heap_4.o

.debug_abbrev   0x0000000000000000     0x4095
 .debug_abbrev  0x0000000000000000      0x3b8 ./Core/Src/APP_UDS_Diag.o
 .debug_abbrev  0x00000000000003b8      0x234 ./Core/Src/CanIf.o
 .debug_abbrev  0x00000000000005ec      0x279 ./Core/Src/CanTp.o
 .debug_abbrev  0x0000000000000865      0x232 ./Core/Src/can.o
 .debug_abbrev  0x0000000000000a97      0x1eb ./Core/Src/freertos.o
 .debug_abbrev  0x0000000000000c82      0x152 ./Core/Src/gpio.o
 .debug_abbrev  0x0000000000000dd4      0x2f7 ./Core/Src/main.o
 .debug_abbrev  0x00000000000010cb      0x119 ./Core/Src/stm32f4xx_hal_msp.o
 .debug_abbrev  0x00000000000011e4      0x1f4 ./Core/Src/stm32f4xx_hal_timebase_tim.o
 .debug_abbrev  0x00000000000013d8      0x1cd ./Core/Src/stm32f4xx_it.o
 .debug_abbrev  0x00000000000015a5      0x11a ./Core/Src/system_stm32f4xx.o
 .debug_abbrev  0x00000000000016bf      0x1f0 ./Core/Src/tim.o
 .debug_abbrev  0x00000000000018af      0x218 ./Core/Src/usart.o
 .debug_abbrev  0x0000000000001ac7       0x12 ./Core/Startup/startup_stm32f446retx.o
 .debug_abbrev  0x0000000000001ad9      0x213 ./Drivers/STM32F4xx_HAL_Driver/Src/stm32f4xx_hal.o
 .debug_abbrev  0x0000000000001cec      0x23b ./Drivers/STM32F4xx_HAL_Driver/Src/stm32f4xx_hal_can.o
 .debug_abbrev  0x0000000000001f27      0x327 ./Drivers/STM32F4xx_HAL_Driver/Src/stm32f4xx_hal_cortex.o
 .debug_abbrev  0x000000000000224e      0x264 ./Drivers/STM32F4xx_HAL_Driver/Src/stm32f4xx_hal_dma.o
 .debug_abbrev  0x00000000000024b2      0x1d4 ./Drivers/STM32F4xx_HAL_Driver/Src/stm32f4xx_hal_gpio.o
 .debug_abbrev  0x0000000000002686      0x2b6 ./Drivers/STM32F4xx_HAL_Driver/Src/stm32f4xx_hal_rcc.o
 .debug_abbrev  0x000000000000293c      0x20a ./Drivers/STM32F4xx_HAL_Driver/Src/stm32f4xx_hal_rcc_ex.o
 .debug_abbrev  0x0000000000002b46      0x271 ./Drivers/STM32F4xx_HAL_Driver/Src/stm32f4xx_hal_tim.o
 .debug_abbrev  0x0000000000002db7      0x27c ./Drivers/STM32F4xx_HAL_Driver/Src/stm32f4xx_hal_tim_ex.o
 .debug_abbrev  0x0000000000003033      0x30e ./Drivers/STM32F4xx_HAL_Driver/Src/stm32f4xx_hal_uart.o
 .debug_abbrev  0x0000000000003341      0x416 ./Middlewares/Third_Party/FreeRTOS/Source/CMSIS_RTOS/cmsis_os.o
 .debug_abbrev  0x0000000000003757       0xf5 ./Middlewares/Third_Party/FreeRTOS/Source/list.o
 .debug_abbrev  0x000000000000384c      0x3d0 ./Middlewares/Third_Party/FreeRTOS/Source/tasks.o
 .debug_abbrev  0x0000000000003c1c      0x25c ./Middlewares/Third_Party/FreeRTOS/Source/portable/GCC/ARM_CM4F/port.o
 .debug_abbrev  0x0000000000003e78      0x21d ./Middlewares/Third_Party/FreeRTOS/Source/portable/MemMang/heap_4.o

.debug_aranges  0x0000000000000000     0x14d8
 .debug_aranges
                0x0000000000000000       0xe0 ./Core/Src/APP_UDS_Diag.o
 .debug_aranges
                0x00000000000000e0       0x38 ./Core/Src/CanIf.o
 .debug_aranges
                0x0000000000000118       0x90 ./Core/Src/CanTp.o
 .debug_aranges
                0x00000000000001a8       0x30 ./Core/Src/can.o
 .debug_aranges
                0x00000000000001d8       0x30 ./Core/Src/freertos.o
 .debug_aranges
                0x0000000000000208       0x20 ./Core/Src/gpio.o
 .debug_aranges
                0x0000000000000228       0x38 ./Core/Src/main.o
 .debug_aranges
                0x0000000000000260       0x20 ./Core/Src/stm32f4xx_hal_msp.o
 .debug_aranges
                0x0000000000000280       0x30 ./Core/Src/stm32f4xx_hal_timebase_tim.o
 .debug_aranges
                0x00000000000002b0       0x70 ./Core/Src/stm32f4xx_it.o
 .debug_aranges
                0x0000000000000320       0x28 ./Core/Src/system_stm32f4xx.o
 .debug_aranges
                0x0000000000000348       0x30 ./Core/Src/tim.o
 .debug_aranges
                0x0000000000000378       0x30 ./Core/Src/usart.o
 .debug_aranges
                0x00000000000003a8       0x28 ./Core/Startup/startup_stm32f446retx.o
 .debug_aranges
                0x00000000000003d0       0xf0 ./Drivers/STM32F4xx_HAL_Driver/Src/stm32f4xx_hal.o
 .debug_aranges
                0x00000000000004c0      0x138 ./Drivers/STM32F4xx_HAL_Driver/Src/stm32f4xx_hal_can.o
 .debug_aranges
                0x00000000000005f8      0x118 ./Drivers/STM32F4xx_HAL_Driver/Src/stm32f4xx_hal_cortex.o
 .debug_aranges
                0x0000000000000710       0x90 ./Drivers/STM32F4xx_HAL_Driver/Src/stm32f4xx_hal_dma.o
 .debug_aranges
                0x00000000000007a0       0x58 ./Drivers/STM32F4xx_HAL_Driver/Src/stm32f4xx_hal_gpio.o
 .debug_aranges
                0x00000000000007f8       0x88 ./Drivers/STM32F4xx_HAL_Driver/Src/stm32f4xx_hal_rcc.o
 .debug_aranges
                0x0000000000000880       0x78 ./Drivers/STM32F4xx_HAL_Driver/Src/stm32f4xx_hal_rcc_ex.o
 .debug_aranges
                0x00000000000008f8      0x3d0 ./Drivers/STM32F4xx_HAL_Driver/Src/stm32f4xx_hal_tim.o
 .debug_aranges
                0x0000000000000cc8      0x168 ./Drivers/STM32F4xx_HAL_Driver/Src/stm32f4xx_hal_tim_ex.o
 .debug_aranges
                0x0000000000000e30      0x200 ./Drivers/STM32F4xx_HAL_Driver/Src/stm32f4xx_hal_uart.o
 .debug_aranges
                0x0000000000001030      0x1d8 ./Middlewares/Third_Party/FreeRTOS/Source/CMSIS_RTOS/cmsis_os.o
 .debug_aranges
                0x0000000000001208       0x40 ./Middlewares/Third_Party/FreeRTOS/Source/list.o
 .debug_aranges
                0x0000000000001248      0x1b8 ./Middlewares/Third_Party/FreeRTOS/Source/tasks.o
 .debug_aranges
                0x0000000000001400       0x80 ./Middlewares/Third_Party/FreeRTOS/Source/portable/GCC/ARM_CM4F/port.o
 .debug_aranges
                0x0000000000001480       0x58 ./Middlewares/Third_Party/FreeRTOS/Source/portable/MemMang/heap_4.o

.debug_rnglists
                0x0000000000000000     0x1015
 .debug_rnglists
                0x0000000000000000       0xad ./Core/Src/APP_UDS_Diag.o
 .debug_rnglists
                0x00000000000000ad       0x26 ./Core/Src/CanIf.o
 .debug_rnglists
                0x00000000000000d3       0x6c ./Core/Src/CanTp.o
 .debug_rnglists
                0x000000000000013f       0x21 ./Core/Src/can.o
 .debug_rnglists
                0x0000000000000160       0x1f ./Core/Src/freertos.o
 .debug_rnglists
                0x000000000000017f       0x14 ./Core/Src/gpio.o
 .debug_rnglists
                0x0000000000000193       0x27 ./Core/Src/main.o
 .debug_rnglists
                0x00000000000001ba       0x13 ./Core/Src/stm32f4xx_hal_msp.o
 .debug_rnglists
                0x00000000000001cd       0x20 ./Core/Src/stm32f4xx_hal_timebase_tim.o
 .debug_rnglists
                0x00000000000001ed       0x4f ./Core/Src/stm32f4xx_it.o
 .debug_rnglists
                0x000000000000023c       0x1a ./Core/Src/system_stm32f4xx.o
 .debug_rnglists
                0x0000000000000256       0x1f ./Core/Src/tim.o
 .debug_rnglists
                0x0000000000000275       0x20 ./Core/Src/usart.o
 .debug_rnglists
                0x0000000000000295       0x19 ./Core/Startup/startup_stm32f446retx.o
 .debug_rnglists
                0x00000000000002ae       0xaf ./Drivers/STM32F4xx_HAL_Driver/Src/stm32f4xx_hal.o
 .debug_rnglists
                0x000000000000035d       0xee ./Drivers/STM32F4xx_HAL_Driver/Src/stm32f4xx_hal_can.o
 .debug_rnglists
                0x000000000000044b       0xce ./Drivers/STM32F4xx_HAL_Driver/Src/stm32f4xx_hal_cortex.o
 .debug_rnglists
                0x0000000000000519       0x70 ./Drivers/STM32F4xx_HAL_Driver/Src/stm32f4xx_hal_dma.o
 .debug_rnglists
                0x0000000000000589       0x3f ./Drivers/STM32F4xx_HAL_Driver/Src/stm32f4xx_hal_gpio.o
 .debug_rnglists
                0x00000000000005c8       0x66 ./Drivers/STM32F4xx_HAL_Driver/Src/stm32f4xx_hal_rcc.o
 .debug_rnglists
                0x000000000000062e       0x5e ./Drivers/STM32F4xx_HAL_Driver/Src/stm32f4xx_hal_rcc_ex.o
 .debug_rnglists
                0x000000000000068c      0x31a ./Drivers/STM32F4xx_HAL_Driver/Src/stm32f4xx_hal_tim.o
 .debug_rnglists
                0x00000000000009a6      0x125 ./Drivers/STM32F4xx_HAL_Driver/Src/stm32f4xx_hal_tim_ex.o
 .debug_rnglists
                0x0000000000000acb      0x1b7 ./Drivers/STM32F4xx_HAL_Driver/Src/stm32f4xx_hal_uart.o
 .debug_rnglists
                0x0000000000000c82      0x16a ./Middlewares/Third_Party/FreeRTOS/Source/CMSIS_RTOS/cmsis_os.o
 .debug_rnglists
                0x0000000000000dec       0x2b ./Middlewares/Third_Party/FreeRTOS/Source/list.o
 .debug_rnglists
                0x0000000000000e17      0x15f ./Middlewares/Third_Party/FreeRTOS/Source/tasks.o
 .debug_rnglists
                0x0000000000000f76       0x5d ./Middlewares/Third_Party/FreeRTOS/Source/portable/GCC/ARM_CM4F/port.o
 .debug_rnglists
                0x0000000000000fd3       0x42 ./Middlewares/Third_Party/FreeRTOS/Source/portable/MemMang/heap_4.o

.debug_macro    0x0000000000000000    0x2531c
 .debug_macro   0x0000000000000000      0x408 ./Core/Src/APP_UDS_Diag.o
 .debug_macro   0x0000000000000408      0xaa8 ./Core/Src/APP_UDS_Diag.o
 .debug_macro   0x0000000000000eb0       0x22 ./Core/Src/APP_UDS_Diag.o
 .debug_macro   0x0000000000000ed2       0x8e ./Core/Src/APP_UDS_Diag.o
 .debug_macro   0x0000000000000f60       0x51 ./Core/Src/APP_UDS_Diag.o
 .debug_macro   0x0000000000000fb1      0x103 ./Core/Src/APP_UDS_Diag.o
 .debug_macro   0x00000000000010b4       0x6a ./Core/Src/APP_UDS_Diag.o
 .debug_macro   0x000000000000111e      0x1df ./Core/Src/APP_UDS_Diag.o
 .debug_macro   0x00000000000012fd      0x2a1 ./Core/Src/APP_UDS_Diag.o
 .debug_macro   0x000000000000159e       0x2e ./Core/Src/APP_UDS_Diag.o
 .debug_macro   0x00000000000015cc       0x28 ./Core/Src/APP_UDS_Diag.o
 .debug_macro   0x00000000000015f4       0x1c ./Core/Src/APP_UDS_Diag.o
 .debug_macro   0x0000000000001610       0x22 ./Core/Src/APP_UDS_Diag.o
 .debug_macro   0x0000000000001632       0xd9 ./Core/Src/APP_UDS_Diag.o
 .debug_macro   0x000000000000170b     0x102d ./Core/Src/APP_UDS_Diag.o
 .debug_macro   0x0000000000002738      0x11f ./Core/Src/APP_UDS_Diag.o
 .debug_macro   0x0000000000002857    0x16749 ./Core/Src/APP_UDS_Diag.o
 .debug_macro   0x0000000000018fa0       0x6d ./Core/Src/APP_UDS_Diag.o
 .debug_macro   0x000000000001900d     0x367e ./Core/Src/APP_UDS_Diag.o
 .debug_macro   0x000000000001c68b      0x174 ./Core/Src/APP_UDS_Diag.o
 .debug_macro   0x000000000001c7ff       0x5c ./Core/Src/APP_UDS_Diag.o
 .debug_macro   0x000000000001c85b      0xc90 ./Core/Src/APP_UDS_Diag.o
 .debug_macro   0x000000000001d4eb      0x9fe ./Core/Src/APP_UDS_Diag.o
 .debug_macro   0x000000000001dee9      0x115 ./Core/Src/APP_UDS_Diag.o
 .debug_macro   0x000000000001dffe      0x1a0 ./Core/Src/APP_UDS_Diag.o
 .debug_macro   0x000000000001e19e       0xa5 ./Core/Src/APP_UDS_Diag.o
 .debug_macro   0x000000000001e243      0x16d ./Core/Src/APP_UDS_Diag.o
 .debug_macro   0x000000000001e3b0      0x287 ./Core/Src/APP_UDS_Diag.o
 .debug_macro   0x000000000001e637       0x5f ./Core/Src/APP_UDS_Diag.o
 .debug_macro   0x000000000001e696      0x236 ./Core/Src/APP_UDS_Diag.o
 .debug_macro   0x000000000001e8cc      0x40f ./Core/Src/APP_UDS_Diag.o
 .debug_macro   0x000000000001ecdb      0x132 ./Core/Src/APP_UDS_Diag.o
 .debug_macro   0x000000000001ee0d      0x29c ./Core/Src/APP_UDS_Diag.o
 .debug_macro   0x000000000001f0a9       0x2e ./Core/Src/APP_UDS_Diag.o