../Core/Src/APP_UDS_Diag.c:25:6:UDS_Init	4	static
../Core/Src/APP_UDS_Diag.c:37:6:UDS_Read_Data_Client	16	static
../Core/Src/APP_UDS_Diag.c:127:6:UDS_Write_Data_Client	16	static
../Core/Src/APP_UDS_Diag.c:222:6:UDS_Control_Session_Default	8	static
../Core/Src/APP_UDS_Diag.c:241:6:UDS_Control_Session_Extended	8	static
../Core/Src/APP_UDS_Diag.c:267:6:UDS_Send_Security_Client	16	static
../Core/Src/APP_UDS_Diag.c:446:6:sendHexArrayAsASCII	56	dynamic
../Core/Src/APP_UDS_Diag.c:468:6:UART_ReceiveAndConvert	128	dynamic
../Core/Src/APP_UDS_Diag.c:502:9:charToHex	16	static
