../Core/Src/CanTp.c:53:6:CanTp_Init	8	static
../Core/Src/CanTp.c:57:6:CanTp_MainFunction	16	static
../Core/Src/CanTp.c:180:16:CanTp_Transmit	16	static
../Core/Src/CanTp.c:187:16:CanTp_RxIndication	16	static
../Core/Src/CanTp.c:194:12:CanTp_GetFrameType	16	static
../Core/Src/CanTp.c:205:6:CanTp_setCallback	16	static
../Core/Src/CanTp.c:212:6:CanTp_encodeSingleFrame	24	static
../Core/Src/CanTp.c:241:6:CanTp_encodeFirstFrame	32	static
../Core/Src/CanTp.c:261:6:CanTp_encodeConsecutiveFrame	24	static
../Core/Src/CanTp.c:281:6:CanTp_encodeFlowControlFrame	24	static
../Core/Src/CanTp.c:303:6:CanTp_decodeSingleFrame	24	static
../Core/Src/CanTp.c:325:6:CanTp_decodeFirstFrame	24	static
../Core/Src/CanTp.c:337:6:CanTp_decodeConsecutiveFrame	24	static
../Core/Src/CanTp.c:349:6:CanTp_decodeFlowControlFrame	24	static
../Core/Src/CanTp.c:391:6:CanTp_ConnectData	24	static
