../Core/Src/main.c:160:5:main	16	static
../Core/Src/main.c:218:6:SystemClock_Config	88	static
../Core/Src/main.c:263:6:HAL_UART_RxCpltCallback	16	static
../Core/Src/main.c:282:6:CAN_TX	32	static
../Core/Src/main.c:310:6:HAL_CAN_RxFifo0MsgPendingCallback	16	static
../Core/Src/main.c:326:6:CANTaskFunction	24	static
../Core/Src/main.c:348:6:CanTp_Init	8	static
../Core/Src/main.c:352:16:CanTp_Transmit	24	static
../Core/Src/main.c:419:16:CanTp_RxIndication	24	static
../Core/Src/main.c:464:12:CanTp_GetFrameType	16	static
../Core/Src/main.c:475:6:CanTp_setCallback	16	static
../Core/Src/main.c:482:6:CanIf_Transmit	16	static
../Core/Src/main.c:486:6:CanIf_setCallback	16	static
../Core/Src/main.c:490:6:CanTp_encodeSingleFrame	24	static
../Core/Src/main.c:518:6:CanTp_encodeFirstFrame	32	static
../Core/Src/main.c:540:6:CanTp_encodeConsecutiveFrame	24	static
../Core/Src/main.c:555:6:CanTp_encodeFlowControlFrame	24	static
../Core/Src/main.c:577:6:CanTp_decodeSingleFrame	24	static
../Core/Src/main.c:597:6:CanTp_decodeFirstFrame	24	static
../Core/Src/main.c:609:6:CanTp_decodeConsecutiveFrame	24	static
../Core/Src/main.c:621:6:CanTp_decodeFlowControlFrame	24	static
../Core/Src/main.c:661:6:CanTp_ConnectData	24	static
../Core/Src/main.c:681:6:HAL_TIM_PeriodElapsedCallback	16	static
../Core/Src/main.c:698:6:Error_Handler	4	static,ignoring_inline_asm
