../Core/Src/main.c:162:5:main	16	static
../Core/Src/main.c:220:6:SystemClock_Config	88	static
../Core/Src/main.c:265:6:HAL_UART_RxCpltCallback	16	static
../Core/Src/main.c:284:6:CAN_TX	32	static
../Core/Src/main.c:312:6:HAL_CAN_RxFifo0MsgPendingCallback	16	static
../Core/Src/main.c:328:6:CANTaskFunction	24	static
../Core/Src/main.c:350:6:CanTp_Init	8	static
../Core/Src/main.c:354:16:CanTp_Transmit	24	static
../Core/Src/main.c:423:16:CanTp_RxIndication	24	static
../Core/Src/main.c:468:12:CanTp_GetFrameType	16	static
../Core/Src/main.c:479:6:CanTp_setCallback	16	static
../Core/Src/main.c:486:6:CanIf_Transmit	16	static
../Core/Src/main.c:490:6:CanIf_setCallback	16	static
../Core/Src/main.c:494:6:CanTp_encodeSingleFrame	24	static
../Core/Src/main.c:522:6:CanTp_encodeFirstFrame	32	static
../Core/Src/main.c:544:6:CanTp_encodeConsecutiveFrame	24	static
../Core/Src/main.c:569:6:CanTp_encodeFlowControlFrame	24	static
../Core/Src/main.c:591:6:CanTp_decodeSingleFrame	24	static
../Core/Src/main.c:611:6:CanTp_decodeFirstFrame	24	static
../Core/Src/main.c:623:6:CanTp_decodeConsecutiveFrame	24	static
../Core/Src/main.c:635:6:CanTp_decodeFlowControlFrame	24	static
../Core/Src/main.c:675:6:CanTp_ConnectData	24	static
../Core/Src/main.c:695:6:HAL_TIM_PeriodElapsedCallback	16	static
../Core/Src/main.c:712:6:Error_Handler	4	static,ignoring_inline_asm
