../Core/Src/main.c:159:5:main	16	static
../Core/Src/main.c:217:6:SystemClock_Config	88	static
../Core/Src/main.c:262:6:HAL_UART_RxCpltCallback	16	static
../Core/Src/main.c:281:6:CAN_TX	32	static
../Core/Src/main.c:309:6:HAL_CAN_RxFifo0MsgPendingCallback	16	static
../Core/Src/main.c:325:6:CANTaskFunction	24	static
../Core/Src/main.c:347:6:CanTp_Init	8	static
../Core/Src/main.c:351:16:CanTp_Transmit	24	static
../Core/Src/main.c:417:16:CanTp_RxIndication	24	static
../Core/Src/main.c:462:12:CanTp_GetFrameType	16	static
../Core/Src/main.c:473:6:CanTp_setCallback	16	static
../Core/Src/main.c:480:6:CanIf_Transmit	16	static
../Core/Src/main.c:484:6:CanIf_setCallback	16	static
../Core/Src/main.c:488:6:CanTp_encodeSingleFrame	24	static
../Core/Src/main.c:516:6:CanTp_encodeFirstFrame	32	static
../Core/Src/main.c:537:6:CanTp_encodeConsecutiveFrame	24	static
../Core/Src/main.c:550:6:CanTp_encodeFlowControlFrame	24	static
../Core/Src/main.c:572:6:CanTp_decodeSingleFrame	24	static
../Core/Src/main.c:592:6:CanTp_decodeFirstFrame	24	static
../Core/Src/main.c:604:6:CanTp_decodeConsecutiveFrame	24	static
../Core/Src/main.c:616:6:CanTp_decodeFlowControlFrame	24	static
../Core/Src/main.c:656:6:CanTp_ConnectData	24	static
../Core/Src/main.c:676:6:HAL_TIM_PeriodElapsedCallback	16	static
../Core/Src/main.c:693:6:Error_Handler	4	static,ignoring_inline_asm
