../Core/Src/main.c:179:5:main	16	static
../Core/Src/main.c:244:6:SystemClock_Config	88	static
../Core/Src/main.c:308:6:delay_ms	24	static,ignoring_inline_asm
../Core/Src/main.c:318:6:PseudoAppCallback	16	static
../Core/Src/main.c:328:6:CanIf_Transmit	48	static
../Core/Src/main.c:355:6:CanIf_Receive	16	static
../Core/Src/main.c:390:6:CanIf_setCallback	16	static
../Core/Src/main.c:397:6:HAL_CAN_RxFifo0MsgPendingCallback	16	static
../Core/Src/main.c:405:6:CanTp_Init	8	static
../Core/Src/main.c:409:6:CanTp_MainFunction	16	static
../Core/Src/main.c:532:16:CanTp_Transmit	16	static
../Core/Src/main.c:539:16:CanTp_RxIndication	16	static
../Core/Src/main.c:546:12:CanTp_GetFrameType	16	static
../Core/Src/main.c:557:6:CanTp_setCallback	16	static
../Core/Src/main.c:564:6:CanTp_encodeSingleFrame	24	static
../Core/Src/main.c:592:6:CanTp_encodeFirstFrame	32	static
../Core/Src/main.c:612:6:CanTp_encodeConsecutiveFrame	24	static
../Core/Src/main.c:632:6:CanTp_encodeFlowControlFrame	24	static
../Core/Src/main.c:654:6:CanTp_decodeSingleFrame	24	static
../Core/Src/main.c:676:6:CanTp_decodeFirstFrame	24	static
../Core/Src/main.c:688:6:CanTp_decodeConsecutiveFrame	24	static
../Core/Src/main.c:700:6:CanTp_decodeFlowControlFrame	24	static
../Core/Src/main.c:742:6:CanTp_ConnectData	24	static
../Core/Src/main.c:762:6:HAL_TIM_PeriodElapsedCallback	16	static
../Core/Src/main.c:779:6:Error_Handler	4	static,ignoring_inline_asm
