../Core/Src/main.c:146:5:main	16	static
../Core/Src/main.c:202:6:SystemClock_Config	88	static
../Core/Src/main.c:247:6:HAL_UART_RxCpltCallback	16	static
../Core/Src/main.c:266:6:CAN_TX	32	static
../Core/Src/main.c:294:6:HAL_CAN_RxFifo0MsgPendingCallback	16	static
../Core/Src/main.c:310:6:CANTaskFunction	24	static
../Core/Src/main.c:332:6:CanTp_Init	4	static
../Core/Src/main.c:337:16:CanTp_Transmit	24	static
../Core/Src/main.c:394:16:CanTp_RxIndication	24	static
../Core/Src/main.c:437:12:CanTp_GetFrameType	16	static
../Core/Src/main.c:443:6:CanTp_setCallback	16	static
../Core/Src/main.c:448:6:CanIf_Transmit	16	static
../Core/Src/main.c:452:6:CanIf_setCallback	16	static
../Core/Src/main.c:456:6:CanTp_encodeSingleFrame	16	static
../Core/Src/main.c:459:6:CanTp_encodeFirstFrame	16	static
../Core/Src/main.c:462:6:CanTp_encodeConsecutiveFrame	16	static
../Core/Src/main.c:465:6:CanTp_encodeFlowControlFrame	16	static
../Core/Src/main.c:469:6:CanTp_decodeSingleFrame	16	static
../Core/Src/main.c:472:6:CanTp_decodeFirstFrame	16	static
../Core/Src/main.c:475:6:CanTp_decodeConsecutiveFrame	16	static
../Core/Src/main.c:478:6:CanTp_decodeFlowControlFrame	16	static
../Core/Src/main.c:493:6:HAL_TIM_PeriodElapsedCallback	16	static
../Core/Src/main.c:510:6:Error_Handler	4	static,ignoring_inline_asm
