../Core/Src/main.c:419:5:main	16	static
../Core/Src/main.c:487:6:SystemClock_Config	88	static
../Core/Src/main.c:558:6:CanIf_Transmit	48	static
../Core/Src/main.c:585:6:CanIf_Receive	16	static
../Core/Src/main.c:620:6:CanIf_setCallback	16	static
../Core/Src/main.c:627:6:HAL_CAN_RxFifo0MsgPendingCallback	16	static
../Core/Src/main.c:635:6:CanTp_Init	8	static
../Core/Src/main.c:639:6:CanTp_MainFunction	16	static
../Core/Src/main.c:762:16:CanTp_Transmit	16	static
../Core/Src/main.c:769:16:CanTp_RxIndication	16	static
../Core/Src/main.c:776:12:CanTp_GetFrameType	16	static
../Core/Src/main.c:787:6:CanTp_setCallback	16	static
../Core/Src/main.c:794:6:CanTp_encodeSingleFrame	24	static
../Core/Src/main.c:822:6:CanTp_encodeFirstFrame	32	static
../Core/Src/main.c:842:6:CanTp_encodeConsecutiveFrame	24	static
../Core/Src/main.c:862:6:CanTp_encodeFlowControlFrame	24	static
../Core/Src/main.c:884:6:CanTp_decodeSingleFrame	24	static
../Core/Src/main.c:906:6:CanTp_decodeFirstFrame	24	static
../Core/Src/main.c:918:6:CanTp_decodeConsecutiveFrame	24	static
../Core/Src/main.c:930:6:CanTp_decodeFlowControlFrame	24	static
../Core/Src/main.c:972:6:CanTp_ConnectData	24	static
../Core/Src/main.c:1157:6:Sec_u32GetSeed	8	static
../Core/Src/main.c:1163:10:Sec_u32GetAlgorithm	4	static
../Core/Src/main.c:1168:10:Sec_u32GetKey	16	static
../Core/Src/main.c:1176:9:Sec_uint32SecurityAccess	32	static
../Core/Src/main.c:1228:6:UDS_Read_Data_Server	4120	static
../Core/Src/main.c:1306:6:UDS_Control_Session_Server	24	static
../Core/Src/main.c:1326:6:server_call_back	24	static
../Core/Src/main.c:1485:9:check_DID	16	static
../Core/Src/main.c:1504:6:UDS_Write_Data_Server	24	static
../Core/Src/main.c:1574:6:UDS_Send_Pos_Res	24	static
../Core/Src/main.c:1604:6:UDS_Send_Neg_Res	4120	static
../Core/Src/main.c:1628:6:HAL_TIM_PeriodElapsedCallback	16	static
../Core/Src/main.c:1645:6:Error_Handler	4	static,ignoring_inline_asm
